Component: ARM Compiler 5.06 update 3 (build 300) Tool: armlink [4d35c9]

==============================================================================

Section Cross References

    main.o(i.main) refers to init.o(i.system_init) for system_init
    main.o(i.main) refers to sys_time.o(i.setTime) for setTime
    main.o(i.main) refers to task.o(i.run_task) for run_task
    main.o(i.main) refers to main.o(.constdata) for .constdata
    task.o(i.ADJ_CallBack) refers to arith.o(i.subTime) for subTime
    task.o(i.ADJ_CallBack) refers to dflti.o(.text) for __aeabi_i2d
    task.o(i.ADJ_CallBack) refers to dadd.o(.text) for __aeabi_dsub
    task.o(i.ADJ_CallBack) refers to dfixi.o(.text) for __aeabi_d2iz
    task.o(i.ADJ_CallBack) refers to servo.o(i.updateClock) for updateClock
    task.o(i.ADJ_CallBack) refers to ptpd.o(.bss) for ptpClock
    task.o(i.ADJ_CallBack) refers to init.o(.bss) for TS_FDS
    task.o(i.ADJ_CallBack) refers to task.o(.data) for .data
    task.o(i.Delay) refers to task.o(.data) for .data
    task.o(i.KEY_CallBack) refers to task.o(i.ptp_msg_hanlde_packed) for ptp_msg_hanlde_packed
    task.o(i.KEY_CallBack) refers to init.o(.bss) for TS_FDS
    task.o(i.LED_CallBack) refers to sys_time.o(i.getTime) for getTime
    task.o(i.LED_CallBack) refers to iwdg.o(i.IWDG_Feed) for IWDG_Feed
    task.o(i.LED_CallBack) refers to printf6.o(i.__0sprintf$6) for __2sprintf
    task.o(i.LED_CallBack) refers to strlen.o(.text) for strlen
    task.o(i.LED_CallBack) refers to usart.o(i.com_send_str) for com_send_str
    task.o(i.LED_CallBack) refers to init.o(.bss) for usart2
    task.o(i.RunStateLock_CallBack) refers to task.o(i.ptp_tod_msg_pack) for ptp_tod_msg_pack
    task.o(i.Time_Update) refers to task.o(.data) for .data
    task.o(i.USART_CallBack) refers to usart.o(i.receive_str_manage) for receive_str_manage
    task.o(i.USART_CallBack) refers to init.o(.bss) for usart1
    task.o(i.ptp_msg_hanlde_packed) refers to memseta.o(.text) for __aeabi_memclr4
    task.o(i.ptp_msg_hanlde_packed) refers to rubidium.o(i.fe5650a_cs_calc) for fe5650a_cs_calc
    task.o(i.ptp_msg_hanlde_packed) refers to usart.o(i.com_send_str) for com_send_str
    task.o(i.ptp_msg_hanlde_packed) refers to protocol.o(.bss) for ptpMonitorl
    task.o(i.ptp_msg_hanlde_packed) refers to init.o(.bss) for usart5
    task.o(i.ptp_tod_msg_pack) refers to memseta.o(.text) for __aeabi_memclr4
    task.o(i.ptp_tod_msg_pack) refers to mktime.o(i.SecToTime) for SecToTime
    task.o(i.ptp_tod_msg_pack) refers to printf6.o(i.__0sprintf$6) for __2sprintf
    task.o(i.ptp_tod_msg_pack) refers to usart.o(i.com_send_str) for com_send_str
    task.o(i.ptp_tod_msg_pack) refers to init.o(.bss) for TS_FDS
    task.o(i.ptp_tod_msg_pack) refers to timer.o(.data) for systime
    task.o(i.run_task) refers to netconf.o(i.LwIP_Periodic_Handle) for LwIP_Periodic_Handle
    task.o(i.run_task) refers to ptpd.o(i.ptpd_Periodic_Handle) for ptpd_Periodic_Handle
    task.o(i.run_task) refers to task.o(.data) for .data
    task.o(.data) refers to task.o(i.RunStateLock_CallBack) for RunStateLock_CallBack
    task.o(.data) refers to task.o(i.USART_CallBack) for USART_CallBack
    task.o(.data) refers to task.o(i.KEY_CallBack) for KEY_CallBack
    task.o(.data) refers to task.o(i.ADJ_CallBack) for ADJ_CallBack
    task.o(.data) refers to task.o(i.LED_CallBack) for LED_CallBack
    task.o(.data) refers to task.o(i.UDBG_CallBack) for UDBG_CallBack
    task.o(.data) refers to task.o(i.DS1302_CallBack) for DS1302_CallBack
    init.o(i.main_com_init) refers to memseta.o(.text) for __aeabi_memclr4
    init.o(i.main_com_init) refers to usart.o(i.com_init) for com_init
    init.o(i.main_com_init) refers to init.o(.bss) for .bss
    init.o(i.main_com_init) refers to init.o(i.uart1_call_back) for uart1_call_back
    init.o(i.main_com_init) refers to init.o(i.uart5_call_back) for uart5_call_back
    init.o(i.main_com_init) refers to init.o(i.uart2_call_back) for uart2_call_back
    init.o(i.system_init) refers to misc.o(i.NVIC_PriorityGroupConfig) for NVIC_PriorityGroupConfig
    init.o(i.system_init) refers to stm32f4x7_eth_bsp.o(i.ETH_BSP_Config) for ETH_BSP_Config
    init.o(i.system_init) refers to led.o(i.LED_Init) for LED_Init
    init.o(i.system_init) refers to stm32_eth.o(i.ETH_SetPTPTargetTime) for ETH_SetPTPTargetTime
    init.o(i.system_init) refers to stm32_eth.o(i.ETH_MACITConfig) for ETH_MACITConfig
    init.o(i.system_init) refers to stm32_eth.o(i.ETH_EnablePTPTimeStampInterruptTrigger) for ETH_EnablePTPTimeStampInterruptTrigger
    init.o(i.system_init) refers to netconf.o(i.LwIP_Init) for LwIP_Init
    init.o(i.system_init) refers to iwdg.o(i.IWDG_Init) for IWDG_Init
    init.o(i.system_init) refers to init.o(i.main_com_init) for main_com_init
    init.o(i.system_init) refers to timer.o(i.PTimer_Init) for PTimer_Init
    init.o(i.system_init) refers to timer.o(i.CTimer_Init) for CTimer_Init
    init.o(i.system_init) refers to ptpd.o(i.PTPd_Init) for PTPd_Init
[...]
    DMA1_Channel6_IRQHandler                 0x0800017f   Thumb Code     0  startup_stm32f107xc.o(.text)
    DMA1_Channel7_IRQHandler                 0x0800017f   Thumb Code     0  startup_stm32f107xc.o(.text)
    DMA2_Channel1_IRQHandler                 0x0800017f   Thumb Code     0  startup_stm32f107xc.o(.text)
    DMA2_Channel2_IRQHandler                 0x0800017f   Thumb Code     0  startup_stm32f107xc.o(.text)
    DMA2_Channel3_IRQHandler                 0x0800017f   Thumb Code     0  startup_stm32f107xc.o(.text)
    DMA2_Channel4_IRQHandler                 0x0800017f   Thumb Code     0  startup_stm32f107xc.o(.text)
    DMA2_Channel5_IRQHandler                 0x0800017f   Thumb Code     0  startup_stm32f107xc.o(.text)
    ETH_WKUP_IRQHandler                      0x0800017f   Thumb Code     0  startup_stm32f107xc.o(.text)
    EXTI0_IRQHandler                         0x0800017f   Thumb Code     0  startup_stm32f107xc.o(.text)
    EXTI15_10_IRQHandler                     0x0800017f   Thumb Code     0  startup_stm32f107xc.o(.text)
    EXTI1_IRQHandler                         0x0800017f   Thumb Code     0  startup_stm32f107xc.o(.text)
    EXTI2_IRQHandler                         0x0800017f   Thumb Code     0  startup_stm32f107xc.o(.text)
    EXTI3_IRQHandler                         0x0800017f   Thumb Code     0  startup_stm32f107xc.o(.text)
    EXTI9_5_IRQHandler                       0x0800017f   Thumb Code     0  startup_stm32f107xc.o(.text)
    FLASH_IRQHandler                         0x0800017f   Thumb Code     0  startup_stm32f107xc.o(.text)
    I2C1_ER_IRQHandler                       0x0800017f   Thumb Code     0  startup_stm32f107xc.o(.text)
    I2C1_EV_IRQHandler                       0x0800017f   Thumb Code     0  startup_stm32f107xc.o(.text)
    I2C2_ER_IRQHandler                       0x0800017f   Thumb Code     0  startup_stm32f107xc.o(.text)
    I2C2_EV_IRQHandler                       0x0800017f   Thumb Code     0  startup_stm32f107xc.o(.text)
    OTG_FS_IRQHandler                        0x0800017f   Thumb Code     0  startup_stm32f107xc.o(.text)
    OTG_FS_WKUP_IRQHandler                   0x0800017f   Thumb Code     0  startup_stm32f107xc.o(.text)
    PVD_IRQHandler                           0x0800017f   Thumb Code     0  startup_stm32f107xc.o(.text)
    RCC_IRQHandler                           0x0800017f   Thumb Code     0  startup_stm32f107xc.o(.text)
    RTC_Alarm_IRQHandler                     0x0800017f   Thumb Code     0  startup_stm32f107xc.o(.text)
    RTC_IRQHandler                           0x0800017f   Thumb Code     0  startup_stm32f107xc.o(.text)
    SPI1_IRQHandler                          0x0800017f   Thumb Code     0  startup_stm32f107xc.o(.text)
    SPI2_IRQHandler                          0x0800017f   Thumb Code     0  startup_stm32f107xc.o(.text)
    SPI3_IRQHandler                          0x0800017f   Thumb Code     0  startup_stm32f107xc.o(.text)
    TAMPER_IRQHandler                        0x0800017f   Thumb Code     0  startup_stm32f107xc.o(.text)
    TIM1_BRK_IRQHandler                      0x0800017f   Thumb Code     0  startup_stm32f107xc.o(.text)
    TIM1_CC_IRQHandler                       0x0800017f   Thumb Code     0  startup_stm32f107xc.o(.text)
    TIM1_TRG_COM_IRQHandler                  0x0800017f   Thumb Code     0  startup_stm32f107xc.o(.text)
    TIM1_UP_IRQHandler                       0x0800017f   Thumb Code     0  startup_stm32f107xc.o(.text)
    TIM2_IRQHandler                          0x0800017f   Thumb Code     0  startup_stm32f107xc.o(.text)
    TIM4_IRQHandler                          0x0800017f   Thumb Code     0  startup_stm32f107xc.o(.text)
    TIM5_IRQHandler                          0x0800017f   Thumb Code     0  startup_stm32f107xc.o(.text)
    TIM6_IRQHandler                          0x0800017f   Thumb Code     0  startup_stm32f107xc.o(.text)
    TIM7_IRQHandler                          0x0800017f   Thumb Code     0  startup_stm32f107xc.o(.text)
    WWDG_IRQHandler                          0x0800017f   Thumb Code     0  startup_stm32f107xc.o(.text)
    __aeabi_uldivmod                         0x08000189   Thumb Code    98  uldiv.o(.text)
    __aeabi_ldivmod                          0x080001eb   Thumb Code    98  ldiv.o(.text)
    rand                                     0x0800024d   Thumb Code    20  rand.o(.text)
    srand                                    0x08000261   Thumb Code     6  rand.o(.text)
    __aeabi_memcpy                           0x08000271   Thumb Code    36  memcpya.o(.text)
    __aeabi_memcpy4                          0x08000271   Thumb Code     0  memcpya.o(.text)
    __aeabi_memcpy8                          0x08000271   Thumb Code     0  memcpya.o(.text)
    __aeabi_memset                           0x08000295   Thumb Code    14  memseta.o(.text)
    __aeabi_memset4                          0x08000295   Thumb Code     0  memseta.o(.text)
    __aeabi_memset8                          0x08000295   Thumb Code     0  memseta.o(.text)
    __aeabi_memclr                           0x080002a3   Thumb Code     4  memseta.o(.text)
    __aeabi_memclr4                          0x080002a3   Thumb Code     0  memseta.o(.text)
    __aeabi_memclr8                          0x080002a3   Thumb Code     0  memseta.o(.text)
    _memset$wrapper                          0x080002a7   Thumb Code    18  memseta.o(.text)
    strstr                                   0x080002b9   Thumb Code    36  strstr.o(.text)
    strlen                                   0x080002dd   Thumb Code    14  strlen.o(.text)
    memcmp                                   0x080002eb   Thumb Code    26  memcmp.o(.text)
    atoi                                     0x08000305   Thumb Code    26  atoi.o(.text)
    __aeabi_dadd                             0x0800031f   Thumb Code   322  dadd.o(.text)
    __aeabi_dsub                             0x08000461   Thumb Code     6  dadd.o(.text)
    __aeabi_drsub                            0x08000467   Thumb Code     6  dadd.o(.text)
    __aeabi_i2d                              0x0800046d   Thumb Code    34  dflti.o(.text)
    __aeabi_d2iz                             0x0800048f   Thumb Code    62  dfixi.o(.text)
    __aeabi_uidiv                            0x080004cd   Thumb Code     0  uidiv.o(.text)
    __aeabi_uidivmod                         0x080004cd   Thumb Code    44  uidiv.o(.text)
    __aeabi_llsl                             0x080004f9   Thumb Code    30  llshl.o(.text)
    _ll_shift_l                              0x080004f9   Thumb Code     0  llshl.o(.text)
    __aeabi_llsr                             0x08000517   Thumb Code    32  llushr.o(.text)
    _ll_ushift_r                             0x08000517   Thumb Code     0  llushr.o(.text)
    __aeabi_lasr                             0x08000537   Thumb Code    36  llsshr.o(.text)
    _ll_sshift_r                             0x08000537   Thumb Code     0  llsshr.o(.text)
    strtol                                   0x0800055b   Thumb Code   112  strtol.o(.text)
    __I$use$fp                               0x080005cb   Thumb Code     0  iusefp.o(.text)
    _double_round                            0x080005cb   Thumb Code    30  depilogue.o(.text)
    _double_epilogue                         0x080005e9   Thumb Code   156  depilogue.o(.text)
    __scatterload                            0x08000685   Thumb Code    28  init.o(.text)
    __scatterload_rt2                        0x08000685   Thumb Code     0  init.o(.text)
    __rt_ctype_table                         0x080006a9   Thumb Code     4  ctype_o.o(.text)
    _strtoul                                 0x080006b1   Thumb Code   158  _strtoul.o(.text)
    _chval                                   0x0800074f   Thumb Code    28  _chval.o(.text)
    __decompress                             0x0800076b   Thumb Code     0  __dczerorl2.o(.text)
    __decompress1                            0x0800076b   Thumb Code    86  __dczerorl2.o(.text)
    BusFault_Handler                         0x08000851   Thumb Code     2  stm32f10x_it.o(i.BusFault_Handler)
    CTimer_Init                              0x08000855   Thumb Code   146  timer.o(i.CTimer_Init)
    DebugMon_Handler                         0x080008f7   Thumb Code     2  stm32f10x_it.o(i.DebugMon_Handler)
    ETH_BSP_Config                           0x080008f9   Thumb Code    76  stm32f4x7_eth_bsp.o(i.ETH_BSP_Config)
    ETH_DMAClearITPendingBit                 0x08000945   Thumb Code     6  stm32_eth.o(i.ETH_DMAClearITPendingBit)
    ETH_DMAITConfig                          0x08000951   Thumb Code    18  stm32_eth.o(i.ETH_DMAITConfig)
    ETH_DMAPTPRxDescChainInit                0x08000969   Thumb Code   100  stm32_eth.o(i.ETH_DMAPTPRxDescChainInit)
    ETH_DMAPTPTxDescChainInit                0x080009d5   Thumb Code    90  stm32_eth.o(i.ETH_DMAPTPTxDescChainInit)
    ETH_DMARxDescReceiveITConfig             0x08000a39   Thumb Code    18  stm32_eth.o(i.ETH_DMARxDescReceiveITConfig)
    ETH_DMATransmissionCmd                   0x08000a4d   Thumb Code    22  stm32_eth.o(i.ETH_DMATransmissionCmd)
    ETH_DMATxDescChecksumInsertionConfig     0x08000a69   Thumb Code     8  stm32_eth.o(i.ETH_DMATxDescChecksumInsertionConfig)
    ETH_DeInit                               0x08000a71   Thumb Code    24  stm32_eth.o(i.ETH_DeInit)
    ETH_EnablePTPTimeStampAddend             0x08000a89   Thumb Code    12  stm32_eth.o(i.ETH_EnablePTPTimeStampAddend)
    ETH_EnablePTPTimeStampInterruptTrigger   0x08000a99   Thumb Code    12  stm32_eth.o(i.ETH_EnablePTPTimeStampInterruptTrigger)
    ETH_FlushTransmitFIFO                    0x08000aa9   Thumb Code    12  stm32_eth.o(i.ETH_FlushTransmitFIFO)
    ETH_GetDMARxDescFrameLength              0x08000bc9   Thumb Code     8  stm32_eth.o(i.ETH_GetDMARxDescFrameLength)
    ETH_GetMACITStatus                       0x08000bd1   Thumb Code    16  stm32_eth.o(i.ETH_GetMACITStatus)
    ETH_GetPTPFlagStatus                     0x08000be5   Thumb Code    16  stm32_eth.o(i.ETH_GetPTPFlagStatus)
    ETH_GetPTPRegister                       0x08000bf9   Thumb Code     6  stm32_eth.o(i.ETH_GetPTPRegister)
    ETH_GetRxPktSize                         0x08000c05   Thumb Code    30  stm32_eth.o(i.ETH_GetRxPktSize)
    ETH_GetSoftwareResetStatus               0x08000c29   Thumb Code    14  stm32_eth.o(i.ETH_GetSoftwareResetStatus)
    ETH_IRQHandler                           0x08000c3d   Thumb Code    84  stm32f10x_it.o(i.ETH_IRQHandler)
    ETH_Init                                 0x08000c95   Thumb Code   474  stm32_eth.o(i.ETH_Init)
    ETH_InitializePTPTimeStamp               0x08000e95   Thumb Code    12  stm32_eth.o(i.ETH_InitializePTPTimeStamp)
    ETH_MACAddressConfig                     0x08000ea5   Thumb Code    22  stm32_eth.o(i.ETH_MACAddressConfig)
    ETH_MACClearITPendingBit                 0x08000ec1   Thumb Code     6  stm32_eth.o(i.ETH_MACClearITPendingBit)
    ETH_MACITConfig                          0x08000f61   Thumb Code    18  stm32_eth.o(i.ETH_MACITConfig)
    ETH_MACReceptionCmd                      0x08000f79   Thumb Code    22  stm32_eth.o(i.ETH_MACReceptionCmd)
    ETH_MACTransmissionCmd                   0x08000f95   Thumb Code    22  stm32_eth.o(i.ETH_MACTransmissionCmd)
    ETH_PTPNanoSecond2SubSecond              0x08000fb1   Thumb Code    16  ethernetif.o(i.ETH_PTPNanoSecond2SubSecond)
    ETH_PTPSubSecond2NanoSecond              0x08001035   Thumb Code    14  ethernetif.o(i.ETH_PTPSubSecond2NanoSecond)
    ETH_PTPTimeStampCmd                      0x08001049   Thumb Code    22  stm32_eth.o(i.ETH_PTPTimeStampCmd)
    ETH_PTPTime_AdjFreq                      0x08001065   Thumb Code    70  ethernetif.o(i.ETH_PTPTime_AdjFreq)
    ETH_PTPTime_GetTime                      0x080010b5   Thumb Code    30  ethernetif.o(i.ETH_PTPTime_GetTime)
    ETH_PTPTime_SetTime                      0x080010d3   Thumb Code    58  ethernetif.o(i.ETH_PTPTime_SetTime)
    ETH_PTPUpdateMethodConfig                0x08001199   Thumb Code    22  stm32_eth.o(i.ETH_PTPUpdateMethodConfig)
    ETH_ReadPHYRegister                      0x080011b5   Thumb Code    78  stm32_eth.o(i.ETH_ReadPHYRegister)
    ETH_SetPTPSubSecondIncrement             0x08001209   Thumb Code     6  stm32_eth.o(i.ETH_SetPTPSubSecondIncrement)
    ETH_SetPTPTargetTime                     0x08001215   Thumb Code    10  stm32_eth.o(i.ETH_SetPTPTargetTime)
    ETH_SetPTPTimeStampAddend                0x08001225   Thumb Code     6  stm32_eth.o(i.ETH_SetPTPTimeStampAddend)
    ETH_SetPTPTimeStampUpdate                0x08001231   Thumb Code    12  stm32_eth.o(i.ETH_SetPTPTimeStampUpdate)
    ETH_SoftwareReset                        0x08001241   Thumb Code    12  stm32_eth.o(i.ETH_SoftwareReset)
    ETH_Start                                0x08001251   Thumb Code    36  stm32_eth.o(i.ETH_Start)
    ETH_StructInit                           0x08001279   Thumb Code   124  stm32_eth.o(i.ETH_StructInit)
    ETH_WritePHYRegister                     0x080012f5   Thumb Code    76  stm32_eth.o(i.ETH_WritePHYRegister)
    ETH_link_callback                        0x08001349   Thumb Code   214  stm32f4x7_eth_bsp.o(i.ETH_link_callback)
    EUI48toEUI64                             0x08001439   Thumb Code    34  bmc.o(i.EUI48toEUI64)
    EXTI4_IRQHandler                         0x0800145b   Thumb Code    30  stm32f10x_it.o(i.EXTI4_IRQHandler)
    EXTI_ClearITPendingBit                   0x08001479   Thumb Code     6  stm32f10x_exti.o(i.EXTI_ClearITPendingBit)
    EXTI_GetITStatus                         0x08001485   Thumb Code    28  stm32f10x_exti.o(i.EXTI_GetITStatus)
    EXTI_Init                                0x080014a5   Thumb Code   108  stm32f10x_exti.o(i.EXTI_Init)
    Eth_Link_EXTIConfig                      0x08001515   Thumb Code    86  stm32f4x7_eth_bsp.o(i.Eth_Link_EXTIConfig)
    Eth_Link_ITHandler                       0x08001571   Thumb Code    56  stm32f4x7_eth_bsp.o(i.Eth_Link_ITHandler)
    Eth_Link_PHYITConfig                     0x080015b1   Thumb Code    54  stm32f4x7_eth_bsp.o(i.Eth_Link_PHYITConfig)
    FLASH_ErasePage                          0x080015e9   Thumb Code    60  stm32f10x_flash.o(i.FLASH_ErasePage)
    FLASH_GetStatus                          0x08001629   Thumb Code    34  stm32f10x_flash.o(i.FLASH_GetStatus)
    FLASH_Lock                               0x08001651   Thumb Code    12  stm32f10x_flash.o(i.FLASH_Lock)
    FLASH_ProgramHalfWord                    0x08001661   Thumb Code    50  stm32f10x_flash.o(i.FLASH_ProgramHalfWord)
    FLASH_Unlock                             0x08001699   Thumb Code    12  stm32f10x_flash.o(i.FLASH_Unlock)
    FLASH_WaitForLastOperation               0x080016b1   Thumb Code    46  stm32f10x_flash.o(i.FLASH_WaitForLastOperation)
    GPIO_ETH_MediaInterfaceConfig            0x080016e1   Thumb Code     8  stm32f10x_gpio.o(i.GPIO_ETH_MediaInterfaceConfig)
    GPIO_EXTILineConfig                      0x080016ed   Thumb Code    34  stm32f10x_gpio.o(i.GPIO_EXTILineConfig)
    GPIO_Init                                0x08001715   Thumb Code   156  stm32f10x_gpio.o(i.GPIO_Init)
    GPIO_PinRemapConfig                      0x080017b1   Thumb Code    66  stm32f10x_gpio.o(i.GPIO_PinRemapConfig)
    GPIO_ResetBits                           0x080017f9   Thumb Code     4  stm32f10x_gpio.o(i.GPIO_ResetBits)
    GPIO_SetBits                             0x080017fd   Thumb Code     4  stm32f10x_gpio.o(i.GPIO_SetBits)
    HardFault_Handler                        0x08001801   Thumb Code     2  stm32f10x_it.o(i.HardFault_Handler)
    IWDG_Enable                              0x08001805   Thumb Code    10  stm32f10x_iwdg.o(i.IWDG_Enable)
    IWDG_Feed                                0x08001815   Thumb Code     4  iwdg.o(i.IWDG_Feed)
    IWDG_Init                                0x08001819   Thumb Code    38  iwdg.o(i.IWDG_Init)
    IWDG_ReloadCounter                       0x08001841   Thumb Code    10  stm32f10x_iwdg.o(i.IWDG_ReloadCounter)
    IWDG_SetPrescaler                        0x08001851   Thumb Code     6  stm32f10x_iwdg.o(i.IWDG_SetPrescaler)
    IWDG_SetReload                           0x0800185d   Thumb Code     6  stm32f10x_iwdg.o(i.IWDG_SetReload)
    IWDG_WriteAccessCmd                      0x08001869   Thumb Code     6  stm32f10x_iwdg.o(i.IWDG_WriteAccessCmd)
    LED_Init                                 0x080018c9   Thumb Code    50  led.o(i.LED_Init)
    LwIP_Init                                0x08001901   Thumb Code   144  netconf.o(i.LwIP_Init)
    LwIP_Periodic_Handle                     0x080019b5   Thumb Code    32  netconf.o(i.LwIP_Periodic_Handle)
    LwIP_Pkt_Handle                          0x080019d9   Thumb Code     6  netconf.o(i.LwIP_Pkt_Handle)
    MemManage_Handler                        0x080019e5   Thumb Code     2  stm32f10x_it.o(i.MemManage_Handler)
    NMEA_Comma_Pos                           0x080019e7   Thumb Code    42  bds.o(i.NMEA_Comma_Pos)
    NMEA_Pow                                 0x08001a11   Thumb Code    16  bds.o(i.NMEA_Pow)
    NMEA_Str2num                             0x08001a21   Thumb Code   192  bds.o(i.NMEA_Str2num)
    NMI_Handler                              0x08001ae1   Thumb Code     2  stm32f10x_it.o(i.NMI_Handler)
    NVIC_Init                                0x08001ae5   Thumb Code    94  misc.o(i.NVIC_Init)
    NVIC_PriorityGroupConfig                 0x08001b49   Thumb Code    10  misc.o(i.NVIC_PriorityGroupConfig)
    PTPd_Init                                0x08001b7d   Thumb Code    88  ptpd.o(i.PTPd_Init)
    PTimer_Init                              0x08001bd9   Thumb Code   230  timer.o(i.PTimer_Init)
    PendSV_Handler                           0x08001cd9   Thumb Code     2  stm32f10x_it.o(i.PendSV_Handler)
    RCC_AHBPeriphClockCmd                    0x08001cdd   Thumb Code    18  stm32f10x_rcc.o(i.RCC_AHBPeriphClockCmd)
    RCC_AHBPeriphResetCmd                    0x08001cf5   Thumb Code    18  stm32f10x_rcc.o(i.RCC_AHBPeriphResetCmd)
    RCC_APB1PeriphClockCmd                   0x08001d0d   Thumb Code    18  stm32f10x_rcc.o(i.RCC_APB1PeriphClockCmd)
    RCC_APB2PeriphClockCmd                   0x08001d25   Thumb Code    18  stm32f10x_rcc.o(i.RCC_APB2PeriphClockCmd)
    RCC_GetClocksFreq                        0x08001d3d   Thumb Code   180  stm32f10x_rcc.o(i.RCC_GetClocksFreq)
    RCC_GetFlagStatus                        0x08001e05   Thumb Code    42  stm32f10x_rcc.o(i.RCC_GetFlagStatus)
    RCC_MCOConfig                            0x08001e35   Thumb Code     6  stm32f10x_rcc.o(i.RCC_MCOConfig)
    RCC_PLL3Cmd                              0x08001e41   Thumb Code     6  stm32f10x_rcc.o(i.RCC_PLL3Cmd)
    RCC_PLL3Config                           0x08001e4d   Thumb Code    14  stm32f10x_rcc.o(i.RCC_PLL3Config)
    STMFLASH_Read                            0x08001e65   Thumb Code    24  stmflash.o(i.STMFLASH_Read)
    STMFLASH_Write                           0x08001e7d   Thumb Code   186  stmflash.o(i.STMFLASH_Write)
    STMFLASH_Write_NoCheck                   0x08001f3d   Thumb Code    38  stmflash.o(i.STMFLASH_Write_NoCheck)
    SVC_Handler                              0x08001f63   Thumb Code     2  stm32f10x_it.o(i.SVC_Handler)
    SecToTime                                0x08001f65   Thumb Code   302  mktime.o(i.SecToTime)
    Set_MAC_Address                          0x08002165   Thumb Code    34  ethernetif.o(i.Set_MAC_Address)
    SysTick_Handler                          0x0800218d   Thumb Code     4  stm32f10x_it.o(i.SysTick_Handler)
    SystemInit                               0x08002191   Thumb Code    64  system_stm32f10x.o(i.SystemInit)
    TIM3_IRQHandler                          0x08002241   Thumb Code    62  timer.o(i.TIM3_IRQHandler)
    TIM_ClearITPendingBit                    0x08002295   Thumb Code     6  stm32f10x_tim.o(i.TIM_ClearITPendingBit)
    TIM_Cmd                                  0x0800229b   Thumb Code    22  stm32f10x_tim.o(i.TIM_Cmd)
    TIM_GetITStatus                          0x08002351   Thumb Code    24  stm32f10x_tim.o(i.TIM_GetITStatus)
    TIM_ICInit                               0x08002369   Thumb Code   172  stm32f10x_tim.o(i.TIM_ICInit)
    TIM_ITConfig                             0x08002415   Thumb Code    16  stm32f10x_tim.o(i.TIM_ITConfig)
    TIM_OC1FastConfig                        0x08002425   Thumb Code    12  stm32f10x_tim.o(i.TIM_OC1FastConfig)
    TIM_OC1Init                              0x08002431   Thumb Code    88  stm32f10x_tim.o(i.TIM_OC1Init)
    TIM_SelectInputTrigger                   0x08002491   Thumb Code    12  stm32f10x_tim.o(i.TIM_SelectInputTrigger)
    TIM_SelectOnePulseMode                   0x0800249d   Thumb Code    18  stm32f10x_tim.o(i.TIM_SelectOnePulseMode)
    TIM_SelectSlaveMode                      0x080024af   Thumb Code    16  stm32f10x_tim.o(i.TIM_SelectSlaveMode)
    TIM_SetIC1Prescaler                      0x080024bf   Thumb Code    16  stm32f10x_tim.o(i.TIM_SetIC1Prescaler)
    TIM_SetIC2Prescaler                      0x080024cf   Thumb Code    24  stm32f10x_tim.o(i.TIM_SetIC2Prescaler)
    TIM_SetIC3Prescaler                      0x080024e7   Thumb Code    16  stm32f10x_tim.o(i.TIM_SetIC3Prescaler)
    TIM_SetIC4Prescaler                      0x080024f7   Thumb Code    24  stm32f10x_tim.o(i.TIM_SetIC4Prescaler)
    TIM_TimeBaseInit                         0x08002511   Thumb Code    50  stm32f10x_tim.o(i.TIM_TimeBaseInit)
    TOD_Analysis                             0x0800254d   Thumb Code   152  bds.o(i.TOD_Analysis)
    Time_Update                              0x080025ed   Thumb Code    10  task.o(i.Time_Update)
    UART4_IRQHandler                         0x080025fd   Thumb Code    56  usart.o(i.UART4_IRQHandler)
    UART5_IRQHandler                         0x0800263d   Thumb Code    56  usart.o(i.UART5_IRQHandler)
    USART1_IRQHandler                        0x08002681   Thumb Code    56  usart.o(i.USART1_IRQHandler)
    USART2_IRQHandler                        0x080026c1   Thumb Code    56  usart.o(i.USART2_IRQHandler)
    USART3_IRQHandler                        0x08002701   Thumb Code    56  usart.o(i.USART3_IRQHandler)
    USART_Cmd                                0x08002771   Thumb Code    20  stm32f10x_usart.o(i.USART_Cmd)
    USART_GetFlagStatus                      0x08002785   Thumb Code    14  stm32f10x_usart.o(i.USART_GetFlagStatus)
    USART_GetITStatus                        0x08002793   Thumb Code    62  stm32f10x_usart.o(i.USART_GetITStatus)
    USART_ITConfig                           0x080027d1   Thumb Code    48  stm32f10x_usart.o(i.USART_ITConfig)
    USART_Init                               0x08002801   Thumb Code   134  stm32f10x_usart.o(i.USART_Init)
    USART_ReceiveData                        0x0800288d   Thumb Code     8  stm32f10x_usart.o(i.USART_ReceiveData)
    USART_SendData                           0x08002895   Thumb Code     8  stm32f10x_usart.o(i.USART_SendData)
    UsageFault_Handler                       0x0800289d   Thumb Code     2  stm32f10x_it.o(i.UsageFault_Handler)
    __0sprintf$6                             0x080028a1   Thumb Code    34  printf6.o(i.__0sprintf$6)
    __1sprintf$6                             0x080028a1   Thumb Code     0  printf6.o(i.__0sprintf$6)
    __2sprintf                               0x080028a1   Thumb Code     0  printf6.o(i.__0sprintf$6)
    __aeabi_errno_addr                       0x080028c9   Thumb Code     4  errno.o(i.__aeabi_errno_addr)
    __rt_errno_addr                          0x080028c9   Thumb Code     0  errno.o(i.__aeabi_errno_addr)
    __scatterload_copy                       0x080028d1   Thumb Code    14  handlers.o(i.__scatterload_copy)
    __scatterload_null                       0x080028df   Thumb Code     2  handlers.o(i.__scatterload_null)
    __scatterload_zeroinit                   0x080028e1   Thumb Code    14  handlers.o(i.__scatterload_zeroinit)
    addForeign                               0x08002c3d   Thumb Code   276  bmc.o(i.addForeign)
    addTime                                  0x08002d51   Thumb Code    24  arith.o(i.addTime)
    adjFreq                                  0x08002d69   Thumb Code    26  sys_time.o(i.adjFreq)
    bmc                                      0x08002d83   Thumb Code   124  bmc.o(i.bmc)
    bmcDataSetComparison                     0x08002dff   Thumb Code   198  bmc.o(i.bmcDataSetComparison)
    bmcStateDecision                         0x08002ec5   Thumb Code    98  bmc.o(i.bmcStateDecision)
    catchAlarm                               0x080030ed   Thumb Code    10  timer_1.o(i.catchAlarm)
    cmd_handle_usart1                        0x080030fd   Thumb Code    98  cmd_handle.o(i.cmd_handle_usart1)
    cmd_handle_usart2                        0x08003171   Thumb Code    30  cmd_handle.o(i.cmd_handle_usart2)
    cmd_handle_usart5                        0x08003195   Thumb Code  1414  cmd_handle.o(i.cmd_handle_usart5)
    com_init                                 0x0800373d   Thumb Code    74  usart.o(i.com_init)
    com_send_str                             0x0800378d   Thumb Code   316  usart.o(i.com_send_str)
    copyD0                                   0x080038e1   Thumb Code    50  bmc.o(i.copyD0)
    div2Time                                 0x08003915   Thumb Code    42  arith.o(i.div2Time)
    doState                                  0x08003945   Thumb Code   596  protocol.o(i.doState)
    etharp_arp_input                         0x08003b9d   Thumb Code   202  etharp.o(i.etharp_arp_input)
    etharp_ip_input                          0x08003c67   Thumb Code    40  etharp.o(i.etharp_ip_input)
    etharp_output                            0x08003c91   Thumb Code   178  etharp.o(i.etharp_output)
    etharp_query                             0x08003d49   Thumb Code   256  etharp.o(i.etharp_query)
    etharp_request                           0x08003eed   Thumb Code    32  etharp.o(i.etharp_request)
    etharp_tmr                               0x08003f49   Thumb Code    78  etharp.o(i.etharp_tmr)
    ethernet_input                           0x08003f9d   Thumb Code    84  etharp.o(i.ethernet_input)
    ethernetif_init                          0x08003ff1   Thumb Code    66  ethernetif.o(i.ethernetif_init)
    ethernetif_input                         0x0800403d   Thumb Code    38  ethernetif.o(i.ethernetif_input)
    fe5650a_cs_calc                          0x08004063   Thumb Code    22  rubidium.o(i.fe5650a_cs_calc)
    floorLog2                                0x0800423d   Thumb Code    54  arith.o(i.floorLog2)
    fromInternalTime                         0x08004291   Thumb Code    24  arith.o(i.fromInternalTime)
    getRand                                  0x080042a9   Thumb Code    18  sys_time.o(i.getRand)
    getTime                                  0x080042bb   Thumb Code    20  sys_time.o(i.getTime)
    htonl                                    0x080049a5   Thumb Code     4  inet.o(i.htonl)
    htons                                    0x080049a9   Thumb Code     4  inet.o(i.htons)
    icmp_dest_unreach                        0x080049ad   Thumb Code     8  icmp.o(i.icmp_dest_unreach)
    icmp_input                               0x080049b5   Thumb Code   226  icmp.o(i.icmp_input)
    icmp_time_exceeded                       0x08004afd   Thumb Code     8  icmp.o(i.icmp_time_exceeded)
    igmp_delaying_member                     0x08004b05   Thumb Code    26  igmp.o(i.igmp_delaying_member)
    igmp_input                               0x08004b21   Thumb Code   184  igmp.o(i.igmp_input)
    igmp_ip_output_if                        0x08004bdd   Thumb Code    66  igmp.o(i.igmp_ip_output_if)
    igmp_joingroup                           0x08004c21   Thumb Code   146  igmp.o(i.igmp_joingroup)
    igmp_leavegroup                          0x08004cbd   Thumb Code   144  igmp.o(i.igmp_leavegroup)
    igmp_lookfor_group                       0x08004d55   Thumb Code    30  igmp.o(i.igmp_lookfor_group)
    igmp_lookup_group                        0x08004d79   Thumb Code    56  igmp.o(i.igmp_lookup_group)
    igmp_remove_group                        0x08004db5   Thumb Code    54  igmp.o(i.igmp_remove_group)
    igmp_report_groups                       0x08004df1   Thumb Code    32  igmp.o(i.igmp_report_groups)
    igmp_send                                0x08004e15   Thumb Code   142  igmp.o(i.igmp_send)
    igmp_start                               0x08004ea9   Thumb Code    44  igmp.o(i.igmp_start)
    inet_aton                                0x08004ed9   Thumb Code   238  inet.o(i.inet_aton)
    inet_chksum                              0x08004fc7   Thumb Code    12  inet_chksum.o(i.inet_chksum)
    inet_chksum_pbuf                         0x08004fd3   Thumb Code    72  inet_chksum.o(i.inet_chksum_pbuf)
    initClock                                0x0800501b   Thumb Code   114  servo.o(i.initClock)
    initData                                 0x0800508d   Thumb Code   180  bmc.o(i.initData)
    initTimer                                0x08005141   Thumb Code     8  timer_1.o(i.initTimer)
    ip_addr_isbroadcast                      0x0800514d   Thumb Code    48  ip_addr.o(i.ip_addr_isbroadcast)
    ip_frag                                  0x0800517d   Thumb Code   298  ip_frag.o(i.ip_frag)
    ip_input                                 0x080052ad   Thumb Code   414  ip.o(i.ip_input)
    ip_output                                0x08005455   Thumb Code    52  ip.o(i.ip_output)
    ip_output_if                             0x08005489   Thumb Code    30  ip.o(i.ip_output_if)
    ip_output_if_opt                         0x080054a9   Thumb Code   262  ip.o(i.ip_output_if_opt)
    ip_reass                                 0x080055b5   Thumb Code   428  ip_frag.o(i.ip_reass)
    ip_route                                 0x0800595d   Thumb Code    62  ip.o(i.ip_route)
    isSamePortIdentity                       0x080059a5   Thumb Code    30  bmc.o(i.isSamePortIdentity)
    m1                                       0x08005d81   Thumb Code   102  bmc.o(i.m1)
    main                                     0x08005de9   Thumb Code    28  main.o(i.main)
    mem_free                                 0x08005e99   Thumb Code    40  mem.o(i.mem_free)
    mem_init                                 0x08005ec5   Thumb Code    44  mem.o(i.mem_init)
    mem_malloc                               0x08005ef9   Thumb Code   162  mem.o(i.mem_malloc)
    mem_realloc                              0x08005fa1   Thumb Code   190  mem.o(i.mem_realloc)
    memp_free                                0x08006065   Thumb Code    18  memp.o(i.memp_free)
    memp_init                                0x0800607d   Thumb Code    78  memp.o(i.memp_init)
    memp_malloc                              0x080060d5   Thumb Code    28  memp.o(i.memp_malloc)
    mktime                                   0x080060f5   Thumb Code    90  timer.o(i.mktime)
    msgPackAnnounce                          0x08006155   Thumb Code   134  msg.o(i.msgPackAnnounce)
    msgPackDelayReq                          0x080061db   Thumb Code    82  msg.o(i.msgPackDelayReq)
    msgPackDelayResp                         0x0800622d   Thumb Code   120  msg.o(i.msgPackDelayResp)
    msgPackFollowUp                          0x080062a5   Thumb Code    82  msg.o(i.msgPackFollowUp)
    msgPackHeader                            0x080062f7   Thumb Code    58  msg.o(i.msgPackHeader)
    msgPackManagement                        0x08006331   Thumb Code    74  msg.o(i.msgPackManagement)
    msgPackPDelayReq                         0x0800637b   Thumb Code    88  msg.o(i.msgPackPDelayReq)
    msgPackPDelayResp                        0x080063d3   Thumb Code    96  msg.o(i.msgPackPDelayResp)
    msgPackPDelayRespFollowUp                0x08006433   Thumb Code   106  msg.o(i.msgPackPDelayRespFollowUp)
    msgPackSync                              0x0800649d   Thumb Code    78  msg.o(i.msgPackSync)
    msgUnpackAnnounce                        0x080064eb   Thumb Code    98  msg.o(i.msgUnpackAnnounce)
    msgUnpackDelayResp                       0x0800654d   Thumb Code    48  msg.o(i.msgUnpackDelayResp)
    msgUnpackFollowUp                        0x0800657d   Thumb Code    32  msg.o(i.msgUnpackFollowUp)
    msgUnpackHeader                          0x0800659d   Thumb Code   128  msg.o(i.msgUnpackHeader)
    msgUnpackManagement                      0x0800661d   Thumb Code    40  msg.o(i.msgUnpackManagement)
    msgUnpackPDelayResp                      0x08006645   Thumb Code    48  msg.o(i.msgUnpackPDelayResp)
    msgUnpackPDelayRespFollowUp              0x08006675   Thumb Code    48  msg.o(i.msgUnpackPDelayRespFollowUp)
    msgUnpackSync                            0x080066a5   Thumb Code    32  msg.o(i.msgUnpackSync)
    my_strstr                                0x080066c5   Thumb Code    46  bds.o(i.my_strstr)
    mystrncpy                                0x080066f3   Thumb Code    18  usart.o(i.mystrncpy)
    netEmptyEventQ                           0x08006705   Thumb Code    30  net.o(i.netEmptyEventQ)
    netInit                                  0x08006725   Thumb Code   218  net.o(i.netInit)
    netRecvEvent                             0x080068e1   Thumb Code    20  net.o(i.netRecvEvent)
    netRecvGeneral                           0x08006911   Thumb Code    20  net.o(i.netRecvGeneral)
    netSelect                                0x08006941   Thumb Code    28  net.o(i.netSelect)
    netSendEvent                             0x080069a5   Thumb Code    26  net.o(i.netSendEvent)
    netSendGeneral                           0x080069bf   Thumb Code    24  net.o(i.netSendGeneral)
    netSendPeerEvent                         0x080069d7   Thumb Code    26  net.o(i.netSendPeerEvent)
    netSendPeerGeneral                       0x080069f1   Thumb Code    24  net.o(i.netSendPeerGeneral)
    netShutdown                              0x08006a09   Thumb Code    58  net.o(i.netShutdown)
    netif_add                                0x08006a49   Thumb Code    86  netif.o(i.netif_add)
    netif_is_link_up                         0x08006aa5   Thumb Code    10  netif.o(i.netif_is_link_up)
    netif_is_up                              0x08006aaf   Thumb Code    10  netif.o(i.netif_is_up)
    netif_set_addr                           0x08006ab9   Thumb Code    28  netif.o(i.netif_set_addr)
    netif_set_default                        0x08006ad5   Thumb Code     6  netif.o(i.netif_set_default)
    netif_set_down                           0x08006ae1   Thumb Code    26  netif.o(i.netif_set_down)
    netif_set_gw                             0x08006afb   Thumb Code     8  netif.o(i.netif_set_gw)
    netif_set_ipaddr                         0x08006b03   Thumb Code     8  netif.o(i.netif_set_ipaddr)
    netif_set_link_callback                  0x08006b0b   Thumb Code     8  netif.o(i.netif_set_link_callback)
    netif_set_link_down                      0x08006b13   Thumb Code    22  netif.o(i.netif_set_link_down)
    netif_set_link_up                        0x08006b29   Thumb Code    58  netif.o(i.netif_set_link_up)
    netif_set_netmask                        0x08006b63   Thumb Code     8  netif.o(i.netif_set_netmask)
    netif_set_up                             0x08006b6b   Thumb Code    50  netif.o(i.netif_set_up)
    normalizeTime                            0x08006b9d   Thumb Code    68  arith.o(i.normalizeTime)
    ntohl                                    0x08006be9   Thumb Code     4  inet.o(i.ntohl)
    ntohs                                    0x08006bed   Thumb Code     4  inet.o(i.ntohs)
    pbuf_alloc                               0x08006c01   Thumb Code   268  pbuf.o(i.pbuf_alloc)
    pbuf_cat                                 0x08006d0d   Thumb Code    40  pbuf.o(i.pbuf_cat)
    pbuf_chain                               0x08006d35   Thumb Code    18  pbuf.o(i.pbuf_chain)
    pbuf_clen                                0x08006d47   Thumb Code    18  pbuf.o(i.pbuf_clen)
    pbuf_copy                                0x08006d59   Thumb Code   144  pbuf.o(i.pbuf_copy)
    pbuf_copy_partial                        0x08006de9   Thumb Code   104  pbuf.o(i.pbuf_copy_partial)
    pbuf_free                                0x08006e51   Thumb Code    68  pbuf.o(i.pbuf_free)
    pbuf_header                              0x08006e95   Thumb Code    96  pbuf.o(i.pbuf_header)
    pbuf_realloc                             0x08006ef5   Thumb Code    78  pbuf.o(i.pbuf_realloc)
    pbuf_ref                                 0x08006f43   Thumb Code    12  pbuf.o(i.pbuf_ref)
    pbuf_take                                0x08006f4f   Thumb Code    78  pbuf.o(i.pbuf_take)
    ptpdStartup                              0x080071c1   Thumb Code    48  startup.o(i.ptpdStartup)
    ptpd_Periodic_Handle                     0x080071f1   Thumb Code    40  ptpd.o(i.ptpd_Periodic_Handle)
    raw_input                                0x08007225   Thumb Code   100  raw.o(i.raw_input)
    receive_str_manage                       0x0800728d   Thumb Code   362  usart.o(i.receive_str_manage)
    run_task                                 0x080073fd   Thumb Code    70  task.o(i.run_task)
    s1                                       0x08007449   Thumb Code   192  bmc.o(i.s1)
    scaledNanosecondsToInternalTime          0x08007509   Thumb Code    62  arith.o(i.scaledNanosecondsToInternalTime)
    setTime                                  0x0800754d   Thumb Code    18  sys_time.o(i.setTime)
    subTime                                  0x0800755f   Thumb Code    24  arith.o(i.subTime)
    system_init                              0x08007579   Thumb Code   114  init.o(i.system_init)
    timerExpired                             0x08007601   Thumb Code    40  timer_1.o(i.timerExpired)
    timerStart                               0x08007629   Thumb Code    26  timer_1.o(i.timerStart)
    timerStop                                0x08007643   Thumb Code    16  timer_1.o(i.timerStop)
    timerUpdate                              0x08007655   Thumb Code    56  timer_1.o(i.timerUpdate)
    toInternalTime                           0x08007691   Thumb Code    18  arith.o(i.toInternalTime)
    toState                                  0x080076a3   Thumb Code   610  protocol.o(i.toState)
    udp_bind                                 0x080079a9   Thumb Code    86  udp.o(i.udp_bind)
    udp_disconnect                           0x08007a05   Thumb Code    20  udp.o(i.udp_disconnect)
    udp_input                                0x08007a1d   Thumb Code   350  udp.o(i.udp_input)
    udp_new                                  0x08007b81   Thumb Code    26  udp.o(i.udp_new)
    udp_recv                                 0x08007b9b   Thumb Code     6  udp.o(i.udp_recv)
    udp_remove                               0x08007ba1   Thumb Code    40  udp.o(i.udp_remove)
    udp_sendto                               0x08007bcd   Thumb Code    76  udp.o(i.udp_sendto)
    udp_sendto_if                            0x08007c19   Thumb Code   184  udp.o(i.udp_sendto_if)
    updateClock                              0x08007cd1   Thumb Code   170  servo.o(i.updateClock)
    updateDelay                              0x08007d85   Thumb Code    86  servo.o(i.updateDelay)
    updateOffset                             0x08007ddd   Thumb Code   158  servo.o(i.updateOffset)
    updatePeerDelay                          0x08007e81   Thumb Code   110  servo.o(i.updatePeerDelay)
    ethbroadcast                             0x080083c0   Data           6  etharp.o(.constdata)
    ethzero                                  0x080083c6   Data           6  etharp.o(.constdata)
    ip_addr_any                              0x080083cc   Data           4  ip_addr.o(.constdata)
    __ctype_table                            0x080083d0   Data         129  ctype_o.o(.constdata)
    Region$$Table$$Base                      0x08008458   Number         0  anon$$obj.o(Region$$Table)
    Region$$Table$$Limit                     0x08008478   Number         0  anon$$obj.o(Region$$Table)
    LocalTime                                0x20000000   Data           4  task.o(.data)
    timingdelay                              0x20000004   Data           4  task.o(.data)
    g_SYSTIME                                0x20000008   Data           8  task.o(.data)
    g_PTPTIME                                0x20000010   Data           8  task.o(.data)
    g_OFFSET                                 0x20000018   Data           8  task.o(.data)
    List                                     0x20000020   Data          84  task.o(.data)
    ETH_State                                0x20000074   Data           4  stm32f4x7_eth_bsp.o(.data)
    EthStatus                                0x20000078   Data           4  stm32f4x7_eth_bsp.o(.data)
    netif_ip_addr1                           0x200000ac   Data           1  cmd_handle.o(.data)
    netif_ip_addr2                           0x200000ad   Data           1  cmd_handle.o(.data)
    netif_ip_addr3                           0x200000ae   Data           1  cmd_handle.o(.data)
    netif_ip_addr4                           0x200000af   Data           1  cmd_handle.o(.data)
    netif_ip_gw1                             0x200000b0   Data           1  cmd_handle.o(.data)
    netif_ip_gw2                             0x200000b1   Data           1  cmd_handle.o(.data)
    netif_ip_gw3                             0x200000b2   Data           1  cmd_handle.o(.data)
    netif_ip_gw4                             0x200000b3   Data           1  cmd_handle.o(.data)
    netif_ip_netmask1                        0x200000b4   Data           1  cmd_handle.o(.data)
    netif_ip_netmask2                        0x200000b5   Data           1  cmd_handle.o(.data)
    netif_ip_netmask3                        0x200000b6   Data           1  cmd_handle.o(.data)
    netif_ip_netmask4                        0x200000b7   Data           1  cmd_handle.o(.data)
    cmd_state                                0x200000b8   Data           7  cmd_handle.o(.data)
    ARPTimer                                 0x200000c0   Data           4  netconf.o(.data)
    systime                                  0x200000c4   Data           4  timer.o(.data)
    MACaddr                                  0x200000ce   Data           6  ethernetif.o(.data)
    netif_list                               0x200000e8   Data           4  netif.o(.data)
    netif_default                            0x200000ec   Data           4  netif.o(.data)
    udp_pcbs                                 0x200000f4   Data           4  udp.o(.data)
    elapsed_ms                               0x20000124   Data           4  timer_1.o(.data)
    DMATxDescToSet                           0x2000013c   Data           4  stm32_eth.o(.data)
    DMARxDescToGet                           0x20000140   Data           4  stm32_eth.o(.data)
    DMAPTPTxDescToSet                        0x20000144   Data           4  stm32_eth.o(.data)
    DMAPTPRxDescToGet                        0x20000148   Data           4  stm32_eth.o(.data)
    usart1                                   0x20000154   Data        1040  init.o(.bss)
    usart5                                   0x20000564   Data        1040  init.o(.bss)
    usart2                                   0x20000974   Data        1040  init.o(.bss)
    TS_FDS                                   0x20000d84   Data          34  init.o(.bss)
    ETH_InitStructure                        0x20000da8   Data         188  stm32f4x7_eth_bsp.o(.bss)
    STMFLASH_BUF                             0x20001464   Data        2048  stmflash.o(.bss)
    netif                                    0x20001c64   Data          56  netconf.o(.bss)
    DMARxDscrTab                             0x20001c9c   Data          80  ethernetif.o(.bss)
    DMATxDscrTab                             0x20001cec   Data          80  ethernetif.o(.bss)
    Rx_Buff                                  0x20001d3c   Data        7600  ethernetif.o(.bss)
    Tx_Buff                                  0x20003aec   Data        7600  ethernetif.o(.bss)
    DMAPTPRxDscrTab                          0x2000589c   Data          80  ethernetif.o(.bss)
    DMAPTPTxDscrTab                          0x200058ec   Data          80  ethernetif.o(.bss)
    ptpMonitorl                              0x2000a5a0   Data         256  protocol.o(.bss)
    rtOpts                                   0x2000a6a0   Data          64  ptpd.o(.bss)
    ptpClock                                 0x2000a6e0   Data        1184  ptpd.o(.bss)
    ptpForeignRecords                        0x2000ab80   Data         440  ptpd.o(.bss)
    __initial_sp                             0x2000bd38   Data           0  startup_stm32f107xc.o(STACK)



==============================================================================

Memory Map of the image

  Image Entry point : 0x08000151

  Load Region LR_IROM1 (Base: 0x08000000, Size: 0x000085cc, Max: 0x00040000, ABSOLUTE, COMPRESSED[0x000084c4])

    Execution Region ER_IROM1 (Base: 0x08000000, Size: 0x00008478, Max: 0x00040000, ABSOLUTE)

    Base Addr    Size         Type   Attr      Idx    E Section Name        Object

    0x08000000   0x00000150   Data   RO          576    RESET               startup_stm32f107xc.o
    0x08000150   0x00000000   Code   RO         5884  * .ARM.Collect$$$$00000000  mc_w.l(entry.o)
    0x08000150   0x00000004   Code   RO         6193    .ARM.Collect$$$$00000001  mc_w.l(entry2.o)
    0x08000154   0x00000004   Code   RO         6196    .ARM.Collect$$$$00000004  mc_w.l(entry5.o)
    0x08000158   0x00000000   Code   RO         6198    .ARM.Collect$$$$00000008  mc_w.l(entry7b.o)
    0x08000158   0x00000000   Code   RO         6200    .ARM.Collect$$$$0000000A  mc_w.l(entry8b.o)
    0x08000158   0x00000008   Code   RO         6201    .ARM.Collect$$$$0000000B  mc_w.l(entry9a.o)
    0x08000160   0x00000000   Code   RO         6203    .ARM.Collect$$$$0000000D  mc_w.l(entry10a.o)
    0x08000160   0x00000000   Code   RO         6205    .ARM.Collect$$$$0000000F  mc_w.l(entry11a.o)
    0x08000160   0x00000004   Code   RO         6194    .ARM.Collect$$$$00002712  mc_w.l(entry2.o)
    0x08000164   0x00000024   Code   RO          577    .text               startup_stm32f107xc.o
    0x08000188   0x00000062   Code   RO         5887    .text               mc_w.l(uldiv.o)
    0x080001ea   0x00000062   Code   RO         5889    .text               mc_w.l(ldiv.o)
    0x0800024c   0x00000024   Code   RO         5891    .text               mc_w.l(rand.o)
    0x08000270   0x00000024   Code   RO         5894    .text               mc_w.l(memcpya.o)
    0x08000294   0x00000024   Code   RO         5896    .text               mc_w.l(memseta.o)
    0x080002b8   0x00000024   Code   RO         5898    .text               mc_w.l(strstr.o)
    0x080002dc   0x0000000e   Code   RO         5900    .text               mc_w.l(strlen.o)
    0x080002ea   0x0000001a   Code   RO         5902    .text               mc_w.l(memcmp.o)
    0x08000304   0x0000001a   Code   RO         6167    .text               mc_w.l(atoi.o)
    0x0800031e   0x0000014e   Code   RO         6169    .text               mf_w.l(dadd.o)
    0x0800046c   0x00000022   Code   RO         6177    .text               mf_w.l(dflti.o)
    0x0800048e   0x0000003e   Code   RO         6181    .text               mf_w.l(dfixi.o)
    0x080004cc   0x0000002c   Code   RO         6207    .text               mc_w.l(uidiv.o)
    0x080004f8   0x0000001e   Code   RO         6209    .text               mc_w.l(llshl.o)
    0x08000516   0x00000020   Code   RO         6211    .text               mc_w.l(llushr.o)
    0x08000536   0x00000024   Code   RO         6213    .text               mc_w.l(llsshr.o)
    0x0800055a   0x00000070   Code   RO         6222    .text               mc_w.l(strtol.o)
    0x080005ca   0x00000000   Code   RO         6224    .text               mc_w.l(iusefp.o)
    0x080005ca   0x000000ba   Code   RO         6225    .text               mf_w.l(depilogue.o)
    0x08000684   0x00000024   Code   RO         6227    .text               mc_w.l(init.o)
    0x080006a8   0x00000008   Code   RO         6229    .text               mc_w.l(ctype_o.o)
    0x080006b0   0x0000009e   Code   RO         6257    .text               mc_w.l(_strtoul.o)
    0x0800074e   0x0000001c   Code   RO         6259    .text               mc_w.l(_chval.o)
    0x0800076a   0x00000056   Code   RO         6269    .text               mc_w.l(__dczerorl2.o)
    0x080007c0   0x00000090   Code   RO          244    i.ADJ_CallBack      task.o
    0x08000850   0x00000002   Code   RO          362    i.BusFault_Handler  stm32f10x_it.o
    0x08000852   0x00000002   PAD
    0x08000854   0x000000a0   Code   RO         1091    i.CTimer_Init       timer.o
    0x080008f4   0x00000002   Code   RO          245    i.DS1302_CallBack   task.o
    0x080008f6   0x00000002   Code   RO          363    i.DebugMon_Handler  stm32f10x_it.o
    0x080008f8   0x0000004c   Code   RO          593    i.ETH_BSP_Config    stm32f4x7_eth_bsp.o
    0x08000944   0x0000000c   Code   RO         5239    i.ETH_DMAClearITPendingBit  stm32_eth.o
    0x08000950   0x00000018   Code   RO         5240    i.ETH_DMAITConfig   stm32_eth.o
    0x08000968   0x0000006c   Code   RO         5241    i.ETH_DMAPTPRxDescChainInit  stm32_eth.o
    0x080009d4   0x00000064   Code   RO         5242    i.ETH_DMAPTPTxDescChainInit  stm32_eth.o
    0x08000a38   0x00000012   Code   RO         5246    i.ETH_DMARxDescReceiveITConfig  stm32_eth.o
    0x08000a4a   0x00000002   PAD
    0x08000a4c   0x0000001c   Code   RO         5249    i.ETH_DMATransmissionCmd  stm32_eth.o
    0x08000a68   0x00000008   Code   RO         5253    i.ETH_DMATxDescChecksumInsertionConfig  stm32_eth.o
    0x08000a70   0x00000018   Code   RO         5261    i.ETH_DeInit        stm32_eth.o
    0x08000a88   0x00000010   Code   RO         5264    i.ETH_EnablePTPTimeStampAddend  stm32_eth.o
    0x08000a98   0x00000010   Code   RO         5265    i.ETH_EnablePTPTimeStampInterruptTrigger  stm32_eth.o
    0x08000aa8   0x00000010   Code   RO         5267    i.ETH_FlushTransmitFIFO  stm32_eth.o
    0x08000ab8   0x00000110   Code   RO          594    i.ETH_GPIO_Config   stm32f4x7_eth_bsp.o
    0x08000bc8   0x00000008   Code   RO         5278    i.ETH_GetDMARxDescFrameLength  stm32_eth.o
    0x08000bd0   0x00000014   Code   RO         5285    i.ETH_GetMACITStatus  stm32_eth.o
    0x08000be4   0x00000014   Code   RO         5289    i.ETH_GetPTPFlagStatus  stm32_eth.o
    0x08000bf8   0x0000000c   Code   RO         5290    i.ETH_GetPTPRegister  stm32_eth.o
    0x08000c04   0x00000024   Code   RO         5293    i.ETH_GetRxPktSize  stm32_eth.o
    0x08000c28   0x00000014   Code   RO         5294    i.ETH_GetSoftwareResetStatus  stm32_eth.o
    0x08000c3c   0x00000058   Code   RO          364    i.ETH_IRQHandler    stm32f10x_it.o
    0x08000c94   0x00000200   Code   RO         5301    i.ETH_Init          stm32_eth.o
    0x08000e94   0x00000010   Code   RO         5302    i.ETH_InitializePTPTimeStamp  stm32_eth.o
    0x08000ea4   0x0000001c   Code   RO         5304    i.ETH_MACAddressConfig  stm32_eth.o
    0x08000ec0   0x0000000c   Code   RO         5308    i.ETH_MACClearITPendingBit  stm32_eth.o
    0x08000ecc   0x00000094   Code   RO          595    i.ETH_MACDMA_Config  stm32f4x7_eth_bsp.o
    0x08000f60   0x00000018   Code   RO         5309    i.ETH_MACITConfig   stm32_eth.o
    0x08000f78   0x0000001c   Code   RO         5310    i.ETH_MACReceptionCmd  stm32_eth.o
    0x08000f94   0x0000001c   Code   RO         5311    i.ETH_MACTransmissionCmd  stm32_eth.o
    0x08000fb0   0x00000014   Code   RO         1220    i.ETH_PTPNanoSecond2SubSecond  ethernetif.o
    0x08000fc4   0x00000070   Code   RO         1221    i.ETH_PTPRxPkt_ChainMode  ethernetif.o
    0x08001034   0x00000014   Code   RO         1222    i.ETH_PTPSubSecond2NanoSecond  ethernetif.o
    0x08001048   0x0000001c   Code   RO         5319    i.ETH_PTPTimeStampCmd  stm32_eth.o
    0x08001064   0x00000050   Code   RO         1223    i.ETH_PTPTime_AdjFreq  ethernetif.o
    0x080010b4   0x0000001e   Code   RO         1224    i.ETH_PTPTime_GetTime  ethernetif.o
    0x080010d2   0x0000003a   Code   RO         1225    i.ETH_PTPTime_SetTime  ethernetif.o
    0x0800110c   0x0000008c   Code   RO         1227    i.ETH_PTPTxPkt_ChainMode  ethernetif.o
    0x08001198   0x0000001c   Code   RO         5320    i.ETH_PTPUpdateMethodConfig  stm32_eth.o
    0x080011b4   0x00000054   Code   RO         5322    i.ETH_ReadPHYRegister  stm32_eth.o
    0x08001208   0x0000000c   Code   RO         5328    i.ETH_SetPTPSubSecondIncrement  stm32_eth.o
    0x08001214   0x00000010   Code   RO         5329    i.ETH_SetPTPTargetTime  stm32_eth.o
    0x08001224   0x0000000c   Code   RO         5330    i.ETH_SetPTPTimeStampAddend  stm32_eth.o
    0x08001230   0x00000010   Code   RO         5331    i.ETH_SetPTPTimeStampUpdate  stm32_eth.o
    0x08001240   0x00000010   Code   RO         5333    i.ETH_SoftwareReset  stm32_eth.o
    0x08001250   0x00000028   Code   RO         5334    i.ETH_Start         stm32_eth.o
    0x08001278   0x0000007c   Code   RO         5335    i.ETH_StructInit    stm32_eth.o
    0x080012f4   0x00000054   Code   RO         5337    i.ETH_WritePHYRegister  stm32_eth.o
    0x08001348   0x000000f0   Code   RO          596    i.ETH_link_callback  stm32f4x7_eth_bsp.o
    0x08001438   0x00000022   Code   RO         2555    i.EUI48toEUI64      bmc.o
    0x0800145a   0x0000001e   Code   RO          365    i.EXTI4_IRQHandler  stm32f10x_it.o
    0x08001478   0x0000000c   Code   RO         3390    i.EXTI_ClearITPendingBit  stm32f10x_exti.o
    0x08001484   0x00000020   Code   RO         3394    i.EXTI_GetITStatus  stm32f10x_exti.o
    0x080014a4   0x00000070   Code   RO         3395    i.EXTI_Init         stm32f10x_exti.o
    0x08001514   0x0000005c   Code   RO          597    i.Eth_Link_EXTIConfig  stm32f4x7_eth_bsp.o
    0x08001570   0x00000040   Code   RO          598    i.Eth_Link_ITHandler  stm32f4x7_eth_bsp.o
    0x080015b0   0x00000036   Code   RO          599    i.Eth_Link_PHYITConfig  stm32f4x7_eth_bsp.o
    0x080015e6   0x00000002   PAD
    0x080015e8   0x00000040   Code   RO         3447    i.FLASH_ErasePage   stm32f10x_flash.o
    0x08001628   0x00000028   Code   RO         3451    i.FLASH_GetStatus   stm32f10x_flash.o
    0x08001650   0x00000010   Code   RO         3456    i.FLASH_Lock        stm32f10x_flash.o
    0x08001660   0x00000038   Code   RO         3458    i.FLASH_ProgramHalfWord  stm32f10x_flash.o
    0x08001698   0x00000018   Code   RO         3463    i.FLASH_Unlock      stm32f10x_flash.o
    0x080016b0   0x0000002e   Code   RO         3465    i.FLASH_WaitForLastOperation  stm32f10x_flash.o
    0x080016de   0x00000002   PAD
    0x080016e0   0x0000000c   Code   RO         3589    i.GPIO_ETH_MediaInterfaceConfig  stm32f10x_gpio.o
    0x080016ec   0x00000028   Code   RO         3590    i.GPIO_EXTILineConfig  stm32f10x_gpio.o
    0x08001714   0x0000009c   Code   RO         3593    i.GPIO_Init         stm32f10x_gpio.o
    0x080017b0   0x00000048   Code   RO         3595    i.GPIO_PinRemapConfig  stm32f10x_gpio.o
    0x080017f8   0x00000004   Code   RO         3600    i.GPIO_ResetBits    stm32f10x_gpio.o
    0x080017fc   0x00000004   Code   RO         3601    i.GPIO_SetBits      stm32f10x_gpio.o
    0x08001800   0x00000002   Code   RO          366    i.HardFault_Handler  stm32f10x_it.o
    0x08001802   0x00000002   PAD
    0x08001804   0x00000010   Code   RO         3701    i.IWDG_Enable       stm32f10x_iwdg.o
    0x08001814   0x00000004   Code   RO          844    i.IWDG_Feed         iwdg.o
    0x08001818   0x00000026   Code   RO          845    i.IWDG_Init         iwdg.o
    0x0800183e   0x00000002   PAD
    0x08001840   0x00000010   Code   RO         3703    i.IWDG_ReloadCounter  stm32f10x_iwdg.o
    0x08001850   0x0000000c   Code   RO         3704    i.IWDG_SetPrescaler  stm32f10x_iwdg.o
    0x0800185c   0x0000000c   Code   RO         3705    i.IWDG_SetReload    stm32f10x_iwdg.o
    0x08001868   0x0000000c   Code   RO         3706    i.IWDG_WriteAccessCmd  stm32f10x_iwdg.o
    0x08001874   0x00000014   Code   RO          247    i.KEY_CallBack      task.o
    0x08001888   0x00000040   Code   RO          248    i.LED_CallBack      task.o
    0x080018c8   0x00000038   Code   RO          581    i.LED_Init          led.o
    0x08001900   0x000000b4   Code   RO         1018    i.LwIP_Init         netconf.o
    0x080019b4   0x00000024   Code   RO         1019    i.LwIP_Periodic_Handle  netconf.o
    0x080019d8   0x0000000c   Code   RO         1020    i.LwIP_Pkt_Handle   netconf.o
    0x080019e4   0x00000002   Code   RO          367    i.MemManage_Handler  stm32f10x_it.o
    0x080019e6   0x0000002a   Code   RO          865    i.NMEA_Comma_Pos    bds.o
    0x08001a10   0x00000010   Code   RO          873    i.NMEA_Pow          bds.o
    0x08001a20   0x000000c0   Code   RO          874    i.NMEA_Str2num      bds.o
    0x08001ae0   0x00000002   Code   RO          368    i.NMI_Handler       stm32f10x_it.o
    0x08001ae2   0x00000002   PAD
    0x08001ae4   0x00000064   Code   RO         5848    i.NVIC_Init         misc.o
    0x08001b48   0x00000014   Code   RO         5849    i.NVIC_PriorityGroupConfig  misc.o
    0x08001b5c   0x00000020   Code   RO          600    i.NVIC_SetPriority  stm32f4x7_eth_bsp.o
    0x08001b7c   0x0000005c   Code   RO         2708    i.PTPd_Init         ptpd.o
    0x08001bd8   0x00000100   Code   RO         1092    i.PTimer_Init       timer.o
    0x08001cd8   0x00000002   Code   RO          369    i.PendSV_Handler    stm32f10x_it.o
    0x08001cda   0x00000002   PAD
    0x08001cdc   0x00000018   Code   RO         3804    i.RCC_AHBPeriphClockCmd  stm32f10x_rcc.o
    0x08001cf4   0x00000018   Code   RO         3805    i.RCC_AHBPeriphResetCmd  stm32f10x_rcc.o
    0x08001d0c   0x00000018   Code   RO         3806    i.RCC_APB1PeriphClockCmd  stm32f10x_rcc.o
    0x08001d24   0x00000018   Code   RO         3808    i.RCC_APB2PeriphClockCmd  stm32f10x_rcc.o
    0x08001d3c   0x000000c8   Code   RO         3816    i.RCC_GetClocksFreq  stm32f10x_rcc.o
    0x08001e04   0x00000030   Code   RO         3817    i.RCC_GetFlagStatus  stm32f10x_rcc.o
    0x08001e34   0x0000000c   Code   RO         3828    i.RCC_MCOConfig     stm32f10x_rcc.o
    0x08001e40   0x0000000c   Code   RO         3834    i.RCC_PLL3Cmd       stm32f10x_rcc.o
    0x08001e4c   0x00000014   Code   RO         3835    i.RCC_PLL3Config    stm32f10x_rcc.o
    0x08001e60   0x00000004   Code   RO          249    i.RunStateLock_CallBack  task.o
    0x08001e64   0x00000018   Code   RO          981    i.STMFLASH_Read     stmflash.o
    0x08001e7c   0x000000c0   Code   RO          983    i.STMFLASH_Write    stmflash.o
    0x08001f3c   0x00000026   Code   RO          984    i.STMFLASH_Write_NoCheck  stmflash.o
    0x08001f62   0x00000002   Code   RO          370    i.SVC_Handler       stm32f10x_it.o
    0x08001f64   0x0000012e   Code   RO         1140    i.SecToTime         mktime.o
    0x08002092   0x00000002   PAD
    0x08002094   0x000000d0   Code   RO          547    i.SetSysClockTo72   system_stm32f10x.o
    0x08002164   0x00000028   Code   RO         1228    i.Set_MAC_Address   ethernetif.o
    0x0800218c   0x00000004   Code   RO          371    i.SysTick_Handler   stm32f10x_it.o
    0x08002190   0x0000004c   Code   RO          548    i.SystemInit        system_stm32f10x.o
    0x080021dc   0x0000002e   Code   RO         4479    i.TI1_Config        stm32f10x_tim.o
    0x0800220a   0x00000036   Code   RO         4480    i.TI2_Config        stm32f10x_tim.o
    0x08002240   0x00000054   Code   RO         1093    i.TIM3_IRQHandler   timer.o
    0x08002294   0x00000006   Code   RO         4488    i.TIM_ClearITPendingBit  stm32f10x_tim.o
    0x0800229a   0x00000016   Code   RO         4493    i.TIM_Cmd           stm32f10x_tim.o
    0x080022b0   0x000000a0   Code   RO          601    i.TIM_Configuration  stm32f4x7_eth_bsp.o
    0x08002350   0x00000018   Code   RO         4514    i.TIM_GetITStatus   stm32f10x_tim.o
    0x08002368   0x000000ac   Code   RO         4516    i.TIM_ICInit        stm32f10x_tim.o
    0x08002414   0x00000010   Code   RO         4518    i.TIM_ITConfig      stm32f10x_tim.o
    0x08002424   0x0000000c   Code   RO         4521    i.TIM_OC1FastConfig  stm32f10x_tim.o
    0x08002430   0x00000060   Code   RO         4522    i.TIM_OC1Init       stm32f10x_tim.o
    0x08002490   0x0000000c   Code   RO         4546    i.TIM_SelectInputTrigger  stm32f10x_tim.o
    0x0800249c   0x00000012   Code   RO         4549    i.TIM_SelectOnePulseMode  stm32f10x_tim.o
    0x080024ae   0x00000010   Code   RO         4551    i.TIM_SelectSlaveMode  stm32f10x_tim.o
    0x080024be   0x00000010   Code   RO         4559    i.TIM_SetIC1Prescaler  stm32f10x_tim.o
    0x080024ce   0x00000018   Code   RO         4560    i.TIM_SetIC2Prescaler  stm32f10x_tim.o
    0x080024e6   0x00000010   Code   RO         4561    i.TIM_SetIC3Prescaler  stm32f10x_tim.o
    0x080024f6   0x00000018   Code   RO         4562    i.TIM_SetIC4Prescaler  stm32f10x_tim.o
    0x0800250e   0x00000002   PAD
    0x08002510   0x0000003c   Code   RO         4564    i.TIM_TimeBaseInit  stm32f10x_tim.o
    0x0800254c   0x000000a0   Code   RO          875    i.TOD_Analysis      bds.o
    0x080025ec   0x00000010   Code   RO          250    i.Time_Update       task.o
    0x080025fc   0x00000040   Code   RO          657    i.UART4_IRQHandler  usart.o
    0x0800263c   0x00000040   Code   RO          658    i.UART5_IRQHandler  usart.o
    0x0800267c   0x00000002   Code   RO          251    i.UDBG_CallBack     task.o
    0x0800267e   0x00000002   PAD
    0x08002680   0x00000040   Code   RO          659    i.USART1_IRQHandler  usart.o
    0x080026c0   0x00000040   Code   RO          660    i.USART2_IRQHandler  usart.o
    0x08002700   0x00000040   Code   RO          661    i.USART3_IRQHandler  usart.o
    0x08002740   0x00000030   Code   RO          252    i.USART_CallBack    task.o
    0x08002770   0x00000014   Code   RO         5016    i.USART_Cmd         stm32f10x_usart.o
    0x08002784   0x0000000e   Code   RO         5019    i.USART_GetFlagStatus  stm32f10x_usart.o
    0x08002792   0x0000003e   Code   RO         5020    i.USART_GetITStatus  stm32f10x_usart.o
    0x080027d0   0x00000030   Code   RO         5022    i.USART_ITConfig    stm32f10x_usart.o
    0x08002800   0x0000008c   Code   RO         5023    i.USART_Init        stm32f10x_usart.o
    0x0800288c   0x00000008   Code   RO         5028    i.USART_ReceiveData  stm32f10x_usart.o
    0x08002894   0x00000008   Code   RO         5031    i.USART_SendData    stm32f10x_usart.o
    0x0800289c   0x00000002   Code   RO          372    i.UsageFault_Handler  stm32f10x_it.o
    0x0800289e   0x00000002   PAD
    0x080028a0   0x00000028   Code   RO         6063    i.__0sprintf$6      mc_w.l(printf6.o)
    0x080028c8   0x00000008   Code   RO         6215    i.__aeabi_errno_addr  mc_w.l(errno.o)
    0x080028d0   0x0000000e   Code   RO         6263    i.__scatterload_copy  mc_w.l(handlers.o)
    0x080028de   0x00000002   Code   RO         6264    i.__scatterload_null  mc_w.l(handlers.o)
    0x080028e0   0x0000000e   Code   RO         6265    i.__scatterload_zeroinit  mc_w.l(handlers.o)
    0x080028ee   0x00000002   PAD
    0x080028f0   0x000002f0   Code   RO         6068    i._printf_core      mc_w.l(printf6.o)
    0x08002be0   0x00000024   Code   RO         6069    i._printf_post_padding  mc_w.l(printf6.o)
    0x08002c04   0x0000002e   Code   RO         6070    i._printf_pre_padding  mc_w.l(printf6.o)
    0x08002c32   0x0000000a   Code   RO         6072    i._sputc            mc_w.l(printf6.o)
    0x08002c3c   0x00000114   Code   RO         2556    i.addForeign        bmc.o
    0x08002d50   0x00000018   Code   RO         2491    i.addTime           arith.o
    0x08002d68   0x0000001a   Code   RO         3049    i.adjFreq           sys_time.o
    0x08002d82   0x0000007c   Code   RO         2557    i.bmc               bmc.o
    0x08002dfe   0x000000c6   Code   RO         2558    i.bmcDataSetComparison  bmc.o
    0x08002ec4   0x00000062   Code   RO         2559    i.bmcStateDecision  bmc.o
    0x08002f26   0x00000002   PAD
    0x08002f28   0x000001c4   Code   RO         1142    i.calc_date_time    mktime.o
    0x080030ec   0x00000010   Code   RO         3085    i.catchAlarm        timer_1.o
    0x080030fc   0x00000074   Code   RO          789    i.cmd_handle_usart1  cmd_handle.o
    0x08003170   0x00000024   Code   RO          790    i.cmd_handle_usart2  cmd_handle.o
    0x08003194   0x000005a8   Code   RO          791    i.cmd_handle_usart5  cmd_handle.o
    0x0800373c   0x00000050   Code   RO          664    i.com_init          usart.o
    0x0800378c   0x00000154   Code   RO          667    i.com_send_str      usart.o
    0x080038e0   0x00000032   Code   RO         2560    i.copyD0            bmc.o
    0x08003912   0x00000002   PAD
    0x08003914   0x00000030   Code   RO         2492    i.div2Time          arith.o
    0x08003944   0x00000258   Code   RO         2625    i.doState           protocol.o
    0x08003b9c   0x000000ca   Code   RO         1885    i.etharp_arp_input  etharp.o
    0x08003c66   0x00000028   Code   RO         1887    i.etharp_ip_input   etharp.o
    0x08003c8e   0x00000002   PAD
    0x08003c90   0x000000b8   Code   RO         1888    i.etharp_output     etharp.o
    0x08003d48   0x00000104   Code   RO         1889    i.etharp_query      etharp.o
    0x08003e4c   0x0000009e   Code   RO         1890    i.etharp_raw        etharp.o
    0x08003eea   0x00000002   PAD
    0x08003eec   0x00000024   Code   RO         1891    i.etharp_request    etharp.o
    0x08003f10   0x00000036   Code   RO         1892    i.etharp_send_ip    etharp.o
    0x08003f46   0x00000002   PAD
    0x08003f48   0x00000054   Code   RO         1893    i.etharp_tmr        etharp.o
    0x08003f9c   0x00000054   Code   RO         1894    i.ethernet_input    etharp.o
    0x08003ff0   0x0000004c   Code   RO         1229    i.ethernetif_init   ethernetif.o
    0x0800403c   0x00000026   Code   RO         1230    i.ethernetif_input  ethernetif.o
    0x08004062   0x00000016   Code   RO         2443    i.fe5650a_cs_calc   rubidium.o
    0x08004078   0x00000086   Code   RO         2982    i.filter            servo.o
    0x080040fe   0x00000002   PAD
    0x08004100   0x0000013c   Code   RO         1895    i.find_entry        etharp.o
    0x0800423c   0x00000036   Code   RO         2493    i.floorLog2         arith.o
    0x08004272   0x0000001e   Code   RO         1896    i.free_etharp_q     etharp.o
    0x08004290   0x00000018   Code   RO         2494    i.fromInternalTime  arith.o
    0x080042a8   0x00000012   Code   RO         3050    i.getRand           sys_time.o
    0x080042ba   0x00000014   Code   RO         3051    i.getTime           sys_time.o
    0x080042ce   0x00000154   Code   RO         2626    i.handle            protocol.o
    0x08004422   0x000000e2   Code   RO         2627    i.handleAnnounce    protocol.o
    0x08004504   0x0000006a   Code   RO         2628    i.handleDelayReq    protocol.o
    0x0800456e   0x000000a2   Code   RO         2629    i.handleDelayResp   protocol.o
    0x08004610   0x000000a4   Code   RO         2630    i.handleFollowUp    protocol.o
    0x080046b4   0x000000ce   Code   RO         2631    i.handlePDelayReq   protocol.o
    0x08004782   0x000000d8   Code   RO         2632    i.handlePDelayResp  protocol.o
    0x0800485a   0x00000096   Code   RO         2633    i.handlePDelayRespFollowUp  protocol.o
    0x080048f0   0x000000b4   Code   RO         2634    i.handleSync        protocol.o
    0x080049a4   0x00000004   Code   RO         2113    i.htonl             inet.o
    0x080049a8   0x00000004   Code   RO         2114    i.htons             inet.o
    0x080049ac   0x00000008   Code   RO         1977    i.icmp_dest_unreach  icmp.o
    0x080049b4   0x000000e2   Code   RO         1978    i.icmp_input        icmp.o
    0x08004a96   0x00000066   Code   RO         1979    i.icmp_send_response  icmp.o
    0x08004afc   0x00000008   Code   RO         1980    i.icmp_time_exceeded  icmp.o
    0x08004b04   0x0000001a   Code   RO         2006    i.igmp_delaying_member  igmp.o
    0x08004b1e   0x00000002   PAD
    0x08004b20   0x000000bc   Code   RO         2008    i.igmp_input        igmp.o
    0x08004bdc   0x00000042   Code   RO         2009    i.igmp_ip_output_if  igmp.o
    0x08004c1e   0x00000002   PAD
    0x08004c20   0x0000009c   Code   RO         2010    i.igmp_joingroup    igmp.o
    0x08004cbc   0x00000098   Code   RO         2011    i.igmp_leavegroup   igmp.o
    0x08004d54   0x00000024   Code   RO         2012    i.igmp_lookfor_group  igmp.o
    0x08004d78   0x0000003c   Code   RO         2013    i.igmp_lookup_group  igmp.o
    0x08004db4   0x0000003c   Code   RO         2014    i.igmp_remove_group  igmp.o
    0x08004df0   0x00000024   Code   RO         2015    i.igmp_report_groups  igmp.o
    0x08004e14   0x00000094   Code   RO         2016    i.igmp_send         igmp.o
    0x08004ea8   0x00000030   Code   RO         2017    i.igmp_start        igmp.o
    0x08004ed8   0x000000ee   Code   RO         2116    i.inet_aton         inet.o
    0x08004fc6   0x0000000c   Code   RO         2161    i.inet_chksum       inet_chksum.o
    0x08004fd2   0x00000048   Code   RO         2162    i.inet_chksum_pbuf  inet_chksum.o
    0x0800501a   0x00000072   Code   RO         2983    i.initClock         servo.o
    0x0800508c   0x000000b4   Code   RO         2561    i.initData          bmc.o
    0x08005140   0x0000000c   Code   RO         3086    i.initTimer         timer_1.o
    0x0800514c   0x00000030   Code   RO         2247    i.ip_addr_isbroadcast  ip_addr.o
    0x0800517c   0x00000130   Code   RO         2270    i.ip_frag           ip_frag.o
    0x080052ac   0x000001a8   Code   RO         2199    i.ip_input          ip.o
    0x08005454   0x00000034   Code   RO         2200    i.ip_output         ip.o
    0x08005488   0x0000001e   Code   RO         2201    i.ip_output_if      ip.o
    0x080054a6   0x00000002   PAD
    0x080054a8   0x0000010c   Code   RO         2202    i.ip_output_if_opt  ip.o
    0x080055b4   0x000001b0   Code   RO         2271    i.ip_reass          ip_frag.o
    0x08005764   0x000000f0   Code   RO         2272    i.ip_reass_chain_frag_into_datagram_and_validate  ip_frag.o
    0x08005854   0x00000024   Code   RO         2273    i.ip_reass_dequeue_datagram  ip_frag.o
    0x08005878   0x00000070   Code   RO         2274    i.ip_reass_free_complete_datagram  ip_frag.o
    0x080058e8   0x00000074   Code   RO         2275    i.ip_reass_remove_oldest_datagram  ip_frag.o
    0x0800595c   0x00000048   Code   RO         2203    i.ip_route          ip.o
    0x080059a4   0x0000001e   Code   RO         2562    i.isSamePortIdentity  bmc.o
    0x080059c2   0x00000138   Code   RO         2635    i.issueDelayReqTimerExpired  protocol.o
    0x08005afa   0x00000082   Code   RO         2636    i.issueSync         protocol.o
    0x08005b7c   0x000000dc   Code   RO         1231    i.low_level_init    ethernetif.o
    0x08005c58   0x00000080   Code   RO         1232    i.low_level_input   ethernetif.o
    0x08005cd8   0x0000006c   Code   RO         1233    i.low_level_output  ethernetif.o
    0x08005d44   0x0000003c   Code   RO         2164    i.lwip_standard_chksum  inet_chksum.o
    0x08005d80   0x00000066   Code   RO         2563    i.m1                bmc.o
    0x08005de6   0x00000002   PAD
    0x08005de8   0x00000020   Code   RO            1    i.main              main.o
    0x08005e08   0x00000090   Code   RO          318    i.main_com_init     init.o
    0x08005e98   0x0000002c   Code   RO         1445    i.mem_free          mem.o
    0x08005ec4   0x00000034   Code   RO         1446    i.mem_init          mem.o
    0x08005ef8   0x000000a8   Code   RO         1447    i.mem_malloc        mem.o
    0x08005fa0   0x000000c4   Code   RO         1448    i.mem_realloc       mem.o
    0x08006064   0x00000018   Code   RO         1488    i.memp_free         memp.o
    0x0800607c   0x00000058   Code   RO         1489    i.memp_init         memp.o
    0x080060d4   0x00000020   Code   RO         1490    i.memp_malloc       memp.o
    0x080060f4   0x00000060   Code   RO         1096    i.mktime            timer.o
    0x08006154   0x00000086   Code   RO         2732    i.msgPackAnnounce   msg.o
    0x080061da   0x00000052   Code   RO         2733    i.msgPackDelayReq   msg.o
    0x0800622c   0x00000078   Code   RO         2734    i.msgPackDelayResp  msg.o
    0x080062a4   0x00000052   Code   RO         2735    i.msgPackFollowUp   msg.o
    0x080062f6   0x0000003a   Code   RO         2736    i.msgPackHeader     msg.o
    0x08006330   0x0000004a   Code   RO         2737    i.msgPackManagement  msg.o
    0x0800637a   0x00000058   Code   RO         2738    i.msgPackPDelayReq  msg.o
    0x080063d2   0x00000060   Code   RO         2739    i.msgPackPDelayResp  msg.o
    0x08006432   0x0000006a   Code   RO         2740    i.msgPackPDelayRespFollowUp  msg.o
    0x0800649c   0x0000004e   Code   RO         2741    i.msgPackSync       msg.o
    0x080064ea   0x00000062   Code   RO         2742    i.msgUnpackAnnounce  msg.o
    0x0800654c   0x00000030   Code   RO         2744    i.msgUnpackDelayResp  msg.o
    0x0800657c   0x00000020   Code   RO         2745    i.msgUnpackFollowUp  msg.o
    0x0800659c   0x00000080   Code   RO         2746    i.msgUnpackHeader   msg.o
    0x0800661c   0x00000028   Code   RO         2747    i.msgUnpackManagement  msg.o
    0x08006644   0x00000030   Code   RO         2749    i.msgUnpackPDelayResp  msg.o
    0x08006674   0x00000030   Code   RO         2750    i.msgUnpackPDelayRespFollowUp  msg.o
    0x080066a4   0x00000020   Code   RO         2751    i.msgUnpackSync     msg.o
    0x080066c4   0x0000002e   Code   RO          878    i.my_strstr         bds.o
    0x080066f2   0x00000012   Code   RO          669    i.mystrncpy         usart.o
    0x08006704   0x0000001e   Code   RO         2876    i.netEmptyEventQ    net.o
    0x08006722   0x00000002   PAD
    0x08006724   0x00000104   Code   RO         2877    i.netInit           net.o
    0x08006828   0x0000000a   Code   RO         2878    i.netQCheck         net.o
    0x08006832   0x00000028   Code   RO         2879    i.netQGet           net.o
    0x0800685a   0x0000000a   Code   RO         2880    i.netQInit          net.o
    0x08006864   0x0000002c   Code   RO         2881    i.netQPut           net.o
    0x08006890   0x00000050   Code   RO         2882    i.netRecv           net.o
    0x080068e0   0x00000014   Code   RO         2883    i.netRecvEvent      net.o
    0x080068f4   0x0000001c   Code   RO         2884    i.netRecvEventCallback  net.o
    0x08006910   0x00000014   Code   RO         2885    i.netRecvGeneral    net.o
    0x08006924   0x0000001c   Code   RO         2886    i.netRecvGeneralCallback  net.o
    0x08006940   0x0000001c   Code   RO         2887    i.netSelect         net.o
    0x0800695c   0x00000048   Code   RO         2888    i.netSend           net.o
    0x080069a4   0x0000001a   Code   RO         2889    i.netSendEvent      net.o
    0x080069be   0x00000018   Code   RO         2890    i.netSendGeneral    net.o
    0x080069d6   0x0000001a   Code   RO         2891    i.netSendPeerEvent  net.o
    0x080069f0   0x00000018   Code   RO         2892    i.netSendPeerGeneral  net.o
    0x08006a08   0x00000040   Code   RO         2893    i.netShutdown       net.o
    0x08006a48   0x0000005c   Code   RO         1530    i.netif_add         netif.o
    0x08006aa4   0x0000000a   Code   RO         1532    i.netif_is_link_up  netif.o
    0x08006aae   0x0000000a   Code   RO         1533    i.netif_is_up       netif.o
    0x08006ab8   0x0000001c   Code   RO         1535    i.netif_set_addr    netif.o
    0x08006ad4   0x0000000c   Code   RO         1536    i.netif_set_default  netif.o
    0x08006ae0   0x0000001a   Code   RO         1537    i.netif_set_down    netif.o
    0x08006afa   0x00000008   Code   RO         1538    i.netif_set_gw      netif.o
    0x08006b02   0x00000008   Code   RO         1539    i.netif_set_ipaddr  netif.o
    0x08006b0a   0x00000008   Code   RO         1540    i.netif_set_link_callback  netif.o
    0x08006b12   0x00000016   Code   RO         1541    i.netif_set_link_down  netif.o
    0x08006b28   0x0000003a   Code   RO         1542    i.netif_set_link_up  netif.o
    0x08006b62   0x00000008   Code   RO         1543    i.netif_set_netmask  netif.o
    0x08006b6a   0x00000032   Code   RO         1544    i.netif_set_up      netif.o
    0x08006b9c   0x0000004c   Code   RO         2495    i.normalizeTime     arith.o
    0x08006be8   0x00000004   Code   RO         2118    i.ntohl             inet.o
    0x08006bec   0x00000004   Code   RO         2119    i.ntohs             inet.o
    0x08006bf0   0x00000010   Code   RO         2984    i.order             servo.o
    0x08006c00   0x0000010c   Code   RO         1631    i.pbuf_alloc        pbuf.o
    0x08006d0c   0x00000028   Code   RO         1632    i.pbuf_cat          pbuf.o
    0x08006d34   0x00000012   Code   RO         1633    i.pbuf_chain        pbuf.o
    0x08006d46   0x00000012   Code   RO         1634    i.pbuf_clen         pbuf.o
    0x08006d58   0x00000090   Code   RO         1636    i.pbuf_copy         pbuf.o
    0x08006de8   0x00000068   Code   RO         1637    i.pbuf_copy_partial  pbuf.o
    0x08006e50   0x00000044   Code   RO         1639    i.pbuf_free         pbuf.o
    0x08006e94   0x00000060   Code   RO         1640    i.pbuf_header       pbuf.o
    0x08006ef4   0x0000004e   Code   RO         1641    i.pbuf_realloc      pbuf.o
    0x08006f42   0x0000000c   Code   RO         1642    i.pbuf_ref          pbuf.o
    0x08006f4e   0x0000004e   Code   RO         1643    i.pbuf_take         pbuf.o
    0x08006f9c   0x00000054   Code   RO         1449    i.plug_holes        mem.o
    0x08006ff0   0x00000098   Code   RO          253    i.ptp_msg_hanlde_packed  task.o
    0x08007088   0x000000c0   Code   RO          254    i.ptp_tod_msg_pack  task.o
    0x08007148   0x00000078   Code   RO         2637    i.ptp_unpack_control  protocol.o
    0x080071c0   0x00000030   Code   RO         3032    i.ptpdStartup       startup.o
    0x080071f0   0x00000034   Code   RO         2709    i.ptpd_Periodic_Handle  ptpd.o
    0x08007224   0x00000068   Code   RO         1720    i.raw_input         raw.o
    0x0800728c   0x00000170   Code   RO          670    i.receive_str_manage  usart.o
    0x080073fc   0x0000004c   Code   RO          255    i.run_task          task.o
    0x08007448   0x000000c0   Code   RO         2565    i.s1                bmc.o
    0x08007508   0x00000044   Code   RO         2496    i.scaledNanosecondsToInternalTime  arith.o
    0x0800754c   0x00000012   Code   RO         3052    i.setTime           sys_time.o
    0x0800755e   0x00000018   Code   RO         2497    i.subTime           arith.o
    0x08007576   0x00000002   PAD
    0x08007578   0x00000088   Code   RO          319    i.system_init       init.o
    0x08007600   0x00000028   Code   RO         3087    i.timerExpired      timer_1.o
    0x08007628   0x0000001a   Code   RO         3088    i.timerStart        timer_1.o
    0x08007642   0x00000010   Code   RO         3089    i.timerStop         timer_1.o
    0x08007652   0x00000002   PAD
    0x08007654   0x0000003c   Code   RO         3090    i.timerUpdate       timer_1.o
    0x08007690   0x00000012   Code   RO         2498    i.toInternalTime    arith.o
    0x080076a2   0x00000262   Code   RO         2638    i.toState           protocol.o
    0x08007904   0x00000020   Code   RO          320    i.uart1_call_back   init.o
    0x08007924   0x00000028   Code   RO          321    i.uart2_call_back   init.o
    0x0800794c   0x0000005c   Code   RO          322    i.uart5_call_back   init.o
    0x080079a8   0x0000005c   Code   RO         1804    i.udp_bind          udp.o
    0x08007a04   0x00000018   Code   RO         1806    i.udp_disconnect    udp.o
    0x08007a1c   0x00000164   Code   RO         1807    i.udp_input         udp.o
    0x08007b80   0x0000001a   Code   RO         1808    i.udp_new           udp.o
    0x08007b9a   0x00000006   Code   RO         1809    i.udp_recv          udp.o
    0x08007ba0   0x0000002c   Code   RO         1810    i.udp_remove        udp.o
    0x08007bcc   0x0000004c   Code   RO         1812    i.udp_sendto        udp.o
    0x08007c18   0x000000b8   Code   RO         1813    i.udp_sendto_if     udp.o
    0x08007cd0   0x000000b4   Code   RO         2985    i.updateClock       servo.o
    0x08007d84   0x00000056   Code   RO         2986    i.updateDelay       servo.o
    0x08007dda   0x00000002   PAD
    0x08007ddc   0x000000a4   Code   RO         2987    i.updateOffset      servo.o
    0x08007e80   0x0000006e   Code   RO         2988    i.updatePeerDelay   servo.o
    0x08007eee   0x00000002   PAD
    0x08007ef0   0x000000a8   Code   RO         1897    i.update_arp_entry  etharp.o
    0x08007f98   0x000000c8   Code   RO          672    i.usart1_init       usart.o
    0x08008060   0x000000d4   Code   RO          673    i.usart2_init       usart.o
    0x08008134   0x000000cc   Code   RO          674    i.usart3_init       usart.o
    0x08008200   0x000000cc   Code   RO          675    i.usart4_init       usart.o
    0x080082cc   0x000000d0   Code   RO          676    i.usart5_init       usart.o
    0x0800839c   0x00000008   Data   RO            2    .constdata          main.o
    0x080083a4   0x0000001c   Data   RO         1492    .constdata          memp.o
    0x080083c0   0x0000000c   Data   RO         1899    .constdata          etharp.o
    0x080083cc   0x00000004   Data   RO         2248    .constdata          ip_addr.o
    0x080083d0   0x00000081   Data   RO         6230    .constdata          mc_w.l(ctype_o.o)
    0x08008451   0x00000003   PAD
    0x08008454   0x00000004   Data   RO         6231    .constdata          mc_w.l(ctype_o.o)
    0x08008458   0x00000020   Data   RO         6261    Region$$Table       anon$$obj.o


    Execution Region RW_IRAM1 (Base: 0x20000000, Size: 0x0000bd38, Max: 0x00010000, ABSOLUTE, COMPRESSED[0x0000004c])

    Base Addr    Size         Type   Attr      Idx    E Section Name        Object

    0x20000000   0x00000074   Data   RW          256    .data               task.o
    0x20000074   0x00000008   Data   RW          603    .data               stm32f4x7_eth_bsp.o
    0x2000007c   0x00000030   Data   RW          677    .data               usart.o
    0x200000ac   0x0000000c   Data   RW          797    .data               cmd_handle.o
    0x200000b8   0x00000007   Data   RW          798    .data               cmd_handle.o
    0x200000bf   0x00000001   PAD
    0x200000c0   0x00000004   Data   RW         1024    .data               netconf.o
    0x200000c4   0x00000004   Data   RW         1098    .data               timer.o
    0x200000c8   0x00000006   Data   RW         1143    .data               mktime.o
    0x200000ce   0x00000006   Data   RW         1237    .data               ethernetif.o
    0x200000d4   0x00000010   Data   RW         1451    .data               mem.o
    0x200000e4   0x0000000c   Data   RW         1545    .data               netif.o
    0x200000f0   0x00000004   Data   RW         1726    .data               raw.o
    0x200000f4   0x00000004   Data   RW         1814    .data               udp.o
    0x200000f8   0x00000001   Data   RW         1900    .data               etharp.o
    0x200000f9   0x00000003   PAD
    0x200000fc   0x0000000c   Data   RW         2023    .data               igmp.o
    0x20000108   0x0000000c   Data   RW         2204    .data               ip.o
    0x20000114   0x00000008   Data   RW         2278    .data               ip_frag.o
    0x2000011c   0x00000001   Data   RW         2640    .data               protocol.o
    0x2000011d   0x00000003   PAD
    0x20000120   0x00000004   Data   RW         2712    .data               ptpd.o
    0x20000124   0x00000004   Data   RW         3091    .data               timer_1.o
    0x20000128   0x00000014   Data   RW         3844    .data               stm32f10x_rcc.o
    0x2000013c   0x00000010   Data   RW         5338    .data               stm32_eth.o
    0x2000014c   0x00000004   Data   RW         5892    .data               mc_w.l(rand.o)
    0x20000150   0x00000004   Data   RW         6218    .data               mc_w.l(errno.o)
    0x20000154   0x00000c52   Zero   RW          323    .bss                init.o
    0x20000da6   0x00000002   PAD
    0x20000da8   0x000000bc   Zero   RW          602    .bss                stm32f4x7_eth_bsp.o
    0x20000e64   0x00000600   Zero   RW          792    .bss                cmd_handle.o
    0x20001464   0x00000800   Zero   RW          986    .bss                stmflash.o
    0x20001c64   0x00000038   Zero   RW         1022    .bss                netconf.o
    0x20001c9c   0x00003ca0   Zero   RW         1234    .bss                ethernetif.o
    0x2000593c   0x00002814   Zero   RW         1450    .bss                mem.o
    0x20008150   0x00001da7   Zero   RW         1491    .bss                memp.o
    0x20009ef7   0x00000001   PAD
    0x20009ef8   0x000000c8   Zero   RW         1898    .bss                etharp.o
    0x20009fc0   0x000005e0   Zero   RW         2277    .bss                ip_frag.o
    0x2000a5a0   0x00000100   Zero   RW         2639    .bss                protocol.o
    0x2000a6a0   0x00000698   Zero   RW         2710    .bss                ptpd.o
    0x2000ad38   0x00001000   Zero   RW          574    STACK               startup_stm32f107xc.o


==============================================================================

Image component sizes


      Code (inc. data)   RO Data    RW Data    ZI Data      Debug   Object Name

       336         20          0          0          0       4921   arith.o
       456          8          0          0          0       4512   bds.o
      1284          0          0          0          0       7924   bmc.o
      1600        192          0         19       1536       4528   cmd_handle.o
         0          0          0          0          0         32   core_cm3.o
      1616         34         12          1        200      13020   etharp.o
      1070         98          0          6      15520      14706   ethernetif.o
       344          0          0          0          0       3306   icmp.o
       976         52          0         12          0       9234   igmp.o
       254          6          0          0          0       3898   inet.o
       144          0          0          0          0       5541   inet_chksum.o
       444         70          0          0       3154       5129   init.o
         0          0          0          0          0        648   init_1.o
       846         26          0         12          0       5680   ip.o
        48          0          4          0          0       5401   ip_addr.o
      1240         34          0          8       1504       7481   ip_frag.o
        42          0          0          0          0        984   iwdg.o
        56          6          0          0          0        495   led.o
        32          4          8          0          0     334242   main.o
       544         30          0         16      10260       4865   mem.o
       144         20         28          0       7591       3730   memp.o
       120         16          0          0          0       1683   misc.o
       754         66          0          6          0       2876   mktime.o
      1392          0          0          0          0      18371   msg.o
       834         48          0          0          0      12273   net.o
       228         46          0          4         56      10421   netconf.o
       340         12          0         12          0       9411   netif.o
       924          0          0          0          0       9169   pbuf.o
      3522        146          0          1        256      13953   protocol.o
       144         16          0          4       1688       1849   ptpd.o
       104          4          0          4          0       1596   raw.o
        22          0          0          0          0        654   rubidium.o
       804         16          0          0          0       6053   servo.o
        48          0          0          0          0        978   startup.o
        36          8        336          0       4096        816   startup_stm32f107xc.o
      1594        202          0         16          0      22633   stm32_eth.o
         0          0          0          0          0      15091   stm32f107.o
       156         14          0          0          0       2408   stm32f10x_exti.o
       246         32          0          0          0       5281   stm32f10x_flash.o
       288         16          0          0          0       5368   stm32f10x_gpio.o
       138          4          0          0          0      22340   stm32f10x_it.o
        68         30          0          0          0       2670   stm32f10x_iwdg.o
       388         68          0         20          0       9225   stm32f10x_rcc.o
       634         18          0          0          0      15267   stm32f10x_tim.o
       300          6          0          0          0       6513   stm32f10x_usart.o
      1138         74          0          8        188       7048   stm32f4x7_eth_bsp.o
       254          6          0          0       2048       3149   stmflash.o
        82          0          0          0          0       2456   sys_time.o
       284         30          0          0          0       1565   system_stm32f10x.o
       720        148          0        116          0       6432   task.o
       596         68          0          4          0       3619   timer.o
       170         14          0          4          0       3912   timer_1.o
       808         20          0          4          0       9042   udp.o
      2154        124          0         48          0      14507   usart.o

    ----------------------------------------------------------------------
     30820       1852        420        332      48100     688906   Object Totals
         0          0         32          0          0          0   (incl. Generated)
        54          0          0          7          3          0   (incl. Padding)

    ----------------------------------------------------------------------

      Code (inc. data)   RO Data    RW Data    ZI Data      Debug   Library Member Name

        86          0          0          0          0          0   __dczerorl2.o
        28          0          0          0          0         68   _chval.o
       158          0          0          0          0         92   _strtoul.o
        26          0          0          0          0         80   atoi.o
         8          4        133          0          0         68   ctype_o.o
         0          0          0          0          0          0   entry.o
         0          0          0          0          0          0   entry10a.o
         0          0          0          0          0          0   entry11a.o
         8          4          0          0          0          0   entry2.o
         4          0          0          0          0          0   entry5.o
         0          0          0          0          0          0   entry7b.o
         0          0          0          0          0          0   entry8b.o
         8          4          0          0          0          0   entry9a.o
         8          4          0          4          0         68   errno.o
        30          0          0          0          0          0   handlers.o
        36          8          0          0          0         68   init.o
         0          0          0          0          0          0   iusefp.o
        98          0          0          0          0         84   ldiv.o
        30          0          0          0          0         68   llshl.o
        36          0          0          0          0         68   llsshr.o
        32          0          0          0          0         68   llushr.o
        26          0          0          0          0         80   memcmp.o
        36          0          0          0          0         68   memcpya.o
        36          0          0          0          0        108   memseta.o
       884         10          0          0          0        420   printf6.o
        36         10          0          4          0        136   rand.o
        14          0          0          0          0         68   strlen.o
        36          0          0          0          0         80   strstr.o
       112          0          0          0          0         88   strtol.o
        44          0          0          0          0         80   uidiv.o
        98          0          0          0          0         92   uldiv.o
       334          0          0          0          0        148   dadd.o
       186          0          0          0          0        176   depilogue.o
        62          0          0          0          0         80   dfixi.o
        34          0          0          0          0         76   dflti.o

    ----------------------------------------------------------------------
      2536         44        136          8          0       2432   Library Totals
         2          0          3          0          0          0   (incl. Padding)

    ----------------------------------------------------------------------

      Code (inc. data)   RO Data    RW Data    ZI Data      Debug   Library Name

      1918         44        133          8          0       1952   mc_w.l
       616          0          0          0          0        480   mf_w.l

    ----------------------------------------------------------------------
      2536         44        136          8          0       2432   Library Totals

    ----------------------------------------------------------------------

==============================================================================


      Code (inc. data)   RO Data    RW Data    ZI Data      Debug   

     33356       1896        556        340      48100     671914   Grand Totals
     33356       1896        556         76      48100     671914   ELF Image Totals (compressed)
     33356       1896        556         76          0          0   ROM Totals

==============================================================================

    Total RO  Size (Code + RO Data)                33912 (  33.12kB)
    Total RW  Size (RW Data + ZI Data)             48440 (  47.30kB)
    Total ROM Size (Code + RO Data + RW Data)      33988 (  33.19kB)

==============================================================================

