<!doctype html public "-//w3c//dtd html 4.0 transitional//en">
<html><head>
<title>Static Call Graph - [.\OBJ\LWIP.axf]</title></head>
<body><HR>
<H1>Static Call Graph for image .\OBJ\LWIP.axf</H1><HR>
<BR><P>#&#060CALLGRAPH&#062# ARM Linker, 5060300: Last Updated: Thu Sep 27 19:13:32 2018
<BR><P>
<H3>Maximum Stack Usage =       1080 bytes + Unknown(Cycles, Untraceable Function Pointers)</H3><H3>
Call chain for Maximum Stack Depth:</H3>
USART_CallBack &rArr; receive_str_manage &rArr; mystrncpy
<P>
<H3>
Mutually Recursive functions
</H3> <LI><a href="#[23]">ADC1_2_IRQHandler</a>&nbsp;&nbsp;&nbsp;&rArr;&nbsp;&nbsp;&nbsp;<a href="#[23]">ADC1_2_IRQHandler</a><BR>
 <LI><a href="#[b]">BusFault_Handler</a>&nbsp;&nbsp;&nbsp;&rArr;&nbsp;&nbsp;&nbsp;<a href="#[b]">BusFault_Handler</a><BR>
 <LI><a href="#[9]">HardFault_Handler</a>&nbsp;&nbsp;&nbsp;&rArr;&nbsp;&nbsp;&nbsp;<a href="#[9]">HardFault_Handler</a><BR>
 <LI><a href="#[a]">MemManage_Handler</a>&nbsp;&nbsp;&nbsp;&rArr;&nbsp;&nbsp;&nbsp;<a href="#[a]">MemManage_Handler</a><BR>
 <LI><a href="#[c]">UsageFault_Handler</a>&nbsp;&nbsp;&nbsp;&rArr;&nbsp;&nbsp;&nbsp;<a href="#[c]">UsageFault_Handler</a><BR>
</UL>
<P>
<H3>
Function Pointers
</H3><UL>
 <LI><a href="#[23]">ADC1_2_IRQHandler</a> from startup_stm32f107xc.o(.text) referenced from startup_stm32f107xc.o(RESET)
 <LI><a href="#[3]">ADJ_CallBack</a> from task.o(i.ADJ_CallBack) referenced 2 times from task.o(.data)
 <LI><a href="#[b]">BusFault_Handler</a> from stm32f10x_it.o(i.BusFault_Handler) referenced from startup_stm32f107xc.o(RESET)
 <LI><a href="#[25]">CAN1_RX0_IRQHandler</a> from startup_stm32f107xc.o(.text) referenced from startup_stm32f107xc.o(RESET)
 <LI><a href="#[26]">CAN1_RX1_IRQHandler</a> from startup_stm32f107xc.o(.text) referenced from startup_stm32f107xc.o(RESET)
 <LI><a href="#[27]">CAN1_SCE_IRQHandler</a> from startup_stm32f107xc.o(.text) referenced from startup_stm32f107xc.o(RESET)
 <LI><a href="#[24]">CAN1_TX_IRQHandler</a> from startup_stm32f107xc.o(.text) referenced from startup_stm32f107xc.o(RESET)
 <LI><a href="#[4a]">CAN2_RX0_IRQHandler</a> from startup_stm32f107xc.o(.text) referenced from startup_stm32f107xc.o(RESET)
 <LI><a href="#[4b]">CAN2_RX1_IRQHandler</a> from startup_stm32f107xc.o(.text) referenced from startup_stm32f107xc.o(RESET)
 <LI><a href="#[4c]">CAN2_SCE_IRQHandler</a> from startup_stm32f107xc.o(.text) referenced from startup_stm32f107xc.o(RESET)
 <LI><a href="#[49]">CAN2_TX_IRQHandler</a> from startup_stm32f107xc.o(.text) referenced from startup_stm32f107xc.o(RESET)
 <LI><a href="#[1c]">DMA1_Channel1_IRQHandler</a> from startup_stm32f107xc.o(.text) referenced from startup_stm32f107xc.o(RESET)
 <LI><a href="#[1d]">DMA1_Channel2_IRQHandler</a> from startup_stm32f107xc.o(.text) referenced from startup_stm32f107xc.o(RESET)
 <LI><a href="#[1e]">DMA1_Channel3_IRQHandler</a> from startup_stm32f107xc.o(.text) referenced from startup_stm32f107xc.o(RESET)
 <LI><a href="#[1f]">DMA1_Channel4_IRQHandler</a> from startup_stm32f107xc.o(.text) referenced from startup_stm32f107xc.o(RESET)
 <LI><a href="#[20]">DMA1_Channel5_IRQHandler</a> from startup_stm32f107xc.o(.text) referenced from startup_stm32f107xc.o(RESET)
 <LI><a href="#[21]">DMA1_Channel6_IRQHandler</a> from startup_stm32f107xc.o(.text) referenced from startup_stm32f107xc.o(RESET)
 <LI><a href="#[22]">DMA1_Channel7_IRQHandler</a> from startup_stm32f107xc.o(.text) referenced from startup_stm32f107xc.o(RESET)
 <LI><a href="#[42]">DMA2_Channel1_IRQHandler</a> from startup_stm32f107xc.o(.text) referenced from startup_stm32f107xc.o(RESET)
 <LI><a href="#[43]">DMA2_Channel2_IRQHandler</a> from startup_stm32f107xc.o(.text) referenced from startup_stm32f107xc.o(RESET)
 <LI><a href="#[44]">DMA2_Channel3_IRQHandler</a> from startup_stm32f107xc.o(.text) referenced from startup_stm32f107xc.o(RESET)
 <LI><a href="#[45]">DMA2_Channel4_IRQHandler</a> from startup_stm32f107xc.o(.text) referenced from startup_stm32f107xc.o(RESET)
 <LI><a href="#[46]">DMA2_Channel5_IRQHandler</a> from startup_stm32f107xc.o(.text) referenced from startup_stm32f107xc.o(RESET)
 <LI><a href="#[6]">DS1302_CallBack</a> from task.o(i.DS1302_CallBack) referenced 2 times from task.o(.data)
 <LI><a href="#[e]">DebugMon_Handler</a> from stm32f10x_it.o(i.DebugMon_Handler) referenced from startup_stm32f107xc.o(RESET)
 <LI><a href="#[47]">ETH_IRQHandler</a> from stm32f10x_it.o(i.ETH_IRQHandler) referenced from startup_stm32f107xc.o(RESET)
 <LI><a href="#[48]">ETH_WKUP_IRQHandler</a> from startup_stm32f107xc.o(.text) referenced from startup_stm32f107xc.o(RESET)
 <LI><a href="#[53]">ETH_link_callback</a> from stm32f4x7_eth_bsp.o(i.ETH_link_callback) referenced from netconf.o(i.LwIP_Init)
 <LI><a href="#[17]">EXTI0_IRQHandler</a> from startup_stm32f107xc.o(.text) referenced from startup_stm32f107xc.o(RESET)
 <LI><a href="#[39]">EXTI15_10_IRQHandler</a> from startup_stm32f107xc.o(.text) referenced from startup_stm32f107xc.o(RESET)
 <LI><a href="#[18]">EXTI1_IRQHandler</a> from startup_stm32f107xc.o(.text) referenced from startup_stm32f107xc.o(RESET)
 <LI><a href="#[19]">EXTI2_IRQHandler</a> from startup_stm32f107xc.o(.text) referenced from startup_stm32f107xc.o(RESET)
 <LI><a href="#[1a]">EXTI3_IRQHandler</a> from startup_stm32f107xc.o(.text) referenced from startup_stm32f107xc.o(RESET)
 <LI><a href="#[1b]">EXTI4_IRQHandler</a> from stm32f10x_it.o(i.EXTI4_IRQHandler) referenced from startup_stm32f107xc.o(RESET)
 <LI><a href="#[28]">EXTI9_5_IRQHandler</a> from startup_stm32f107xc.o(.text) referenced from startup_stm32f107xc.o(RESET)
 <LI><a href="#[15]">FLASH_IRQHandler</a> from startup_stm32f107xc.o(.text) referenced from startup_stm32f107xc.o(RESET)
 <LI><a href="#[9]">HardFault_Handler</a> from stm32f10x_it.o(i.HardFault_Handler) referenced from startup_stm32f107xc.o(RESET)
 <LI><a href="#[31]">I2C1_ER_IRQHandler</a> from startup_stm32f107xc.o(.text) referenced from startup_stm32f107xc.o(RESET)
 <LI><a href="#[30]">I2C1_EV_IRQHandler</a> from startup_stm32f107xc.o(.text) referenced from startup_stm32f107xc.o(RESET)
 <LI><a href="#[33]">I2C2_ER_IRQHandler</a> from startup_stm32f107xc.o(.text) referenced from startup_stm32f107xc.o(RESET)
 <LI><a href="#[32]">I2C2_EV_IRQHandler</a> from startup_stm32f107xc.o(.text) referenced from startup_stm32f107xc.o(RESET)
 <LI><a href="#[2]">KEY_CallBack</a> from task.o(i.KEY_CallBack) referenced 2 times from task.o(.data)
 <LI><a href="#[4]">LED_CallBack</a> from task.o(i.LED_CallBack) referenced 2 times from task.o(.data)
 <LI><a href="#[a]">MemManage_Handler</a> from stm32f10x_it.o(i.MemManage_Handler) referenced from startup_stm32f107xc.o(RESET)
 <LI><a href="#[8]">NMI_Handler</a> from stm32f10x_it.o(i.NMI_Handler) referenced from startup_stm32f107xc.o(RESET)
 <LI><a href="#[4d]">OTG_FS_IRQHandler</a> from startup_stm32f107xc.o(.text) referenced from startup_stm32f107xc.o(RESET)
 <LI><a href="#[3b]">OTG_FS_WKUP_IRQHandler</a> from startup_stm32f107xc.o(.text) referenced from startup_stm32f107xc.o(RESET)
 <LI><a href="#[12]">PVD_IRQHandler</a> from startup_stm32f107xc.o(.text) referenced from startup_stm32f107xc.o(RESET)
 <LI><a href="#[f]">PendSV_Handler</a> from stm32f10x_it.o(i.PendSV_Handler) referenced from startup_stm32f107xc.o(RESET)
 <LI><a href="#[16]">RCC_IRQHandler</a> from startup_stm32f107xc.o(.text) referenced from startup_stm32f107xc.o(RESET)
 <LI><a href="#[3a]">RTC_Alarm_IRQHandler</a> from startup_stm32f107xc.o(.text) referenced from startup_stm32f107xc.o(RESET)
 <LI><a href="#[14]">RTC_IRQHandler</a> from startup_stm32f107xc.o(.text) referenced from startup_stm32f107xc.o(RESET)
 <LI><a href="#[7]">Reset_Handler</a> from startup_stm32f107xc.o(.text) referenced from startup_stm32f107xc.o(RESET)
 <LI><a href="#[0]">RunStateLock_CallBack</a> from task.o(i.RunStateLock_CallBack) referenced 2 times from task.o(.data)
 <LI><a href="#[34]">SPI1_IRQHandler</a> from startup_stm32f107xc.o(.text) referenced from startup_stm32f107xc.o(RESET)
 <LI><a href="#[35]">SPI2_IRQHandler</a> from startup_stm32f107xc.o(.text) referenced from startup_stm32f107xc.o(RESET)
 <LI><a href="#[3d]">SPI3_IRQHandler</a> from startup_stm32f107xc.o(.text) referenced from startup_stm32f107xc.o(RESET)
 <LI><a href="#[d]">SVC_Handler</a> from stm32f10x_it.o(i.SVC_Handler) referenced from startup_stm32f107xc.o(RESET)
 <LI><a href="#[10]">SysTick_Handler</a> from stm32f10x_it.o(i.SysTick_Handler) referenced from startup_stm32f107xc.o(RESET)
 <LI><a href="#[4f]">SystemInit</a> from system_stm32f10x.o(i.SystemInit) referenced from startup_stm32f107xc.o(.text)
 <LI><a href="#[13]">TAMPER_IRQHandler</a> from startup_stm32f107xc.o(.text) referenced from startup_stm32f107xc.o(RESET)
 <LI><a href="#[29]">TIM1_BRK_IRQHandler</a> from startup_stm32f107xc.o(.text) referenced from startup_stm32f107xc.o(RESET)
 <LI><a href="#[2c]">TIM1_CC_IRQHandler</a> from startup_stm32f107xc.o(.text) referenced from startup_stm32f107xc.o(RESET)
 <LI><a href="#[2b]">TIM1_TRG_COM_IRQHandler</a> from startup_stm32f107xc.o(.text) referenced from startup_stm32f107xc.o(RESET)
 <LI><a href="#[2a]">TIM1_UP_IRQHandler</a> from startup_stm32f107xc.o(.text) referenced from startup_stm32f107xc.o(RESET)
 <LI><a href="#[2d]">TIM2_IRQHandler</a> from startup_stm32f107xc.o(.text) referenced from startup_stm32f107xc.o(RESET)
 <LI><a href="#[2e]">TIM3_IRQHandler</a> from timer.o(i.TIM3_IRQHandler) referenced from startup_stm32f107xc.o(RESET)
 <LI><a href="#[2f]">TIM4_IRQHandler</a> from startup_stm32f107xc.o(.text) referenced from startup_stm32f107xc.o(RESET)
 <LI><a href="#[3c]">TIM5_IRQHandler</a> from startup_stm32f107xc.o(.text) referenced from startup_stm32f107xc.o(RESET)
 <LI><a href="#[40]">TIM6_IRQHandler</a> from startup_stm32f107xc.o(.text) referenced from startup_stm32f107xc.o(RESET)
 <LI><a href="#[41]">TIM7_IRQHandler</a> from startup_stm32f107xc.o(.text) referenced from startup_stm32f107xc.o(RESET)
 <LI><a href="#[3e]">UART4_IRQHandler</a> from usart.o(i.UART4_IRQHandler) referenced from startup_stm32f107xc.o(RESET)
 <LI><a href="#[3f]">UART5_IRQHandler</a> from usart.o(i.UART5_IRQHandler) referenced from startup_stm32f107xc.o(RESET)
 <LI><a href="#[5]">UDBG_CallBack</a> from task.o(i.UDBG_CallBack) referenced 2 times from task.o(.data)
 <LI><a href="#[36]">USART1_IRQHandler</a> from usart.o(i.USART1_IRQHandler) referenced from startup_stm32f107xc.o(RESET)
 <LI><a href="#[37]">USART2_IRQHandler</a> from usart.o(i.USART2_IRQHandler) referenced from startup_stm32f107xc.o(RESET)
 <LI><a href="#[38]">USART3_IRQHandler</a> from usart.o(i.USART3_IRQHandler) referenced from startup_stm32f107xc.o(RESET)
 <LI><a href="#[1]">USART_CallBack</a> from task.o(i.USART_CallBack) referenced 2 times from task.o(.data)
 <LI><a href="#[c]">UsageFault_Handler</a> from stm32f10x_it.o(i.UsageFault_Handler) referenced from startup_stm32f107xc.o(RESET)
 <LI><a href="#[11]">WWDG_IRQHandler</a> from startup_stm32f107xc.o(.text) referenced from startup_stm32f107xc.o(RESET)
 <LI><a href="#[50]">__main</a> from entry.o(.ARM.Collect$$$$00000000) referenced from startup_stm32f107xc.o(.text)
 <LI><a href="#[54]">_sputc</a> from printf6.o(i._sputc) referenced from printf6.o(i.__0sprintf$6)
 <LI><a href="#[55]">etharp_output</a> from etharp.o(i.etharp_output) referenced from ethernetif.o(i.ethernetif_init)
 <LI><a href="#[51]">ethernet_input</a> from etharp.o(i.ethernet_input) referenced from netconf.o(i.LwIP_Init)
 <LI><a href="#[52]">ethernetif_init</a> from ethernetif.o(i.ethernetif_init) referenced from netconf.o(i.LwIP_Init)
 <LI><a href="#[56]">low_level_output</a> from ethernetif.o(i.low_level_output) referenced from ethernetif.o(i.ethernetif_init)
 <LI><a href="#[4e]">main</a> from main.o(i.main) referenced from entry9a.o(.ARM.Collect$$$$0000000B)
 <LI><a href="#[5a]">netRecvEventCallback</a> from net.o(i.netRecvEventCallback) referenced from net.o(i.netInit)
 <LI><a href="#[5b]">netRecvGeneralCallback</a> from net.o(i.netRecvGeneralCallback) referenced from net.o(i.netInit)
 <LI><a href="#[57]">uart1_call_back</a> from init.o(i.uart1_call_back) referenced from init.o(i.main_com_init)
 <LI><a href="#[59]">uart2_call_back</a> from init.o(i.uart2_call_back) referenced from init.o(i.main_com_init)
 <LI><a href="#[58]">uart5_call_back</a> from init.o(i.uart5_call_back) referenced from init.o(i.main_com_init)
</UL>
<P>
<H3>
Global Symbols
</H3>
<P><STRONG><a name="[50]"></a>__main</STRONG> (Thumb, 0 bytes, Stack size unknown bytes, entry.o(.ARM.Collect$$$$00000000))
<BR>[Address Reference Count : 1]<UL><LI> startup_stm32f107xc.o(.text)
</UL>
<P><STRONG><a name="[1c1]"></a>_main_stk</STRONG> (Thumb, 0 bytes, Stack size unknown bytes, entry2.o(.ARM.Collect$$$$00000001))

<P><STRONG><a name="[5c]"></a>_main_scatterload</STRONG> (Thumb, 0 bytes, Stack size unknown bytes, entry5.o(.ARM.Collect$$$$00000004))
<BR><BR>[Calls]<UL><LI><a href="#[5d]">&gt;&gt;</a>&nbsp;&nbsp;&nbsp;__scatterload
</UL>

<P><STRONG><a name="[72]"></a>__main_after_scatterload</STRONG> (Thumb, 0 bytes, Stack size unknown bytes, entry5.o(.ARM.Collect$$$$00000004))
<BR><BR>[Called By]<UL><LI><a href="#[5d]">&gt;&gt;</a>&nbsp;&nbsp;&nbsp;__scatterload
</UL>

<P><STRONG><a name="[1c2]"></a>_main_clock</STRONG> (Thumb, 0 bytes, Stack size unknown bytes, entry7b.o(.ARM.Collect$$$$00000008))

<P><STRONG><a name="[1c3]"></a>_main_cpp_init</STRONG> (Thumb, 0 bytes, Stack size unknown bytes, entry8b.o(.ARM.Collect$$$$0000000A))

<P><STRONG><a name="[1c4]"></a>_main_init</STRONG> (Thumb, 0 bytes, Stack size unknown bytes, entry9a.o(.ARM.Collect$$$$0000000B))

<P><STRONG><a name="[1c5]"></a>__rt_final_cpp</STRONG> (Thumb, 0 bytes, Stack size unknown bytes, entry10a.o(.ARM.Collect$$$$0000000D))

<P><STRONG><a name="[1c6]"></a>__rt_final_exit</STRONG> (Thumb, 0 bytes, Stack size unknown bytes, entry11a.o(.ARM.Collect$$$$0000000F))

<P><STRONG><a name="[7]"></a>Reset_Handler</STRONG> (Thumb, 8 bytes, Stack size 0 bytes, startup_stm32f107xc.o(.text))
<BR>[Address Reference Count : 1]<UL><LI> startup_stm32f107xc.o(RESET)
</UL>
<P><STRONG><a name="[23]"></a>ADC1_2_IRQHandler</STRONG> (Thumb, 0 bytes, Stack size 0 bytes, startup_stm32f107xc.o(.text))
<BR><BR>[Calls]<UL><LI><a href="#[23]">&gt;&gt;</a>&nbsp;&nbsp;&nbsp;ADC1_2_IRQHandler
</UL>
<BR>[Called By]<UL><LI><a href="#[23]">&gt;&gt;</a>&nbsp;&nbsp;&nbsp;ADC1_2_IRQHandler
</UL>
<BR>[Address Reference Count : 1]<UL><LI> startup_stm32f107xc.o(RESET)
</UL>
<P><STRONG><a name="[25]"></a>CAN1_RX0_IRQHandler</STRONG> (Thumb, 0 bytes, Stack size 0 bytes, startup_stm32f107xc.o(.text))
<BR>[Address Reference Count : 1]<UL><LI> startup_stm32f107xc.o(RESET)
</UL>
<P><STRONG><a name="[26]"></a>CAN1_RX1_IRQHandler</STRONG> (Thumb, 0 bytes, Stack size 0 bytes, startup_stm32f107xc.o(.text))
<BR>[Address Reference Count : 1]<UL><LI> startup_stm32f107xc.o(RESET)
</UL>
<P><STRONG><a name="[27]"></a>CAN1_SCE_IRQHandler</STRONG> (Thumb, 0 bytes, Stack size 0 bytes, startup_stm32f107xc.o(.text))
<BR>[Address Reference Count : 1]<UL><LI> startup_stm32f107xc.o(RESET)
</UL>
<P><STRONG><a name="[24]"></a>CAN1_TX_IRQHandler</STRONG> (Thumb, 0 bytes, Stack size 0 bytes, startup_stm32f107xc.o(.text))
<BR>[Address Reference Count : 1]<UL><LI> startup_stm32f107xc.o(RESET)
</UL>
<P><STRONG><a name="[4a]"></a>CAN2_RX0_IRQHandler</STRONG> (Thumb, 0 bytes, Stack size 0 bytes, startup_stm32f107xc.o(.text))
<BR>[Address Reference Count : 1]<UL><LI> startup_stm32f107xc.o(RESET)
</UL>
<P><STRONG><a name="[4b]"></a>CAN2_RX1_IRQHandler</STRONG> (Thumb, 0 bytes, Stack size 0 bytes, startup_stm32f107xc.o(.text))
<BR>[Address Reference Count : 1]<UL><LI> startup_stm32f107xc.o(RESET)
</UL>
<P><STRONG><a name="[4c]"></a>CAN2_SCE_IRQHandler</STRONG> (Thumb, 0 bytes, Stack size 0 bytes, startup_stm32f107xc.o(.text))
<BR>[Address Reference Count : 1]<UL><LI> startup_stm32f107xc.o(RESET)
</UL>
<P><STRONG><a name="[49]"></a>CAN2_TX_IRQHandler</STRONG> (Thumb, 0 bytes, Stack size 0 bytes, startup_stm32f107xc.o(.text))
<BR>[Address Reference Count : 1]<UL><LI> startup_stm32f107xc.o(RESET)
</UL>
<P><STRONG><a name="[1c]"></a>DMA1_Channel1_IRQHandler</STRONG> (Thumb, 0 bytes, Stack size 0 bytes, startup_stm32f107xc.o(.text))
<BR>[Address Reference Count : 1]<UL><LI> startup_stm32f107xc.o(RESET)
</UL>
<P><STRONG><a name="[1d]"></a>DMA1_Channel2_IRQHandler</STRONG> (Thumb, 0 bytes, Stack size 0 bytes, startup_stm32f107xc.o(.text))
<BR>[Address Reference Count : 1]<UL><LI> startup_stm32f107xc.o(RESET)
</UL>
<P><STRONG><a name="[1e]"></a>DMA1_Channel3_IRQHandler</STRONG> (Thumb, 0 bytes, Stack size 0 bytes, startup_stm32f107xc.o(.text))
<BR>[Address Reference Count : 1]<UL><LI> startup_stm32f107xc.o(RESET)
</UL>
<P><STRONG><a name="[1f]"></a>DMA1_Channel4_IRQHandler</STRONG> (Thumb, 0 bytes, Stack size 0 bytes, startup_stm32f107xc.o(.text))
<BR>[Address Reference Count : 1]<UL><LI> startup_stm32f107xc.o(RESET)
</UL>
<P><STRONG><a name="[20]"></a>DMA1_Channel5_IRQHandler</STRONG> (Thumb, 0 bytes, Stack size 0 bytes, startup_stm32f107xc.o(.text))
<BR>[Address Reference Count : 1]<UL><LI> startup_stm32f107xc.o(RESET)
</UL>
<P><STRONG><a name="[21]"></a>DMA1_Channel6_IRQHandler</STRONG> (Thumb, 0 bytes, Stack size 0 bytes, startup_stm32f107xc.o(.text))
<BR>[Address Reference Count : 1]<UL><LI> startup_stm32f107xc.o(RESET)
</UL>
<P><STRONG><a name="[22]"></a>DMA1_Channel7_IRQHandler</STRONG> (Thumb, 0 bytes, Stack size 0 bytes, startup_stm32f107xc.o(.text))
<BR>[Address Reference Count : 1]<UL><LI> startup_stm32f107xc.o(RESET)
</UL>
<P><STRONG><a name="[42]"></a>DMA2_Channel1_IRQHandler</STRONG> (Thumb, 0 bytes, Stack size 0 bytes, startup_stm32f107xc.o(.text))
<BR>[Address Reference Count : 1]<UL><LI> startup_stm32f107xc.o(RESET)
</UL>
<P><STRONG><a name="[43]"></a>DMA2_Channel2_IRQHandler</STRONG> (Thumb, 0 bytes, Stack size 0 bytes, startup_stm32f107xc.o(.text))
<BR>[Address Reference Count : 1]<UL><LI> startup_stm32f107xc.o(RESET)
</UL>
<P><STRONG><a name="[44]"></a>DMA2_Channel3_IRQHandler</STRONG> (Thumb, 0 bytes, Stack size 0 bytes, startup_stm32f107xc.o(.text))
<BR>[Address Reference Count : 1]<UL><LI> startup_stm32f107xc.o(RESET)
</UL>
<P><STRONG><a name="[45]"></a>DMA2_Channel4_IRQHandler</STRONG> (Thumb, 0 bytes, Stack size 0 bytes, startup_stm32f107xc.o(.text))
<BR>[Address Reference Count : 1]<UL><LI> startup_stm32f107xc.o(RESET)
</UL>
<P><STRONG><a name="[46]"></a>DMA2_Channel5_IRQHandler</STRONG> (Thumb, 0 bytes, Stack size 0 bytes, startup_stm32f107xc.o(.text))
<BR>[Address Reference Count : 1]<UL><LI> startup_stm32f107xc.o(RESET)
</UL>
<P><STRONG><a name="[48]"></a>ETH_WKUP_IRQHandler</STRONG> (Thumb, 0 bytes, Stack size 0 bytes, startup_stm32f107xc.o(.text))
<BR>[Address Reference Count : 1]<UL><LI> startup_stm32f107xc.o(RESET)
</UL>
<P><STRONG><a name="[17]"></a>EXTI0_IRQHandler</STRONG> (Thumb, 0 bytes, Stack size 0 bytes, startup_stm32f107xc.o(.text))
<BR>[Address Reference Count : 1]<UL><LI> startup_stm32f107xc.o(RESET)
</UL>
<P><STRONG><a name="[39]"></a>EXTI15_10_IRQHandler</STRONG> (Thumb, 0 bytes, Stack size 0 bytes, startup_stm32f107xc.o(.text))
<BR>[Address Reference Count : 1]<UL><LI> startup_stm32f107xc.o(RESET)
</UL>
<P><STRONG><a name="[18]"></a>EXTI1_IRQHandler</STRONG> (Thumb, 0 bytes, Stack size 0 bytes, startup_stm32f107xc.o(.text))
<BR>[Address Reference Count : 1]<UL><LI> startup_stm32f107xc.o(RESET)
</UL>
<P><STRONG><a name="[19]"></a>EXTI2_IRQHandler</STRONG> (Thumb, 0 bytes, Stack size 0 bytes, startup_stm32f107xc.o(.text))
<BR>[Address Reference Count : 1]<UL><LI> startup_stm32f107xc.o(RESET)
</UL>
<P><STRONG><a name="[1a]"></a>EXTI3_IRQHandler</STRONG> (Thumb, 0 bytes, Stack size 0 bytes, startup_stm32f107xc.o(.text))
<BR>[Address Reference Count : 1]<UL><LI> startup_stm32f107xc.o(RESET)
</UL>
<P><STRONG><a name="[28]"></a>EXTI9_5_IRQHandler</STRONG> (Thumb, 0 bytes, Stack size 0 bytes, startup_stm32f107xc.o(.text))
<BR>[Address Reference Count : 1]<UL><LI> startup_stm32f107xc.o(RESET)
</UL>
<P><STRONG><a name="[15]"></a>FLASH_IRQHandler</STRONG> (Thumb, 0 bytes, Stack size 0 bytes, startup_stm32f107xc.o(.text))
<BR>[Address Reference Count : 1]<UL><LI> startup_stm32f107xc.o(RESET)
</UL>
<P><STRONG><a name="[31]"></a>I2C1_ER_IRQHandler</STRONG> (Thumb, 0 bytes, Stack size 0 bytes, startup_stm32f107xc.o(.text))
<BR>[Address Reference Count : 1]<UL><LI> startup_stm32f107xc.o(RESET)
</UL>
<P><STRONG><a name="[30]"></a>I2C1_EV_IRQHandler</STRONG> (Thumb, 0 bytes, Stack size 0 bytes, startup_stm32f107xc.o(.text))
<BR>[Address Reference Count : 1]<UL><LI> startup_stm32f107xc.o(RESET)
</UL>
<P><STRONG><a name="[33]"></a>I2C2_ER_IRQHandler</STRONG> (Thumb, 0 bytes, Stack size 0 bytes, startup_stm32f107xc.o(.text))
<BR>[Address Reference Count : 1]<UL><LI> startup_stm32f107xc.o(RESET)
</UL>
<P><STRONG><a name="[32]"></a>I2C2_EV_IRQHandler</STRONG> (Thumb, 0 bytes, Stack size 0 bytes, startup_stm32f107xc.o(.text))
<BR>[Address Reference Count : 1]<UL><LI> startup_stm32f107xc.o(RESET)
</UL>
<P><STRONG><a name="[4d]"></a>OTG_FS_IRQHandler</STRONG> (Thumb, 0 bytes, Stack size 0 bytes, startup_stm32f107xc.o(.text))
<BR>[Address Reference Count : 1]<UL><LI> startup_stm32f107xc.o(RESET)
</UL>
<P><STRONG><a name="[3b]"></a>OTG_FS_WKUP_IRQHandler</STRONG> (Thumb, 0 bytes, Stack size 0 bytes, startup_stm32f107xc.o(.text))
<BR>[Address Reference Count : 1]<UL><LI> startup_stm32f107xc.o(RESET)
</UL>
<P><STRONG><a name="[12]"></a>PVD_IRQHandler</STRONG> (Thumb, 0 bytes, Stack size 0 bytes, startup_stm32f107xc.o(.text))
<BR>[Address Reference Count : 1]<UL><LI> startup_stm32f107xc.o(RESET)
</UL>
<P><STRONG><a name="[16]"></a>RCC_IRQHandler</STRONG> (Thumb, 0 bytes, Stack size 0 bytes, startup_stm32f107xc.o(.text))
<BR>[Address Reference Count : 1]<UL><LI> startup_stm32f107xc.o(RESET)
</UL>
<P><STRONG><a name="[3a]"></a>RTC_Alarm_IRQHandler</STRONG> (Thumb, 0 bytes, Stack size 0 bytes, startup_stm32f107xc.o(.text))
<BR>[Address Reference Count : 1]<UL><LI> startup_stm32f107xc.o(RESET)
</UL>
<P><STRONG><a name="[14]"></a>RTC_IRQHandler</STRONG> (Thumb, 0 bytes, Stack size 0 bytes, startup_stm32f107xc.o(.text))
<BR>[Address Reference Count : 1]<UL><LI> startup_stm32f107xc.o(RESET)
</UL>
<P><STRONG><a name="[34]"></a>SPI1_IRQHandler</STRONG> (Thumb, 0 bytes, Stack size 0 bytes, startup_stm32f107xc.o(.text))
<BR>[Address Reference Count : 1]<UL><LI> startup_stm32f107xc.o(RESET)
</UL>
<P><STRONG><a name="[35]"></a>SPI2_IRQHandler</STRONG> (Thumb, 0 bytes, Stack size 0 bytes, startup_stm32f107xc.o(.text))
<BR>[Address Reference Count : 1]<UL><LI> startup_stm32f107xc.o(RESET)
</UL>
<P><STRONG><a name="[3d]"></a>SPI3_IRQHandler</STRONG> (Thumb, 0 bytes, Stack size 0 bytes, startup_stm32f107xc.o(.text))
<BR>[Address Reference Count : 1]<UL><LI> startup_stm32f107xc.o(RESET)
</UL>
<P><STRONG><a name="[13]"></a>TAMPER_IRQHandler</STRONG> (Thumb, 0 bytes, Stack size 0 bytes, startup_stm32f107xc.o(.text))
<BR>[Address Reference Count : 1]<UL><LI> startup_stm32f107xc.o(RESET)
</UL>
<P><STRONG><a name="[29]"></a>TIM1_BRK_IRQHandler</STRONG> (Thumb, 0 bytes, Stack size 0 bytes, startup_stm32f107xc.o(.text))
<BR>[Address Reference Count : 1]<UL><LI> startup_stm32f107xc.o(RESET)
</UL>
<P><STRONG><a name="[2c]"></a>TIM1_CC_IRQHandler</STRONG> (Thumb, 0 bytes, Stack size 0 bytes, startup_stm32f107xc.o(.text))
<BR>[Address Reference Count : 1]<UL><LI> startup_stm32f107xc.o(RESET)
</UL>
<P><STRONG><a name="[2b]"></a>TIM1_TRG_COM_IRQHandler</STRONG> (Thumb, 0 bytes, Stack size 0 bytes, startup_stm32f107xc.o(.text))
<BR>[Address Reference Count : 1]<UL><LI> startup_stm32f107xc.o(RESET)
</UL>
<P><STRONG><a name="[2a]"></a>TIM1_UP_IRQHandler</STRONG> (Thumb, 0 bytes, Stack size 0 bytes, startup_stm32f107xc.o(.text))
<BR>[Address Reference Count : 1]<UL><LI> startup_stm32f107xc.o(RESET)
</UL>
<P><STRONG><a name="[2d]"></a>TIM2_IRQHandler</STRONG> (Thumb, 0 bytes, Stack size 0 bytes, startup_stm32f107xc.o(.text))
<BR>[Address Reference Count : 1]<UL><LI> startup_stm32f107xc.o(RESET)
</UL>
<P><STRONG><a name="[2f]"></a>TIM4_IRQHandler</STRONG> (Thumb, 0 bytes, Stack size 0 bytes, startup_stm32f107xc.o(.text))
<BR>[Address Reference Count : 1]<UL><LI> startup_stm32f107xc.o(RESET)
</UL>
<P><STRONG><a name="[3c]"></a>TIM5_IRQHandler</STRONG> (Thumb, 0 bytes, Stack size 0 bytes, startup_stm32f107xc.o(.text))
<BR>[Address Reference Count : 1]<UL><LI> startup_stm32f107xc.o(RESET)
</UL>
<P><STRONG><a name="[40]"></a>TIM6_IRQHandler</STRONG> (Thumb, 0 bytes, Stack size 0 bytes, startup_stm32f107xc.o(.text))
<BR>[Address Reference Count : 1]<UL><LI> startup_stm32f107xc.o(RESET)
</UL>
<P><STRONG><a name="[41]"></a>TIM7_IRQHandler</STRONG> (Thumb, 0 bytes, Stack size 0 bytes, startup_stm32f107xc.o(.text))
<BR>[Address Reference Count : 1]<UL><LI> startup_stm32f107xc.o(RESET)
</UL>
<P><STRONG><a name="[11]"></a>WWDG_IRQHandler</STRONG> (Thumb, 0 bytes, Stack size 0 bytes, startup_stm32f107xc.o(.text))
<BR>[Address Reference Count : 1]<UL><LI> startup_stm32f107xc.o(RESET)
</UL>
<P><STRONG><a name="[5e]"></a>__aeabi_uldivmod</STRONG> (Thumb, 98 bytes, Stack size 40 bytes, uldiv.o(.text))
<BR><BR>[Stack]<UL><LI>Max Depth = 40<LI>Call Chain = __aeabi_uldivmod
</UL>
<BR>[Calls]<UL><LI><a href="#[5f]">&gt;&gt;</a>&nbsp;&nbsp;&nbsp;__aeabi_llsr
<LI><a href="#[60]">&gt;&gt;</a>&nbsp;&nbsp;&nbsp;__aeabi_llsl
</UL>
<BR>[Called By]<UL><LI><a href="#[a0]">&gt;&gt;</a>&nbsp;&nbsp;&nbsp;ETH_PTPNanoSecond2SubSecond
<LI><a href="#[61]">&gt;&gt;</a>&nbsp;&nbsp;&nbsp;__aeabi_ldivmod
</UL>

<P><STRONG><a name="[61]"></a>__aeabi_ldivmod</STRONG> (Thumb, 98 bytes, Stack size 24 bytes, ldiv.o(.text))
<BR><BR>[Stack]<UL><LI>Max Depth = 64<LI>Call Chain = __aeabi_ldivmod &rArr; __aeabi_uldivmod
</UL>
<BR>[Calls]<UL><LI><a href="#[5e]">&gt;&gt;</a>&nbsp;&nbsp;&nbsp;__aeabi_uldivmod
</UL>
<BR>[Called By]<UL><LI><a href="#[15e]">&gt;&gt;</a>&nbsp;&nbsp;&nbsp;scaledNanosecondsToInternalTime
</UL>

<P><STRONG><a name="[149]"></a>rand</STRONG> (Thumb, 20 bytes, Stack size 0 bytes, rand.o(.text))
<BR><BR>[Called By]<UL><LI><a href="#[148]">&gt;&gt;</a>&nbsp;&nbsp;&nbsp;getRand
</UL>

<P><STRONG><a name="[1c7]"></a>srand</STRONG> (Thumb, 6 bytes, Stack size 0 bytes, rand.o(.text), UNUSED)

<P><STRONG><a name="[111]"></a>__aeabi_memcpy</STRONG> (Thumb, 36 bytes, Stack size 0 bytes, memcpya.o(.text))
<BR><BR>[Called By]<UL><LI><a href="#[114]">&gt;&gt;</a>&nbsp;&nbsp;&nbsp;cmd_handle_usart5
<LI><a href="#[113]">&gt;&gt;</a>&nbsp;&nbsp;&nbsp;cmd_handle_usart2
<LI><a href="#[110]">&gt;&gt;</a>&nbsp;&nbsp;&nbsp;cmd_handle_usart1
<LI><a href="#[56]">&gt;&gt;</a>&nbsp;&nbsp;&nbsp;low_level_output
<LI><a href="#[144]">&gt;&gt;</a>&nbsp;&nbsp;&nbsp;low_level_input
<LI><a href="#[177]">&gt;&gt;</a>&nbsp;&nbsp;&nbsp;ip_output_if_opt
<LI><a href="#[16b]">&gt;&gt;</a>&nbsp;&nbsp;&nbsp;icmp_send_response
<LI><a href="#[1b0]">&gt;&gt;</a>&nbsp;&nbsp;&nbsp;pbuf_take
<LI><a href="#[183]">&gt;&gt;</a>&nbsp;&nbsp;&nbsp;pbuf_copy_partial
<LI><a href="#[13c]">&gt;&gt;</a>&nbsp;&nbsp;&nbsp;pbuf_copy
<LI><a href="#[125]">&gt;&gt;</a>&nbsp;&nbsp;&nbsp;netInit
<LI><a href="#[190]">&gt;&gt;</a>&nbsp;&nbsp;&nbsp;ip_reass_free_complete_datagram
<LI><a href="#[187]">&gt;&gt;</a>&nbsp;&nbsp;&nbsp;ip_reass
<LI><a href="#[182]">&gt;&gt;</a>&nbsp;&nbsp;&nbsp;ip_frag
</UL>

<P><STRONG><a name="[105]"></a>__aeabi_memcpy4</STRONG> (Thumb, 0 bytes, Stack size 0 bytes, memcpya.o(.text))
<BR><BR>[Called By]<UL><LI><a href="#[103]">&gt;&gt;</a>&nbsp;&nbsp;&nbsp;addForeign
</UL>

<P><STRONG><a name="[1c8]"></a>__aeabi_memcpy8</STRONG> (Thumb, 0 bytes, Stack size 0 bytes, memcpya.o(.text), UNUSED)

<P><STRONG><a name="[63]"></a>__aeabi_memset</STRONG> (Thumb, 14 bytes, Stack size 0 bytes, memseta.o(.text))
<BR><BR>[Called By]<UL><LI><a href="#[64]">&gt;&gt;</a>&nbsp;&nbsp;&nbsp;_memset$wrapper
<LI><a href="#[62]">&gt;&gt;</a>&nbsp;&nbsp;&nbsp;__aeabi_memclr
</UL>

<P><STRONG><a name="[1c9]"></a>__aeabi_memset4</STRONG> (Thumb, 0 bytes, Stack size 0 bytes, memseta.o(.text), UNUSED)

<P><STRONG><a name="[1ca]"></a>__aeabi_memset8</STRONG> (Thumb, 0 bytes, Stack size 0 bytes, memseta.o(.text), UNUSED)

<P><STRONG><a name="[62]"></a>__aeabi_memclr</STRONG> (Thumb, 4 bytes, Stack size 0 bytes, memseta.o(.text))
<BR><BR>[Calls]<UL><LI><a href="#[63]">&gt;&gt;</a>&nbsp;&nbsp;&nbsp;__aeabi_memset
</UL>
<BR>[Called By]<UL><LI><a href="#[114]">&gt;&gt;</a>&nbsp;&nbsp;&nbsp;cmd_handle_usart5
<LI><a href="#[113]">&gt;&gt;</a>&nbsp;&nbsp;&nbsp;cmd_handle_usart2
<LI><a href="#[110]">&gt;&gt;</a>&nbsp;&nbsp;&nbsp;cmd_handle_usart1
<LI><a href="#[177]">&gt;&gt;</a>&nbsp;&nbsp;&nbsp;ip_output_if_opt
</UL>

<P><STRONG><a name="[116]"></a>__aeabi_memclr4</STRONG> (Thumb, 0 bytes, Stack size 0 bytes, memseta.o(.text))
<BR><BR>[Called By]<UL><LI><a href="#[114]">&gt;&gt;</a>&nbsp;&nbsp;&nbsp;cmd_handle_usart5
<LI><a href="#[58]">&gt;&gt;</a>&nbsp;&nbsp;&nbsp;uart5_call_back
<LI><a href="#[1a2]">&gt;&gt;</a>&nbsp;&nbsp;&nbsp;main_com_init
<LI><a href="#[fc]">&gt;&gt;</a>&nbsp;&nbsp;&nbsp;receive_str_manage
<LI><a href="#[e3]">&gt;&gt;</a>&nbsp;&nbsp;&nbsp;ptp_tod_msg_pack
<LI><a href="#[c9]">&gt;&gt;</a>&nbsp;&nbsp;&nbsp;ptp_msg_hanlde_packed
<LI><a href="#[1a6]">&gt;&gt;</a>&nbsp;&nbsp;&nbsp;udp_new
<LI><a href="#[187]">&gt;&gt;</a>&nbsp;&nbsp;&nbsp;ip_reass
</UL>

<P><STRONG><a name="[1cb]"></a>__aeabi_memclr8</STRONG> (Thumb, 0 bytes, Stack size 0 bytes, memseta.o(.text), UNUSED)

<P><STRONG><a name="[64]"></a>_memset$wrapper</STRONG> (Thumb, 18 bytes, Stack size 8 bytes, memseta.o(.text), UNUSED)
<BR><BR>[Calls]<UL><LI><a href="#[63]">&gt;&gt;</a>&nbsp;&nbsp;&nbsp;__aeabi_memset
</UL>

<P><STRONG><a name="[115]"></a>strstr</STRONG> (Thumb, 36 bytes, Stack size 12 bytes, strstr.o(.text))
<BR><BR>[Stack]<UL><LI>Max Depth = 12<LI>Call Chain = strstr
</UL>
<BR>[Called By]<UL><LI><a href="#[114]">&gt;&gt;</a>&nbsp;&nbsp;&nbsp;cmd_handle_usart5
</UL>

<P><STRONG><a name="[cc]"></a>strlen</STRONG> (Thumb, 14 bytes, Stack size 0 bytes, strlen.o(.text))
<BR><BR>[Called By]<UL><LI><a href="#[114]">&gt;&gt;</a>&nbsp;&nbsp;&nbsp;cmd_handle_usart5
<LI><a href="#[58]">&gt;&gt;</a>&nbsp;&nbsp;&nbsp;uart5_call_back
<LI><a href="#[4]">&gt;&gt;</a>&nbsp;&nbsp;&nbsp;LED_CallBack
</UL>

<P><STRONG><a name="[10c]"></a>memcmp</STRONG> (Thumb, 26 bytes, Stack size 12 bytes, memcmp.o(.text))
<BR><BR>[Stack]<UL><LI>Max Depth = 12<LI>Call Chain = memcmp
</UL>
<BR>[Called By]<UL><LI><a href="#[f8]">&gt;&gt;</a>&nbsp;&nbsp;&nbsp;my_strstr
<LI><a href="#[104]">&gt;&gt;</a>&nbsp;&nbsp;&nbsp;isSamePortIdentity
<LI><a href="#[10a]">&gt;&gt;</a>&nbsp;&nbsp;&nbsp;bmcDataSetComparison
</UL>

<P><STRONG><a name="[65]"></a>atoi</STRONG> (Thumb, 26 bytes, Stack size 16 bytes, atoi.o(.text))
<BR><BR>[Stack]<UL><LI>Max Depth = 88<LI>Call Chain = atoi &rArr; strtol &rArr; _strtoul
</UL>
<BR>[Calls]<UL><LI><a href="#[67]">&gt;&gt;</a>&nbsp;&nbsp;&nbsp;strtol
<LI><a href="#[66]">&gt;&gt;</a>&nbsp;&nbsp;&nbsp;__aeabi_errno_addr
</UL>
<BR>[Called By]<UL><LI><a href="#[114]">&gt;&gt;</a>&nbsp;&nbsp;&nbsp;cmd_handle_usart5
</UL>

<P><STRONG><a name="[68]"></a>__aeabi_dadd</STRONG> (Thumb, 322 bytes, Stack size 48 bytes, dadd.o(.text))
<BR><BR>[Stack]<UL><LI>Max Depth = 88<LI>Call Chain = __aeabi_dadd &rArr; _double_epilogue &rArr; _double_round
</UL>
<BR>[Calls]<UL><LI><a href="#[69]">&gt;&gt;</a>&nbsp;&nbsp;&nbsp;__aeabi_lasr
<LI><a href="#[60]">&gt;&gt;</a>&nbsp;&nbsp;&nbsp;__aeabi_llsl
<LI><a href="#[6b]">&gt;&gt;</a>&nbsp;&nbsp;&nbsp;_double_round
<LI><a href="#[6a]">&gt;&gt;</a>&nbsp;&nbsp;&nbsp;_double_epilogue
</UL>
<BR>[Called By]<UL><LI><a href="#[6c]">&gt;&gt;</a>&nbsp;&nbsp;&nbsp;__aeabi_dsub
<LI><a href="#[6d]">&gt;&gt;</a>&nbsp;&nbsp;&nbsp;__aeabi_drsub
</UL>

<P><STRONG><a name="[6c]"></a>__aeabi_dsub</STRONG> (Thumb, 6 bytes, Stack size 0 bytes, dadd.o(.text))
<BR><BR>[Stack]<UL><LI>Max Depth = 88<LI>Call Chain = __aeabi_dsub &rArr; __aeabi_dadd &rArr; _double_epilogue &rArr; _double_round
</UL>
<BR>[Calls]<UL><LI><a href="#[68]">&gt;&gt;</a>&nbsp;&nbsp;&nbsp;__aeabi_dadd
</UL>
<BR>[Called By]<UL><LI><a href="#[3]">&gt;&gt;</a>&nbsp;&nbsp;&nbsp;ADJ_CallBack
</UL>

<P><STRONG><a name="[6d]"></a>__aeabi_drsub</STRONG> (Thumb, 6 bytes, Stack size 0 bytes, dadd.o(.text), UNUSED)
<BR><BR>[Calls]<UL><LI><a href="#[68]">&gt;&gt;</a>&nbsp;&nbsp;&nbsp;__aeabi_dadd
</UL>

<P><STRONG><a name="[6e]"></a>__aeabi_i2d</STRONG> (Thumb, 34 bytes, Stack size 16 bytes, dflti.o(.text))
<BR><BR>[Stack]<UL><LI>Max Depth = 56<LI>Call Chain = __aeabi_i2d &rArr; _double_epilogue &rArr; _double_round
</UL>
<BR>[Calls]<UL><LI><a href="#[6a]">&gt;&gt;</a>&nbsp;&nbsp;&nbsp;_double_epilogue
</UL>
<BR>[Called By]<UL><LI><a href="#[3]">&gt;&gt;</a>&nbsp;&nbsp;&nbsp;ADJ_CallBack
</UL>

<P><STRONG><a name="[6f]"></a>__aeabi_d2iz</STRONG> (Thumb, 62 bytes, Stack size 16 bytes, dfixi.o(.text))
<BR><BR>[Stack]<UL><LI>Max Depth = 16<LI>Call Chain = __aeabi_d2iz
</UL>
<BR>[Calls]<UL><LI><a href="#[5f]">&gt;&gt;</a>&nbsp;&nbsp;&nbsp;__aeabi_llsr
</UL>
<BR>[Called By]<UL><LI><a href="#[3]">&gt;&gt;</a>&nbsp;&nbsp;&nbsp;ADJ_CallBack
</UL>

<P><STRONG><a name="[1cc]"></a>__aeabi_uidiv</STRONG> (Thumb, 0 bytes, Stack size 12 bytes, uidiv.o(.text), UNUSED)

<P><STRONG><a name="[101]"></a>__aeabi_uidivmod</STRONG> (Thumb, 44 bytes, Stack size 12 bytes, uidiv.o(.text), UNUSED)
<BR><BR>[Called By]<UL><LI><a href="#[ff]">&gt;&gt;</a>&nbsp;&nbsp;&nbsp;_printf_core
</UL>

<P><STRONG><a name="[60]"></a>__aeabi_llsl</STRONG> (Thumb, 30 bytes, Stack size 0 bytes, llshl.o(.text))
<BR><BR>[Called By]<UL><LI><a href="#[68]">&gt;&gt;</a>&nbsp;&nbsp;&nbsp;__aeabi_dadd
<LI><a href="#[5e]">&gt;&gt;</a>&nbsp;&nbsp;&nbsp;__aeabi_uldivmod
<LI><a href="#[6a]">&gt;&gt;</a>&nbsp;&nbsp;&nbsp;_double_epilogue
</UL>

<P><STRONG><a name="[1cd]"></a>_ll_shift_l</STRONG> (Thumb, 0 bytes, Stack size 0 bytes, llshl.o(.text), UNUSED)

<P><STRONG><a name="[5f]"></a>__aeabi_llsr</STRONG> (Thumb, 32 bytes, Stack size 0 bytes, llushr.o(.text))
<BR><BR>[Called By]<UL><LI><a href="#[6f]">&gt;&gt;</a>&nbsp;&nbsp;&nbsp;__aeabi_d2iz
<LI><a href="#[5e]">&gt;&gt;</a>&nbsp;&nbsp;&nbsp;__aeabi_uldivmod
<LI><a href="#[6a]">&gt;&gt;</a>&nbsp;&nbsp;&nbsp;_double_epilogue
</UL>

<P><STRONG><a name="[1ce]"></a>_ll_ushift_r</STRONG> (Thumb, 0 bytes, Stack size 0 bytes, llushr.o(.text), UNUSED)

<P><STRONG><a name="[69]"></a>__aeabi_lasr</STRONG> (Thumb, 36 bytes, Stack size 0 bytes, llsshr.o(.text))
<BR><BR>[Called By]<UL><LI><a href="#[68]">&gt;&gt;</a>&nbsp;&nbsp;&nbsp;__aeabi_dadd
</UL>

<P><STRONG><a name="[1cf]"></a>_ll_sshift_r</STRONG> (Thumb, 0 bytes, Stack size 0 bytes, llsshr.o(.text), UNUSED)

<P><STRONG><a name="[67]"></a>strtol</STRONG> (Thumb, 112 bytes, Stack size 32 bytes, strtol.o(.text))
<BR><BR>[Stack]<UL><LI>Max Depth = 72<LI>Call Chain = strtol &rArr; _strtoul
</UL>
<BR>[Calls]<UL><LI><a href="#[71]">&gt;&gt;</a>&nbsp;&nbsp;&nbsp;_strtoul
<LI><a href="#[70]">&gt;&gt;</a>&nbsp;&nbsp;&nbsp;__rt_ctype_table
<LI><a href="#[66]">&gt;&gt;</a>&nbsp;&nbsp;&nbsp;__aeabi_errno_addr
</UL>
<BR>[Called By]<UL><LI><a href="#[65]">&gt;&gt;</a>&nbsp;&nbsp;&nbsp;atoi
</UL>

<P><STRONG><a name="[1d0]"></a>__I$use$fp</STRONG> (Thumb, 0 bytes, Stack size 8 bytes, iusefp.o(.text), UNUSED)

<P><STRONG><a name="[6b]"></a>_double_round</STRONG> (Thumb, 30 bytes, Stack size 8 bytes, depilogue.o(.text))
<BR><BR>[Stack]<UL><LI>Max Depth = 8<LI>Call Chain = _double_round
</UL>
<BR>[Called By]<UL><LI><a href="#[68]">&gt;&gt;</a>&nbsp;&nbsp;&nbsp;__aeabi_dadd
<LI><a href="#[6a]">&gt;&gt;</a>&nbsp;&nbsp;&nbsp;_double_epilogue
</UL>

<P><STRONG><a name="[6a]"></a>_double_epilogue</STRONG> (Thumb, 156 bytes, Stack size 32 bytes, depilogue.o(.text))
<BR><BR>[Stack]<UL><LI>Max Depth = 40<LI>Call Chain = _double_epilogue &rArr; _double_round
</UL>
<BR>[Calls]<UL><LI><a href="#[5f]">&gt;&gt;</a>&nbsp;&nbsp;&nbsp;__aeabi_llsr
<LI><a href="#[60]">&gt;&gt;</a>&nbsp;&nbsp;&nbsp;__aeabi_llsl
<LI><a href="#[6b]">&gt;&gt;</a>&nbsp;&nbsp;&nbsp;_double_round
</UL>
<BR>[Called By]<UL><LI><a href="#[6e]">&gt;&gt;</a>&nbsp;&nbsp;&nbsp;__aeabi_i2d
<LI><a href="#[68]">&gt;&gt;</a>&nbsp;&nbsp;&nbsp;__aeabi_dadd
</UL>

<P><STRONG><a name="[5d]"></a>__scatterload</STRONG> (Thumb, 28 bytes, Stack size 0 bytes, init.o(.text))
<BR><BR>[Calls]<UL><LI><a href="#[72]">&gt;&gt;</a>&nbsp;&nbsp;&nbsp;__main_after_scatterload
</UL>
<BR>[Called By]<UL><LI><a href="#[5c]">&gt;&gt;</a>&nbsp;&nbsp;&nbsp;_main_scatterload
</UL>

<P><STRONG><a name="[1d1]"></a>__scatterload_rt2</STRONG> (Thumb, 0 bytes, Stack size 0 bytes, init.o(.text), UNUSED)

<P><STRONG><a name="[70]"></a>__rt_ctype_table</STRONG> (Thumb, 4 bytes, Stack size 0 bytes, ctype_o.o(.text))
<BR><BR>[Called By]<UL><LI><a href="#[67]">&gt;&gt;</a>&nbsp;&nbsp;&nbsp;strtol
</UL>

<P><STRONG><a name="[71]"></a>_strtoul</STRONG> (Thumb, 158 bytes, Stack size 40 bytes, _strtoul.o(.text))
<BR><BR>[Stack]<UL><LI>Max Depth = 40<LI>Call Chain = _strtoul
</UL>
<BR>[Calls]<UL><LI><a href="#[73]">&gt;&gt;</a>&nbsp;&nbsp;&nbsp;_chval
<LI><a href="#[66]">&gt;&gt;</a>&nbsp;&nbsp;&nbsp;__aeabi_errno_addr
</UL>
<BR>[Called By]<UL><LI><a href="#[67]">&gt;&gt;</a>&nbsp;&nbsp;&nbsp;strtol
</UL>

<P><STRONG><a name="[73]"></a>_chval</STRONG> (Thumb, 28 bytes, Stack size 0 bytes, _chval.o(.text))
<BR><BR>[Called By]<UL><LI><a href="#[71]">&gt;&gt;</a>&nbsp;&nbsp;&nbsp;_strtoul
</UL>

<P><STRONG><a name="[1d2]"></a>__decompress</STRONG> (Thumb, 0 bytes, Stack size unknown bytes, __dczerorl2.o(.text), UNUSED)

<P><STRONG><a name="[1d3]"></a>__decompress1</STRONG> (Thumb, 86 bytes, Stack size unknown bytes, __dczerorl2.o(.text), UNUSED)

<P><STRONG><a name="[b]"></a>BusFault_Handler</STRONG> (Thumb, 2 bytes, Stack size 0 bytes, stm32f10x_it.o(i.BusFault_Handler))
<BR><BR>[Calls]<UL><LI><a href="#[b]">&gt;&gt;</a>&nbsp;&nbsp;&nbsp;BusFault_Handler
</UL>
<BR>[Called By]<UL><LI><a href="#[b]">&gt;&gt;</a>&nbsp;&nbsp;&nbsp;BusFault_Handler
</UL>
<BR>[Address Reference Count : 1]<UL><LI> startup_stm32f107xc.o(RESET)
</UL>
<P><STRONG><a name="[76]"></a>CTimer_Init</STRONG> (Thumb, 146 bytes, Stack size 32 bytes, timer.o(i.CTimer_Init))
<BR><BR>[Stack]<UL><LI>Max Depth = 76<LI>Call Chain = CTimer_Init &rArr; TIM_ICInit &rArr; TI2_Config
</UL>
<BR>[Calls]<UL><LI><a href="#[78]">&gt;&gt;</a>&nbsp;&nbsp;&nbsp;RCC_APB2PeriphClockCmd
<LI><a href="#[77]">&gt;&gt;</a>&nbsp;&nbsp;&nbsp;RCC_APB1PeriphClockCmd
<LI><a href="#[7f]">&gt;&gt;</a>&nbsp;&nbsp;&nbsp;NVIC_Init
<LI><a href="#[7a]">&gt;&gt;</a>&nbsp;&nbsp;&nbsp;GPIO_PinRemapConfig
<LI><a href="#[79]">&gt;&gt;</a>&nbsp;&nbsp;&nbsp;GPIO_Init
<LI><a href="#[7d]">&gt;&gt;</a>&nbsp;&nbsp;&nbsp;TIM_ITConfig
<LI><a href="#[7b]">&gt;&gt;</a>&nbsp;&nbsp;&nbsp;TIM_ICInit
<LI><a href="#[7c]">&gt;&gt;</a>&nbsp;&nbsp;&nbsp;TIM_Cmd
<LI><a href="#[7e]">&gt;&gt;</a>&nbsp;&nbsp;&nbsp;TIM_ClearITPendingBit
</UL>
<BR>[Called By]<UL><LI><a href="#[19f]">&gt;&gt;</a>&nbsp;&nbsp;&nbsp;system_init
</UL>

<P><STRONG><a name="[e]"></a>DebugMon_Handler</STRONG> (Thumb, 2 bytes, Stack size 0 bytes, stm32f10x_it.o(i.DebugMon_Handler))
<BR>[Address Reference Count : 1]<UL><LI> startup_stm32f107xc.o(RESET)
</UL>
<P><STRONG><a name="[80]"></a>ETH_BSP_Config</STRONG> (Thumb, 76 bytes, Stack size 8 bytes, stm32f4x7_eth_bsp.o(i.ETH_BSP_Config))
<BR><BR>[Stack]<UL><LI>Max Depth = 100<LI>Call Chain = ETH_BSP_Config &rArr; TIM_Configuration &rArr; RCC_GetClocksFreq
</UL>
<BR>[Calls]<UL><LI><a href="#[86]">&gt;&gt;</a>&nbsp;&nbsp;&nbsp;Eth_Link_PHYITConfig
<LI><a href="#[87]">&gt;&gt;</a>&nbsp;&nbsp;&nbsp;Eth_Link_EXTIConfig
<LI><a href="#[85]">&gt;&gt;</a>&nbsp;&nbsp;&nbsp;TIM_Configuration
<LI><a href="#[84]">&gt;&gt;</a>&nbsp;&nbsp;&nbsp;ETH_MACDMA_Config
<LI><a href="#[82]">&gt;&gt;</a>&nbsp;&nbsp;&nbsp;ETH_GPIO_Config
<LI><a href="#[81]">&gt;&gt;</a>&nbsp;&nbsp;&nbsp;RCC_AHBPeriphClockCmd
<LI><a href="#[7f]">&gt;&gt;</a>&nbsp;&nbsp;&nbsp;NVIC_Init
<LI><a href="#[83]">&gt;&gt;</a>&nbsp;&nbsp;&nbsp;NVIC_PriorityGroupConfig
</UL>
<BR>[Called By]<UL><LI><a href="#[19f]">&gt;&gt;</a>&nbsp;&nbsp;&nbsp;system_init
</UL>

<P><STRONG><a name="[97]"></a>ETH_DMAClearITPendingBit</STRONG> (Thumb, 6 bytes, Stack size 0 bytes, stm32_eth.o(i.ETH_DMAClearITPendingBit))
<BR><BR>[Called By]<UL><LI><a href="#[47]">&gt;&gt;</a>&nbsp;&nbsp;&nbsp;ETH_IRQHandler
</UL>

<P><STRONG><a name="[9f]"></a>ETH_DMAITConfig</STRONG> (Thumb, 18 bytes, Stack size 0 bytes, stm32_eth.o(i.ETH_DMAITConfig))
<BR><BR>[Called By]<UL><LI><a href="#[84]">&gt;&gt;</a>&nbsp;&nbsp;&nbsp;ETH_MACDMA_Config
</UL>

<P><STRONG><a name="[197]"></a>ETH_DMAPTPRxDescChainInit</STRONG> (Thumb, 100 bytes, Stack size 28 bytes, stm32_eth.o(i.ETH_DMAPTPRxDescChainInit))
<BR><BR>[Stack]<UL><LI>Max Depth = 28<LI>Call Chain = ETH_DMAPTPRxDescChainInit
</UL>
<BR>[Called By]<UL><LI><a href="#[143]">&gt;&gt;</a>&nbsp;&nbsp;&nbsp;low_level_init
</UL>

<P><STRONG><a name="[196]"></a>ETH_DMAPTPTxDescChainInit</STRONG> (Thumb, 90 bytes, Stack size 20 bytes, stm32_eth.o(i.ETH_DMAPTPTxDescChainInit))
<BR><BR>[Stack]<UL><LI>Max Depth = 20<LI>Call Chain = ETH_DMAPTPTxDescChainInit
</UL>
<BR>[Called By]<UL><LI><a href="#[143]">&gt;&gt;</a>&nbsp;&nbsp;&nbsp;low_level_init
</UL>

<P><STRONG><a name="[198]"></a>ETH_DMARxDescReceiveITConfig</STRONG> (Thumb, 18 bytes, Stack size 0 bytes, stm32_eth.o(i.ETH_DMARxDescReceiveITConfig))
<BR><BR>[Called By]<UL><LI><a href="#[143]">&gt;&gt;</a>&nbsp;&nbsp;&nbsp;low_level_init
</UL>

<P><STRONG><a name="[af]"></a>ETH_DMATransmissionCmd</STRONG> (Thumb, 22 bytes, Stack size 0 bytes, stm32_eth.o(i.ETH_DMATransmissionCmd))
<BR><BR>[Called By]<UL><LI><a href="#[ab]">&gt;&gt;</a>&nbsp;&nbsp;&nbsp;ETH_Start
</UL>

<P><STRONG><a name="[199]"></a>ETH_DMATxDescChecksumInsertionConfig</STRONG> (Thumb, 8 bytes, Stack size 0 bytes, stm32_eth.o(i.ETH_DMATxDescChecksumInsertionConfig))
<BR><BR>[Called By]<UL><LI><a href="#[143]">&gt;&gt;</a>&nbsp;&nbsp;&nbsp;low_level_init
</UL>

<P><STRONG><a name="[88]"></a>ETH_DeInit</STRONG> (Thumb, 24 bytes, Stack size 8 bytes, stm32_eth.o(i.ETH_DeInit))
<BR><BR>[Stack]<UL><LI>Max Depth = 8<LI>Call Chain = ETH_DeInit
</UL>
<BR>[Calls]<UL><LI><a href="#[89]">&gt;&gt;</a>&nbsp;&nbsp;&nbsp;RCC_AHBPeriphResetCmd
</UL>
<BR>[Called By]<UL><LI><a href="#[84]">&gt;&gt;</a>&nbsp;&nbsp;&nbsp;ETH_MACDMA_Config
</UL>

<P><STRONG><a name="[a3]"></a>ETH_EnablePTPTimeStampAddend</STRONG> (Thumb, 12 bytes, Stack size 0 bytes, stm32_eth.o(i.ETH_EnablePTPTimeStampAddend))
<BR><BR>[Called By]<UL><LI><a href="#[a1]">&gt;&gt;</a>&nbsp;&nbsp;&nbsp;ETH_PTPTime_AdjFreq
<LI><a href="#[143]">&gt;&gt;</a>&nbsp;&nbsp;&nbsp;low_level_init
</UL>

<P><STRONG><a name="[95]"></a>ETH_EnablePTPTimeStampInterruptTrigger</STRONG> (Thumb, 12 bytes, Stack size 0 bytes, stm32_eth.o(i.ETH_EnablePTPTimeStampInterruptTrigger))
<BR><BR>[Called By]<UL><LI><a href="#[47]">&gt;&gt;</a>&nbsp;&nbsp;&nbsp;ETH_IRQHandler
<LI><a href="#[19f]">&gt;&gt;</a>&nbsp;&nbsp;&nbsp;system_init
</UL>

<P><STRONG><a name="[ad]"></a>ETH_FlushTransmitFIFO</STRONG> (Thumb, 12 bytes, Stack size 0 bytes, stm32_eth.o(i.ETH_FlushTransmitFIFO))
<BR><BR>[Called By]<UL><LI><a href="#[ab]">&gt;&gt;</a>&nbsp;&nbsp;&nbsp;ETH_Start
</UL>

<P><STRONG><a name="[90]"></a>ETH_GetDMARxDescFrameLength</STRONG> (Thumb, 8 bytes, Stack size 0 bytes, stm32_eth.o(i.ETH_GetDMARxDescFrameLength))
<BR><BR>[Called By]<UL><LI><a href="#[8f]">&gt;&gt;</a>&nbsp;&nbsp;&nbsp;ETH_GetRxPktSize
</UL>

<P><STRONG><a name="[91]"></a>ETH_GetMACITStatus</STRONG> (Thumb, 16 bytes, Stack size 0 bytes, stm32_eth.o(i.ETH_GetMACITStatus))
<BR><BR>[Called By]<UL><LI><a href="#[47]">&gt;&gt;</a>&nbsp;&nbsp;&nbsp;ETH_IRQHandler
</UL>

<P><STRONG><a name="[a9]"></a>ETH_GetPTPFlagStatus</STRONG> (Thumb, 16 bytes, Stack size 0 bytes, stm32_eth.o(i.ETH_GetPTPFlagStatus))
<BR><BR>[Called By]<UL><LI><a href="#[a6]">&gt;&gt;</a>&nbsp;&nbsp;&nbsp;ETH_PTPTime_SetTime
<LI><a href="#[143]">&gt;&gt;</a>&nbsp;&nbsp;&nbsp;low_level_init
</UL>

<P><STRONG><a name="[a4]"></a>ETH_GetPTPRegister</STRONG> (Thumb, 6 bytes, Stack size 0 bytes, stm32_eth.o(i.ETH_GetPTPRegister))
<BR><BR>[Called By]<UL><LI><a href="#[93]">&gt;&gt;</a>&nbsp;&nbsp;&nbsp;ETH_PTPTime_GetTime
</UL>

<P><STRONG><a name="[8f]"></a>ETH_GetRxPktSize</STRONG> (Thumb, 30 bytes, Stack size 0 bytes, stm32_eth.o(i.ETH_GetRxPktSize))
<BR><BR>[Calls]<UL><LI><a href="#[90]">&gt;&gt;</a>&nbsp;&nbsp;&nbsp;ETH_GetDMARxDescFrameLength
</UL>
<BR>[Called By]<UL><LI><a href="#[47]">&gt;&gt;</a>&nbsp;&nbsp;&nbsp;ETH_IRQHandler
</UL>

<P><STRONG><a name="[9d]"></a>ETH_GetSoftwareResetStatus</STRONG> (Thumb, 14 bytes, Stack size 0 bytes, stm32_eth.o(i.ETH_GetSoftwareResetStatus))
<BR><BR>[Called By]<UL><LI><a href="#[84]">&gt;&gt;</a>&nbsp;&nbsp;&nbsp;ETH_MACDMA_Config
</UL>

<P><STRONG><a name="[47]"></a>ETH_IRQHandler</STRONG> (Thumb, 84 bytes, Stack size 16 bytes, stm32f10x_it.o(i.ETH_IRQHandler))
<BR><BR>[Stack]<UL><LI>Max Depth = 132<LI>Call Chain = ETH_IRQHandler &rArr; LwIP_Pkt_Handle &rArr; ethernetif_input &rArr; low_level_input &rArr; pbuf_alloc &rArr; pbuf_free &rArr; mem_free &rArr; plug_holes
</UL>
<BR>[Calls]<UL><LI><a href="#[96]">&gt;&gt;</a>&nbsp;&nbsp;&nbsp;LwIP_Pkt_Handle
<LI><a href="#[93]">&gt;&gt;</a>&nbsp;&nbsp;&nbsp;ETH_PTPTime_GetTime
<LI><a href="#[92]">&gt;&gt;</a>&nbsp;&nbsp;&nbsp;ETH_MACClearITPendingBit
<LI><a href="#[8f]">&gt;&gt;</a>&nbsp;&nbsp;&nbsp;ETH_GetRxPktSize
<LI><a href="#[91]">&gt;&gt;</a>&nbsp;&nbsp;&nbsp;ETH_GetMACITStatus
<LI><a href="#[97]">&gt;&gt;</a>&nbsp;&nbsp;&nbsp;ETH_DMAClearITPendingBit
<LI><a href="#[94]">&gt;&gt;</a>&nbsp;&nbsp;&nbsp;ETH_SetPTPTargetTime
<LI><a href="#[95]">&gt;&gt;</a>&nbsp;&nbsp;&nbsp;ETH_EnablePTPTimeStampInterruptTrigger
</UL>
<BR>[Address Reference Count : 1]<UL><LI> startup_stm32f107xc.o(RESET)
</UL>
<P><STRONG><a name="[98]"></a>ETH_Init</STRONG> (Thumb, 474 bytes, Stack size 56 bytes, stm32_eth.o(i.ETH_Init))
<BR><BR>[Stack]<UL><LI>Max Depth = 76<LI>Call Chain = ETH_Init &rArr; RCC_GetClocksFreq
</UL>
<BR>[Calls]<UL><LI><a href="#[9a]">&gt;&gt;</a>&nbsp;&nbsp;&nbsp;ETH_WritePHYRegister
<LI><a href="#[9b]">&gt;&gt;</a>&nbsp;&nbsp;&nbsp;ETH_ReadPHYRegister
<LI><a href="#[99]">&gt;&gt;</a>&nbsp;&nbsp;&nbsp;RCC_GetClocksFreq
</UL>
<BR>[Called By]<UL><LI><a href="#[84]">&gt;&gt;</a>&nbsp;&nbsp;&nbsp;ETH_MACDMA_Config
</UL>

<P><STRONG><a name="[a8]"></a>ETH_InitializePTPTimeStamp</STRONG> (Thumb, 12 bytes, Stack size 0 bytes, stm32_eth.o(i.ETH_InitializePTPTimeStamp))
<BR><BR>[Called By]<UL><LI><a href="#[a6]">&gt;&gt;</a>&nbsp;&nbsp;&nbsp;ETH_PTPTime_SetTime
<LI><a href="#[143]">&gt;&gt;</a>&nbsp;&nbsp;&nbsp;low_level_init
</UL>

<P><STRONG><a name="[eb]"></a>ETH_MACAddressConfig</STRONG> (Thumb, 22 bytes, Stack size 0 bytes, stm32_eth.o(i.ETH_MACAddressConfig))
<BR><BR>[Called By]<UL><LI><a href="#[d3]">&gt;&gt;</a>&nbsp;&nbsp;&nbsp;Set_MAC_Address
</UL>

<P><STRONG><a name="[92]"></a>ETH_MACClearITPendingBit</STRONG> (Thumb, 6 bytes, Stack size 0 bytes, stm32_eth.o(i.ETH_MACClearITPendingBit))
<BR><BR>[Called By]<UL><LI><a href="#[47]">&gt;&gt;</a>&nbsp;&nbsp;&nbsp;ETH_IRQHandler
</UL>

<P><STRONG><a name="[19a]"></a>ETH_MACITConfig</STRONG> (Thumb, 18 bytes, Stack size 0 bytes, stm32_eth.o(i.ETH_MACITConfig))
<BR><BR>[Called By]<UL><LI><a href="#[19f]">&gt;&gt;</a>&nbsp;&nbsp;&nbsp;system_init
<LI><a href="#[143]">&gt;&gt;</a>&nbsp;&nbsp;&nbsp;low_level_init
</UL>

<P><STRONG><a name="[ae]"></a>ETH_MACReceptionCmd</STRONG> (Thumb, 22 bytes, Stack size 0 bytes, stm32_eth.o(i.ETH_MACReceptionCmd))
<BR><BR>[Called By]<UL><LI><a href="#[ab]">&gt;&gt;</a>&nbsp;&nbsp;&nbsp;ETH_Start
</UL>

<P><STRONG><a name="[ac]"></a>ETH_MACTransmissionCmd</STRONG> (Thumb, 22 bytes, Stack size 0 bytes, stm32_eth.o(i.ETH_MACTransmissionCmd))
<BR><BR>[Called By]<UL><LI><a href="#[ab]">&gt;&gt;</a>&nbsp;&nbsp;&nbsp;ETH_Start
</UL>

<P><STRONG><a name="[a0]"></a>ETH_PTPNanoSecond2SubSecond</STRONG> (Thumb, 16 bytes, Stack size 8 bytes, ethernetif.o(i.ETH_PTPNanoSecond2SubSecond))
<BR><BR>[Stack]<UL><LI>Max Depth = 48<LI>Call Chain = ETH_PTPNanoSecond2SubSecond &rArr; __aeabi_uldivmod
</UL>
<BR>[Calls]<UL><LI><a href="#[5e]">&gt;&gt;</a>&nbsp;&nbsp;&nbsp;__aeabi_uldivmod
</UL>
<BR>[Called By]<UL><LI><a href="#[a6]">&gt;&gt;</a>&nbsp;&nbsp;&nbsp;ETH_PTPTime_SetTime
</UL>

<P><STRONG><a name="[a5]"></a>ETH_PTPSubSecond2NanoSecond</STRONG> (Thumb, 14 bytes, Stack size 0 bytes, ethernetif.o(i.ETH_PTPSubSecond2NanoSecond))
<BR><BR>[Called By]<UL><LI><a href="#[93]">&gt;&gt;</a>&nbsp;&nbsp;&nbsp;ETH_PTPTime_GetTime
<LI><a href="#[144]">&gt;&gt;</a>&nbsp;&nbsp;&nbsp;low_level_input
<LI><a href="#[aa]">&gt;&gt;</a>&nbsp;&nbsp;&nbsp;ETH_PTPTxPkt_ChainMode
</UL>

<P><STRONG><a name="[19b]"></a>ETH_PTPTimeStampCmd</STRONG> (Thumb, 22 bytes, Stack size 0 bytes, stm32_eth.o(i.ETH_PTPTimeStampCmd))
<BR><BR>[Called By]<UL><LI><a href="#[143]">&gt;&gt;</a>&nbsp;&nbsp;&nbsp;low_level_init
</UL>

<P><STRONG><a name="[a1]"></a>ETH_PTPTime_AdjFreq</STRONG> (Thumb, 70 bytes, Stack size 16 bytes, ethernetif.o(i.ETH_PTPTime_AdjFreq))
<BR><BR>[Stack]<UL><LI>Max Depth = 16<LI>Call Chain = ETH_PTPTime_AdjFreq
</UL>
<BR>[Calls]<UL><LI><a href="#[a2]">&gt;&gt;</a>&nbsp;&nbsp;&nbsp;ETH_SetPTPTimeStampAddend
<LI><a href="#[a3]">&gt;&gt;</a>&nbsp;&nbsp;&nbsp;ETH_EnablePTPTimeStampAddend
</UL>
<BR>[Called By]<UL><LI><a href="#[108]">&gt;&gt;</a>&nbsp;&nbsp;&nbsp;adjFreq
</UL>

<P><STRONG><a name="[93]"></a>ETH_PTPTime_GetTime</STRONG> (Thumb, 30 bytes, Stack size 8 bytes, ethernetif.o(i.ETH_PTPTime_GetTime))
<BR><BR>[Stack]<UL><LI>Max Depth = 8<LI>Call Chain = ETH_PTPTime_GetTime
</UL>
<BR>[Calls]<UL><LI><a href="#[a5]">&gt;&gt;</a>&nbsp;&nbsp;&nbsp;ETH_PTPSubSecond2NanoSecond
<LI><a href="#[a4]">&gt;&gt;</a>&nbsp;&nbsp;&nbsp;ETH_GetPTPRegister
</UL>
<BR>[Called By]<UL><LI><a href="#[47]">&gt;&gt;</a>&nbsp;&nbsp;&nbsp;ETH_IRQHandler
<LI><a href="#[ca]">&gt;&gt;</a>&nbsp;&nbsp;&nbsp;getTime
</UL>

<P><STRONG><a name="[a6]"></a>ETH_PTPTime_SetTime</STRONG> (Thumb, 58 bytes, Stack size 16 bytes, ethernetif.o(i.ETH_PTPTime_SetTime))
<BR><BR>[Stack]<UL><LI>Max Depth = 64<LI>Call Chain = ETH_PTPTime_SetTime &rArr; ETH_PTPNanoSecond2SubSecond &rArr; __aeabi_uldivmod
</UL>
<BR>[Calls]<UL><LI><a href="#[a7]">&gt;&gt;</a>&nbsp;&nbsp;&nbsp;ETH_SetPTPTimeStampUpdate
<LI><a href="#[a8]">&gt;&gt;</a>&nbsp;&nbsp;&nbsp;ETH_InitializePTPTimeStamp
<LI><a href="#[a9]">&gt;&gt;</a>&nbsp;&nbsp;&nbsp;ETH_GetPTPFlagStatus
<LI><a href="#[a0]">&gt;&gt;</a>&nbsp;&nbsp;&nbsp;ETH_PTPNanoSecond2SubSecond
</UL>
<BR>[Called By]<UL><LI><a href="#[1a0]">&gt;&gt;</a>&nbsp;&nbsp;&nbsp;setTime
</UL>

<P><STRONG><a name="[19d]"></a>ETH_PTPUpdateMethodConfig</STRONG> (Thumb, 22 bytes, Stack size 0 bytes, stm32_eth.o(i.ETH_PTPUpdateMethodConfig))
<BR><BR>[Called By]<UL><LI><a href="#[143]">&gt;&gt;</a>&nbsp;&nbsp;&nbsp;low_level_init
</UL>

<P><STRONG><a name="[9b]"></a>ETH_ReadPHYRegister</STRONG> (Thumb, 78 bytes, Stack size 12 bytes, stm32_eth.o(i.ETH_ReadPHYRegister))
<BR><BR>[Stack]<UL><LI>Max Depth = 12<LI>Call Chain = ETH_ReadPHYRegister
</UL>
<BR>[Called By]<UL><LI><a href="#[86]">&gt;&gt;</a>&nbsp;&nbsp;&nbsp;Eth_Link_PHYITConfig
<LI><a href="#[53]">&gt;&gt;</a>&nbsp;&nbsp;&nbsp;ETH_link_callback
<LI><a href="#[98]">&gt;&gt;</a>&nbsp;&nbsp;&nbsp;ETH_Init
<LI><a href="#[b8]">&gt;&gt;</a>&nbsp;&nbsp;&nbsp;Eth_Link_ITHandler
</UL>

<P><STRONG><a name="[19c]"></a>ETH_SetPTPSubSecondIncrement</STRONG> (Thumb, 6 bytes, Stack size 0 bytes, stm32_eth.o(i.ETH_SetPTPSubSecondIncrement))
<BR><BR>[Called By]<UL><LI><a href="#[143]">&gt;&gt;</a>&nbsp;&nbsp;&nbsp;low_level_init
</UL>

<P><STRONG><a name="[94]"></a>ETH_SetPTPTargetTime</STRONG> (Thumb, 10 bytes, Stack size 0 bytes, stm32_eth.o(i.ETH_SetPTPTargetTime))
<BR><BR>[Called By]<UL><LI><a href="#[47]">&gt;&gt;</a>&nbsp;&nbsp;&nbsp;ETH_IRQHandler
<LI><a href="#[19f]">&gt;&gt;</a>&nbsp;&nbsp;&nbsp;system_init
</UL>

<P><STRONG><a name="[a2]"></a>ETH_SetPTPTimeStampAddend</STRONG> (Thumb, 6 bytes, Stack size 0 bytes, stm32_eth.o(i.ETH_SetPTPTimeStampAddend))
<BR><BR>[Called By]<UL><LI><a href="#[a1]">&gt;&gt;</a>&nbsp;&nbsp;&nbsp;ETH_PTPTime_AdjFreq
<LI><a href="#[143]">&gt;&gt;</a>&nbsp;&nbsp;&nbsp;low_level_init
</UL>

<P><STRONG><a name="[a7]"></a>ETH_SetPTPTimeStampUpdate</STRONG> (Thumb, 12 bytes, Stack size 0 bytes, stm32_eth.o(i.ETH_SetPTPTimeStampUpdate))
<BR><BR>[Called By]<UL><LI><a href="#[a6]">&gt;&gt;</a>&nbsp;&nbsp;&nbsp;ETH_PTPTime_SetTime
<LI><a href="#[143]">&gt;&gt;</a>&nbsp;&nbsp;&nbsp;low_level_init
</UL>

<P><STRONG><a name="[9c]"></a>ETH_SoftwareReset</STRONG> (Thumb, 12 bytes, Stack size 0 bytes, stm32_eth.o(i.ETH_SoftwareReset))
<BR><BR>[Called By]<UL><LI><a href="#[84]">&gt;&gt;</a>&nbsp;&nbsp;&nbsp;ETH_MACDMA_Config
</UL>

<P><STRONG><a name="[ab]"></a>ETH_Start</STRONG> (Thumb, 36 bytes, Stack size 4 bytes, stm32_eth.o(i.ETH_Start))
<BR><BR>[Stack]<UL><LI>Max Depth = 4<LI>Call Chain = ETH_Start
</UL>
<BR>[Calls]<UL><LI><a href="#[ac]">&gt;&gt;</a>&nbsp;&nbsp;&nbsp;ETH_MACTransmissionCmd
<LI><a href="#[ae]">&gt;&gt;</a>&nbsp;&nbsp;&nbsp;ETH_MACReceptionCmd
<LI><a href="#[ad]">&gt;&gt;</a>&nbsp;&nbsp;&nbsp;ETH_FlushTransmitFIFO
<LI><a href="#[af]">&gt;&gt;</a>&nbsp;&nbsp;&nbsp;ETH_DMATransmissionCmd
</UL>
<BR>[Called By]<UL><LI><a href="#[143]">&gt;&gt;</a>&nbsp;&nbsp;&nbsp;low_level_init
</UL>

<P><STRONG><a name="[9e]"></a>ETH_StructInit</STRONG> (Thumb, 124 bytes, Stack size 0 bytes, stm32_eth.o(i.ETH_StructInit))
<BR><BR>[Called By]<UL><LI><a href="#[84]">&gt;&gt;</a>&nbsp;&nbsp;&nbsp;ETH_MACDMA_Config
</UL>

<P><STRONG><a name="[9a]"></a>ETH_WritePHYRegister</STRONG> (Thumb, 76 bytes, Stack size 16 bytes, stm32_eth.o(i.ETH_WritePHYRegister))
<BR><BR>[Stack]<UL><LI>Max Depth = 16<LI>Call Chain = ETH_WritePHYRegister
</UL>
<BR>[Called By]<UL><LI><a href="#[86]">&gt;&gt;</a>&nbsp;&nbsp;&nbsp;Eth_Link_PHYITConfig
<LI><a href="#[53]">&gt;&gt;</a>&nbsp;&nbsp;&nbsp;ETH_link_callback
<LI><a href="#[98]">&gt;&gt;</a>&nbsp;&nbsp;&nbsp;ETH_Init
</UL>

<P><STRONG><a name="[53]"></a>ETH_link_callback</STRONG> (Thumb, 214 bytes, Stack size 32 bytes, stm32f4x7_eth_bsp.o(i.ETH_link_callback))
<BR><BR>[Stack]<UL><LI>Max Depth = 164<LI>Call Chain = ETH_link_callback &rArr; netif_set_up &rArr; etharp_request &rArr; etharp_raw &rArr; pbuf_alloc &rArr; pbuf_free &rArr; mem_free &rArr; plug_holes
</UL>
<BR>[Calls]<UL><LI><a href="#[9a]">&gt;&gt;</a>&nbsp;&nbsp;&nbsp;ETH_WritePHYRegister
<LI><a href="#[9b]">&gt;&gt;</a>&nbsp;&nbsp;&nbsp;ETH_ReadPHYRegister
<LI><a href="#[b4]">&gt;&gt;</a>&nbsp;&nbsp;&nbsp;ptpdStartup
<LI><a href="#[b2]">&gt;&gt;</a>&nbsp;&nbsp;&nbsp;toState
<LI><a href="#[b5]">&gt;&gt;</a>&nbsp;&nbsp;&nbsp;netif_set_up
<LI><a href="#[b6]">&gt;&gt;</a>&nbsp;&nbsp;&nbsp;netif_set_down
<LI><a href="#[b3]">&gt;&gt;</a>&nbsp;&nbsp;&nbsp;netif_set_addr
<LI><a href="#[b0]">&gt;&gt;</a>&nbsp;&nbsp;&nbsp;netif_is_link_up
<LI><a href="#[b1]">&gt;&gt;</a>&nbsp;&nbsp;&nbsp;htonl
</UL>
<BR>[Address Reference Count : 1]<UL><LI> netconf.o(i.LwIP_Init)
</UL>
<P><STRONG><a name="[181]"></a>EUI48toEUI64</STRONG> (Thumb, 34 bytes, Stack size 0 bytes, bmc.o(i.EUI48toEUI64))
<BR><BR>[Called By]<UL><LI><a href="#[126]">&gt;&gt;</a>&nbsp;&nbsp;&nbsp;initData
</UL>

<P><STRONG><a name="[1b]"></a>EXTI4_IRQHandler</STRONG> (Thumb, 30 bytes, Stack size 8 bytes, stm32f10x_it.o(i.EXTI4_IRQHandler))
<BR><BR>[Stack]<UL><LI>Max Depth = 148<LI>Call Chain = EXTI4_IRQHandler &rArr; Eth_Link_ITHandler &rArr; netif_set_link_up &rArr; etharp_request &rArr; etharp_raw &rArr; pbuf_alloc &rArr; pbuf_free &rArr; mem_free &rArr; plug_holes
</UL>
<BR>[Calls]<UL><LI><a href="#[b8]">&gt;&gt;</a>&nbsp;&nbsp;&nbsp;Eth_Link_ITHandler
<LI><a href="#[b7]">&gt;&gt;</a>&nbsp;&nbsp;&nbsp;EXTI_GetITStatus
<LI><a href="#[b9]">&gt;&gt;</a>&nbsp;&nbsp;&nbsp;EXTI_ClearITPendingBit
</UL>
<BR>[Address Reference Count : 1]<UL><LI> startup_stm32f107xc.o(RESET)
</UL>
<P><STRONG><a name="[b9]"></a>EXTI_ClearITPendingBit</STRONG> (Thumb, 6 bytes, Stack size 0 bytes, stm32f10x_exti.o(i.EXTI_ClearITPendingBit))
<BR><BR>[Called By]<UL><LI><a href="#[1b]">&gt;&gt;</a>&nbsp;&nbsp;&nbsp;EXTI4_IRQHandler
</UL>

<P><STRONG><a name="[b7]"></a>EXTI_GetITStatus</STRONG> (Thumb, 28 bytes, Stack size 0 bytes, stm32f10x_exti.o(i.EXTI_GetITStatus))
<BR><BR>[Called By]<UL><LI><a href="#[1b]">&gt;&gt;</a>&nbsp;&nbsp;&nbsp;EXTI4_IRQHandler
</UL>

<P><STRONG><a name="[bb]"></a>EXTI_Init</STRONG> (Thumb, 108 bytes, Stack size 12 bytes, stm32f10x_exti.o(i.EXTI_Init))
<BR><BR>[Stack]<UL><LI>Max Depth = 12<LI>Call Chain = EXTI_Init
</UL>
<BR>[Called By]<UL><LI><a href="#[87]">&gt;&gt;</a>&nbsp;&nbsp;&nbsp;Eth_Link_EXTIConfig
</UL>

<P><STRONG><a name="[87]"></a>Eth_Link_EXTIConfig</STRONG> (Thumb, 86 bytes, Stack size 24 bytes, stm32f4x7_eth_bsp.o(i.Eth_Link_EXTIConfig))
<BR><BR>[Stack]<UL><LI>Max Depth = 44<LI>Call Chain = Eth_Link_EXTIConfig &rArr; GPIO_Init
</UL>
<BR>[Calls]<UL><LI><a href="#[ba]">&gt;&gt;</a>&nbsp;&nbsp;&nbsp;GPIO_EXTILineConfig
<LI><a href="#[bb]">&gt;&gt;</a>&nbsp;&nbsp;&nbsp;EXTI_Init
<LI><a href="#[78]">&gt;&gt;</a>&nbsp;&nbsp;&nbsp;RCC_APB2PeriphClockCmd
<LI><a href="#[7f]">&gt;&gt;</a>&nbsp;&nbsp;&nbsp;NVIC_Init
<LI><a href="#[79]">&gt;&gt;</a>&nbsp;&nbsp;&nbsp;GPIO_Init
</UL>
<BR>[Called By]<UL><LI><a href="#[80]">&gt;&gt;</a>&nbsp;&nbsp;&nbsp;ETH_BSP_Config
</UL>

<P><STRONG><a name="[b8]"></a>Eth_Link_ITHandler</STRONG> (Thumb, 56 bytes, Stack size 8 bytes, stm32f4x7_eth_bsp.o(i.Eth_Link_ITHandler))
<BR><BR>[Stack]<UL><LI>Max Depth = 140<LI>Call Chain = Eth_Link_ITHandler &rArr; netif_set_link_up &rArr; etharp_request &rArr; etharp_raw &rArr; pbuf_alloc &rArr; pbuf_free &rArr; mem_free &rArr; plug_holes
</UL>
<BR>[Calls]<UL><LI><a href="#[9b]">&gt;&gt;</a>&nbsp;&nbsp;&nbsp;ETH_ReadPHYRegister
<LI><a href="#[bc]">&gt;&gt;</a>&nbsp;&nbsp;&nbsp;netif_set_link_up
<LI><a href="#[bd]">&gt;&gt;</a>&nbsp;&nbsp;&nbsp;netif_set_link_down
</UL>
<BR>[Called By]<UL><LI><a href="#[1b]">&gt;&gt;</a>&nbsp;&nbsp;&nbsp;EXTI4_IRQHandler
</UL>

<P><STRONG><a name="[86]"></a>Eth_Link_PHYITConfig</STRONG> (Thumb, 54 bytes, Stack size 8 bytes, stm32f4x7_eth_bsp.o(i.Eth_Link_PHYITConfig))
<BR><BR>[Stack]<UL><LI>Max Depth = 24<LI>Call Chain = Eth_Link_PHYITConfig &rArr; ETH_WritePHYRegister
</UL>
<BR>[Calls]<UL><LI><a href="#[9a]">&gt;&gt;</a>&nbsp;&nbsp;&nbsp;ETH_WritePHYRegister
<LI><a href="#[9b]">&gt;&gt;</a>&nbsp;&nbsp;&nbsp;ETH_ReadPHYRegister
</UL>
<BR>[Called By]<UL><LI><a href="#[80]">&gt;&gt;</a>&nbsp;&nbsp;&nbsp;ETH_BSP_Config
</UL>

<P><STRONG><a name="[be]"></a>FLASH_ErasePage</STRONG> (Thumb, 60 bytes, Stack size 16 bytes, stm32f10x_flash.o(i.FLASH_ErasePage))
<BR><BR>[Stack]<UL><LI>Max Depth = 28<LI>Call Chain = FLASH_ErasePage &rArr; FLASH_WaitForLastOperation
</UL>
<BR>[Calls]<UL><LI><a href="#[bf]">&gt;&gt;</a>&nbsp;&nbsp;&nbsp;FLASH_WaitForLastOperation
</UL>
<BR>[Called By]<UL><LI><a href="#[e4]">&gt;&gt;</a>&nbsp;&nbsp;&nbsp;STMFLASH_Write
</UL>

<P><STRONG><a name="[c1]"></a>FLASH_GetStatus</STRONG> (Thumb, 34 bytes, Stack size 0 bytes, stm32f10x_flash.o(i.FLASH_GetStatus))
<BR><BR>[Called By]<UL><LI><a href="#[bf]">&gt;&gt;</a>&nbsp;&nbsp;&nbsp;FLASH_WaitForLastOperation
</UL>

<P><STRONG><a name="[e8]"></a>FLASH_Lock</STRONG> (Thumb, 12 bytes, Stack size 0 bytes, stm32f10x_flash.o(i.FLASH_Lock))
<BR><BR>[Called By]<UL><LI><a href="#[e4]">&gt;&gt;</a>&nbsp;&nbsp;&nbsp;STMFLASH_Write
</UL>

<P><STRONG><a name="[c0]"></a>FLASH_ProgramHalfWord</STRONG> (Thumb, 50 bytes, Stack size 16 bytes, stm32f10x_flash.o(i.FLASH_ProgramHalfWord))
<BR><BR>[Stack]<UL><LI>Max Depth = 28<LI>Call Chain = FLASH_ProgramHalfWord &rArr; FLASH_WaitForLastOperation
</UL>
<BR>[Calls]<UL><LI><a href="#[bf]">&gt;&gt;</a>&nbsp;&nbsp;&nbsp;FLASH_WaitForLastOperation
</UL>
<BR>[Called By]<UL><LI><a href="#[e7]">&gt;&gt;</a>&nbsp;&nbsp;&nbsp;STMFLASH_Write_NoCheck
</UL>

<P><STRONG><a name="[e5]"></a>FLASH_Unlock</STRONG> (Thumb, 12 bytes, Stack size 0 bytes, stm32f10x_flash.o(i.FLASH_Unlock))
<BR><BR>[Called By]<UL><LI><a href="#[e4]">&gt;&gt;</a>&nbsp;&nbsp;&nbsp;STMFLASH_Write
</UL>

<P><STRONG><a name="[bf]"></a>FLASH_WaitForLastOperation</STRONG> (Thumb, 46 bytes, Stack size 12 bytes, stm32f10x_flash.o(i.FLASH_WaitForLastOperation))
<BR><BR>[Stack]<UL><LI>Max Depth = 12<LI>Call Chain = FLASH_WaitForLastOperation
</UL>
<BR>[Calls]<UL><LI><a href="#[c1]">&gt;&gt;</a>&nbsp;&nbsp;&nbsp;FLASH_GetStatus
</UL>
<BR>[Called By]<UL><LI><a href="#[c0]">&gt;&gt;</a>&nbsp;&nbsp;&nbsp;FLASH_ProgramHalfWord
<LI><a href="#[be]">&gt;&gt;</a>&nbsp;&nbsp;&nbsp;FLASH_ErasePage
</UL>

<P><STRONG><a name="[8a]"></a>GPIO_ETH_MediaInterfaceConfig</STRONG> (Thumb, 8 bytes, Stack size 0 bytes, stm32f10x_gpio.o(i.GPIO_ETH_MediaInterfaceConfig))
<BR><BR>[Called By]<UL><LI><a href="#[82]">&gt;&gt;</a>&nbsp;&nbsp;&nbsp;ETH_GPIO_Config
</UL>

<P><STRONG><a name="[ba]"></a>GPIO_EXTILineConfig</STRONG> (Thumb, 34 bytes, Stack size 8 bytes, stm32f10x_gpio.o(i.GPIO_EXTILineConfig))
<BR><BR>[Stack]<UL><LI>Max Depth = 8<LI>Call Chain = GPIO_EXTILineConfig
</UL>
<BR>[Called By]<UL><LI><a href="#[87]">&gt;&gt;</a>&nbsp;&nbsp;&nbsp;Eth_Link_EXTIConfig
</UL>

<P><STRONG><a name="[79]"></a>GPIO_Init</STRONG> (Thumb, 156 bytes, Stack size 20 bytes, stm32f10x_gpio.o(i.GPIO_Init))
<BR><BR>[Stack]<UL><LI>Max Depth = 20<LI>Call Chain = GPIO_Init
</UL>
<BR>[Called By]<UL><LI><a href="#[87]">&gt;&gt;</a>&nbsp;&nbsp;&nbsp;Eth_Link_EXTIConfig
<LI><a href="#[82]">&gt;&gt;</a>&nbsp;&nbsp;&nbsp;ETH_GPIO_Config
<LI><a href="#[dd]">&gt;&gt;</a>&nbsp;&nbsp;&nbsp;PTimer_Init
<LI><a href="#[ce]">&gt;&gt;</a>&nbsp;&nbsp;&nbsp;LED_Init
<LI><a href="#[76]">&gt;&gt;</a>&nbsp;&nbsp;&nbsp;CTimer_Init
<LI><a href="#[11d]">&gt;&gt;</a>&nbsp;&nbsp;&nbsp;usart5_init
<LI><a href="#[119]">&gt;&gt;</a>&nbsp;&nbsp;&nbsp;usart4_init
<LI><a href="#[11c]">&gt;&gt;</a>&nbsp;&nbsp;&nbsp;usart3_init
<LI><a href="#[11b]">&gt;&gt;</a>&nbsp;&nbsp;&nbsp;usart2_init
<LI><a href="#[11a]">&gt;&gt;</a>&nbsp;&nbsp;&nbsp;usart1_init
</UL>

<P><STRONG><a name="[7a]"></a>GPIO_PinRemapConfig</STRONG> (Thumb, 66 bytes, Stack size 20 bytes, stm32f10x_gpio.o(i.GPIO_PinRemapConfig))
<BR><BR>[Stack]<UL><LI>Max Depth = 20<LI>Call Chain = GPIO_PinRemapConfig
</UL>
<BR>[Called By]<UL><LI><a href="#[85]">&gt;&gt;</a>&nbsp;&nbsp;&nbsp;TIM_Configuration
<LI><a href="#[82]">&gt;&gt;</a>&nbsp;&nbsp;&nbsp;ETH_GPIO_Config
<LI><a href="#[dd]">&gt;&gt;</a>&nbsp;&nbsp;&nbsp;PTimer_Init
<LI><a href="#[76]">&gt;&gt;</a>&nbsp;&nbsp;&nbsp;CTimer_Init
<LI><a href="#[11b]">&gt;&gt;</a>&nbsp;&nbsp;&nbsp;usart2_init
</UL>

<P><STRONG><a name="[120]"></a>GPIO_ResetBits</STRONG> (Thumb, 4 bytes, Stack size 0 bytes, stm32f10x_gpio.o(i.GPIO_ResetBits))
<BR><BR>[Called By]<UL><LI><a href="#[cd]">&gt;&gt;</a>&nbsp;&nbsp;&nbsp;com_send_str
</UL>

<P><STRONG><a name="[cf]"></a>GPIO_SetBits</STRONG> (Thumb, 4 bytes, Stack size 0 bytes, stm32f10x_gpio.o(i.GPIO_SetBits))
<BR><BR>[Called By]<UL><LI><a href="#[ce]">&gt;&gt;</a>&nbsp;&nbsp;&nbsp;LED_Init
<LI><a href="#[cd]">&gt;&gt;</a>&nbsp;&nbsp;&nbsp;com_send_str
</UL>

<P><STRONG><a name="[9]"></a>HardFault_Handler</STRONG> (Thumb, 2 bytes, Stack size 0 bytes, stm32f10x_it.o(i.HardFault_Handler))
<BR><BR>[Calls]<UL><LI><a href="#[9]">&gt;&gt;</a>&nbsp;&nbsp;&nbsp;HardFault_Handler
</UL>
<BR>[Called By]<UL><LI><a href="#[9]">&gt;&gt;</a>&nbsp;&nbsp;&nbsp;HardFault_Handler
</UL>
<BR>[Address Reference Count : 1]<UL><LI> startup_stm32f107xc.o(RESET)
</UL>
<P><STRONG><a name="[c8]"></a>IWDG_Enable</STRONG> (Thumb, 10 bytes, Stack size 0 bytes, stm32f10x_iwdg.o(i.IWDG_Enable))
<BR><BR>[Called By]<UL><LI><a href="#[c4]">&gt;&gt;</a>&nbsp;&nbsp;&nbsp;IWDG_Init
</UL>

<P><STRONG><a name="[c2]"></a>IWDG_Feed</STRONG> (Thumb, 4 bytes, Stack size 0 bytes, iwdg.o(i.IWDG_Feed))
<BR><BR>[Calls]<UL><LI><a href="#[c3]">&gt;&gt;</a>&nbsp;&nbsp;&nbsp;IWDG_ReloadCounter
</UL>
<BR>[Called By]<UL><LI><a href="#[4]">&gt;&gt;</a>&nbsp;&nbsp;&nbsp;LED_CallBack
</UL>

<P><STRONG><a name="[c4]"></a>IWDG_Init</STRONG> (Thumb, 38 bytes, Stack size 16 bytes, iwdg.o(i.IWDG_Init))
<BR><BR>[Stack]<UL><LI>Max Depth = 16<LI>Call Chain = IWDG_Init
</UL>
<BR>[Calls]<UL><LI><a href="#[c5]">&gt;&gt;</a>&nbsp;&nbsp;&nbsp;IWDG_WriteAccessCmd
<LI><a href="#[c7]">&gt;&gt;</a>&nbsp;&nbsp;&nbsp;IWDG_SetReload
<LI><a href="#[c6]">&gt;&gt;</a>&nbsp;&nbsp;&nbsp;IWDG_SetPrescaler
<LI><a href="#[c3]">&gt;&gt;</a>&nbsp;&nbsp;&nbsp;IWDG_ReloadCounter
<LI><a href="#[c8]">&gt;&gt;</a>&nbsp;&nbsp;&nbsp;IWDG_Enable
</UL>
<BR>[Called By]<UL><LI><a href="#[19f]">&gt;&gt;</a>&nbsp;&nbsp;&nbsp;system_init
</UL>

<P><STRONG><a name="[c3]"></a>IWDG_ReloadCounter</STRONG> (Thumb, 10 bytes, Stack size 0 bytes, stm32f10x_iwdg.o(i.IWDG_ReloadCounter))
<BR><BR>[Called By]<UL><LI><a href="#[c4]">&gt;&gt;</a>&nbsp;&nbsp;&nbsp;IWDG_Init
<LI><a href="#[c2]">&gt;&gt;</a>&nbsp;&nbsp;&nbsp;IWDG_Feed
</UL>

<P><STRONG><a name="[c6]"></a>IWDG_SetPrescaler</STRONG> (Thumb, 6 bytes, Stack size 0 bytes, stm32f10x_iwdg.o(i.IWDG_SetPrescaler))
<BR><BR>[Called By]<UL><LI><a href="#[c4]">&gt;&gt;</a>&nbsp;&nbsp;&nbsp;IWDG_Init
</UL>

<P><STRONG><a name="[c7]"></a>IWDG_SetReload</STRONG> (Thumb, 6 bytes, Stack size 0 bytes, stm32f10x_iwdg.o(i.IWDG_SetReload))
<BR><BR>[Called By]<UL><LI><a href="#[c4]">&gt;&gt;</a>&nbsp;&nbsp;&nbsp;IWDG_Init
</UL>

<P><STRONG><a name="[c5]"></a>IWDG_WriteAccessCmd</STRONG> (Thumb, 6 bytes, Stack size 0 bytes, stm32f10x_iwdg.o(i.IWDG_WriteAccessCmd))
<BR><BR>[Called By]<UL><LI><a href="#[c4]">&gt;&gt;</a>&nbsp;&nbsp;&nbsp;IWDG_Init
</UL>

<P><STRONG><a name="[ce]"></a>LED_Init</STRONG> (Thumb, 50 bytes, Stack size 16 bytes, led.o(i.LED_Init))
<BR><BR>[Stack]<UL><LI>Max Depth = 36<LI>Call Chain = LED_Init &rArr; GPIO_Init
</UL>
<BR>[Calls]<UL><LI><a href="#[cf]">&gt;&gt;</a>&nbsp;&nbsp;&nbsp;GPIO_SetBits
<LI><a href="#[78]">&gt;&gt;</a>&nbsp;&nbsp;&nbsp;RCC_APB2PeriphClockCmd
<LI><a href="#[79]">&gt;&gt;</a>&nbsp;&nbsp;&nbsp;GPIO_Init
</UL>
<BR>[Called By]<UL><LI><a href="#[19f]">&gt;&gt;</a>&nbsp;&nbsp;&nbsp;system_init
</UL>

<P><STRONG><a name="[d0]"></a>LwIP_Init</STRONG> (Thumb, 144 bytes, Stack size 48 bytes, netconf.o(i.LwIP_Init))
<BR><BR>[Stack]<UL><LI>Max Depth = 180<LI>Call Chain = LwIP_Init &rArr; netif_set_up &rArr; etharp_request &rArr; etharp_raw &rArr; pbuf_alloc &rArr; pbuf_free &rArr; mem_free &rArr; plug_holes
</UL>
<BR>[Calls]<UL><LI><a href="#[d6]">&gt;&gt;</a>&nbsp;&nbsp;&nbsp;netif_set_link_callback
<LI><a href="#[d5]">&gt;&gt;</a>&nbsp;&nbsp;&nbsp;netif_set_default
<LI><a href="#[d4]">&gt;&gt;</a>&nbsp;&nbsp;&nbsp;netif_add
<LI><a href="#[d2]">&gt;&gt;</a>&nbsp;&nbsp;&nbsp;memp_init
<LI><a href="#[d1]">&gt;&gt;</a>&nbsp;&nbsp;&nbsp;mem_init
<LI><a href="#[d3]">&gt;&gt;</a>&nbsp;&nbsp;&nbsp;Set_MAC_Address
<LI><a href="#[b5]">&gt;&gt;</a>&nbsp;&nbsp;&nbsp;netif_set_up
<LI><a href="#[b3]">&gt;&gt;</a>&nbsp;&nbsp;&nbsp;netif_set_addr
</UL>
<BR>[Called By]<UL><LI><a href="#[19f]">&gt;&gt;</a>&nbsp;&nbsp;&nbsp;system_init
</UL>

<P><STRONG><a name="[d7]"></a>LwIP_Periodic_Handle</STRONG> (Thumb, 32 bytes, Stack size 8 bytes, netconf.o(i.LwIP_Periodic_Handle))
<BR><BR>[Stack]<UL><LI>Max Depth = 76<LI>Call Chain = LwIP_Periodic_Handle &rArr; etharp_tmr &rArr; free_etharp_q &rArr; pbuf_free &rArr; mem_free &rArr; plug_holes
</UL>
<BR>[Calls]<UL><LI><a href="#[d8]">&gt;&gt;</a>&nbsp;&nbsp;&nbsp;etharp_tmr
</UL>
<BR>[Called By]<UL><LI><a href="#[1a1]">&gt;&gt;</a>&nbsp;&nbsp;&nbsp;run_task
</UL>

<P><STRONG><a name="[96]"></a>LwIP_Pkt_Handle</STRONG> (Thumb, 6 bytes, Stack size 0 bytes, netconf.o(i.LwIP_Pkt_Handle))
<BR><BR>[Stack]<UL><LI>Max Depth = 116<LI>Call Chain = LwIP_Pkt_Handle &rArr; ethernetif_input &rArr; low_level_input &rArr; pbuf_alloc &rArr; pbuf_free &rArr; mem_free &rArr; plug_holes
</UL>
<BR>[Calls]<UL><LI><a href="#[d9]">&gt;&gt;</a>&nbsp;&nbsp;&nbsp;ethernetif_input
</UL>
<BR>[Called By]<UL><LI><a href="#[47]">&gt;&gt;</a>&nbsp;&nbsp;&nbsp;ETH_IRQHandler
</UL>

<P><STRONG><a name="[a]"></a>MemManage_Handler</STRONG> (Thumb, 2 bytes, Stack size 0 bytes, stm32f10x_it.o(i.MemManage_Handler))
<BR><BR>[Calls]<UL><LI><a href="#[a]">&gt;&gt;</a>&nbsp;&nbsp;&nbsp;MemManage_Handler
</UL>
<BR>[Called By]<UL><LI><a href="#[a]">&gt;&gt;</a>&nbsp;&nbsp;&nbsp;MemManage_Handler
</UL>
<BR>[Address Reference Count : 1]<UL><LI> startup_stm32f107xc.o(RESET)
</UL>
<P><STRONG><a name="[f9]"></a>NMEA_Comma_Pos</STRONG> (Thumb, 42 bytes, Stack size 0 bytes, bds.o(i.NMEA_Comma_Pos))
<BR><BR>[Called By]<UL><LI><a href="#[f7]">&gt;&gt;</a>&nbsp;&nbsp;&nbsp;TOD_Analysis
</UL>

<P><STRONG><a name="[db]"></a>NMEA_Pow</STRONG> (Thumb, 16 bytes, Stack size 0 bytes, bds.o(i.NMEA_Pow))
<BR><BR>[Called By]<UL><LI><a href="#[da]">&gt;&gt;</a>&nbsp;&nbsp;&nbsp;NMEA_Str2num
</UL>

<P><STRONG><a name="[da]"></a>NMEA_Str2num</STRONG> (Thumb, 192 bytes, Stack size 36 bytes, bds.o(i.NMEA_Str2num))
<BR><BR>[Stack]<UL><LI>Max Depth = 36<LI>Call Chain = NMEA_Str2num
</UL>
<BR>[Calls]<UL><LI><a href="#[db]">&gt;&gt;</a>&nbsp;&nbsp;&nbsp;NMEA_Pow
</UL>
<BR>[Called By]<UL><LI><a href="#[f7]">&gt;&gt;</a>&nbsp;&nbsp;&nbsp;TOD_Analysis
</UL>

<P><STRONG><a name="[8]"></a>NMI_Handler</STRONG> (Thumb, 2 bytes, Stack size 0 bytes, stm32f10x_it.o(i.NMI_Handler))
<BR>[Address Reference Count : 1]<UL><LI> startup_stm32f107xc.o(RESET)
</UL>
<P><STRONG><a name="[7f]"></a>NVIC_Init</STRONG> (Thumb, 94 bytes, Stack size 12 bytes, misc.o(i.NVIC_Init))
<BR><BR>[Stack]<UL><LI>Max Depth = 12<LI>Call Chain = NVIC_Init
</UL>
<BR>[Called By]<UL><LI><a href="#[87]">&gt;&gt;</a>&nbsp;&nbsp;&nbsp;Eth_Link_EXTIConfig
<LI><a href="#[80]">&gt;&gt;</a>&nbsp;&nbsp;&nbsp;ETH_BSP_Config
<LI><a href="#[76]">&gt;&gt;</a>&nbsp;&nbsp;&nbsp;CTimer_Init
<LI><a href="#[11d]">&gt;&gt;</a>&nbsp;&nbsp;&nbsp;usart5_init
<LI><a href="#[119]">&gt;&gt;</a>&nbsp;&nbsp;&nbsp;usart4_init
<LI><a href="#[11c]">&gt;&gt;</a>&nbsp;&nbsp;&nbsp;usart3_init
<LI><a href="#[11b]">&gt;&gt;</a>&nbsp;&nbsp;&nbsp;usart2_init
<LI><a href="#[11a]">&gt;&gt;</a>&nbsp;&nbsp;&nbsp;usart1_init
</UL>

<P><STRONG><a name="[83]"></a>NVIC_PriorityGroupConfig</STRONG> (Thumb, 10 bytes, Stack size 0 bytes, misc.o(i.NVIC_PriorityGroupConfig))
<BR><BR>[Called By]<UL><LI><a href="#[80]">&gt;&gt;</a>&nbsp;&nbsp;&nbsp;ETH_BSP_Config
<LI><a href="#[19f]">&gt;&gt;</a>&nbsp;&nbsp;&nbsp;system_init
</UL>

<P><STRONG><a name="[dc]"></a>PTPd_Init</STRONG> (Thumb, 88 bytes, Stack size 8 bytes, ptpd.o(i.PTPd_Init))
<BR><BR>[Stack]<UL><LI>Max Depth = 100<LI>Call Chain = PTPd_Init &rArr; ptpdStartup &rArr; toState &rArr; initClock &rArr; netEmptyEventQ &rArr; pbuf_free &rArr; mem_free &rArr; plug_holes
</UL>
<BR>[Calls]<UL><LI><a href="#[b4]">&gt;&gt;</a>&nbsp;&nbsp;&nbsp;ptpdStartup
</UL>
<BR>[Called By]<UL><LI><a href="#[114]">&gt;&gt;</a>&nbsp;&nbsp;&nbsp;cmd_handle_usart5
<LI><a href="#[19f]">&gt;&gt;</a>&nbsp;&nbsp;&nbsp;system_init
</UL>

<P><STRONG><a name="[dd]"></a>PTimer_Init</STRONG> (Thumb, 230 bytes, Stack size 64 bytes, timer.o(i.PTimer_Init))
<BR><BR>[Stack]<UL><LI>Max Depth = 84<LI>Call Chain = PTimer_Init &rArr; RCC_GetClocksFreq
</UL>
<BR>[Calls]<UL><LI><a href="#[99]">&gt;&gt;</a>&nbsp;&nbsp;&nbsp;RCC_GetClocksFreq
<LI><a href="#[78]">&gt;&gt;</a>&nbsp;&nbsp;&nbsp;RCC_APB2PeriphClockCmd
<LI><a href="#[77]">&gt;&gt;</a>&nbsp;&nbsp;&nbsp;RCC_APB1PeriphClockCmd
<LI><a href="#[7a]">&gt;&gt;</a>&nbsp;&nbsp;&nbsp;GPIO_PinRemapConfig
<LI><a href="#[79]">&gt;&gt;</a>&nbsp;&nbsp;&nbsp;GPIO_Init
<LI><a href="#[e2]">&gt;&gt;</a>&nbsp;&nbsp;&nbsp;TIM_SelectSlaveMode
<LI><a href="#[e1]">&gt;&gt;</a>&nbsp;&nbsp;&nbsp;TIM_SelectOnePulseMode
<LI><a href="#[e0]">&gt;&gt;</a>&nbsp;&nbsp;&nbsp;TIM_SelectInputTrigger
<LI><a href="#[de]">&gt;&gt;</a>&nbsp;&nbsp;&nbsp;TIM_TimeBaseInit
<LI><a href="#[df]">&gt;&gt;</a>&nbsp;&nbsp;&nbsp;TIM_OC1Init
</UL>
<BR>[Called By]<UL><LI><a href="#[19f]">&gt;&gt;</a>&nbsp;&nbsp;&nbsp;system_init
</UL>

<P><STRONG><a name="[f]"></a>PendSV_Handler</STRONG> (Thumb, 2 bytes, Stack size 0 bytes, stm32f10x_it.o(i.PendSV_Handler))
<BR>[Address Reference Count : 1]<UL><LI> startup_stm32f107xc.o(RESET)
</UL>
<P><STRONG><a name="[81]"></a>RCC_AHBPeriphClockCmd</STRONG> (Thumb, 18 bytes, Stack size 0 bytes, stm32f10x_rcc.o(i.RCC_AHBPeriphClockCmd))
<BR><BR>[Called By]<UL><LI><a href="#[84]">&gt;&gt;</a>&nbsp;&nbsp;&nbsp;ETH_MACDMA_Config
<LI><a href="#[80]">&gt;&gt;</a>&nbsp;&nbsp;&nbsp;ETH_BSP_Config
</UL>

<P><STRONG><a name="[89]"></a>RCC_AHBPeriphResetCmd</STRONG> (Thumb, 18 bytes, Stack size 0 bytes, stm32f10x_rcc.o(i.RCC_AHBPeriphResetCmd))
<BR><BR>[Called By]<UL><LI><a href="#[88]">&gt;&gt;</a>&nbsp;&nbsp;&nbsp;ETH_DeInit
</UL>

<P><STRONG><a name="[77]"></a>RCC_APB1PeriphClockCmd</STRONG> (Thumb, 18 bytes, Stack size 0 bytes, stm32f10x_rcc.o(i.RCC_APB1PeriphClockCmd))
<BR><BR>[Called By]<UL><LI><a href="#[dd]">&gt;&gt;</a>&nbsp;&nbsp;&nbsp;PTimer_Init
<LI><a href="#[76]">&gt;&gt;</a>&nbsp;&nbsp;&nbsp;CTimer_Init
<LI><a href="#[11d]">&gt;&gt;</a>&nbsp;&nbsp;&nbsp;usart5_init
<LI><a href="#[119]">&gt;&gt;</a>&nbsp;&nbsp;&nbsp;usart4_init
<LI><a href="#[11c]">&gt;&gt;</a>&nbsp;&nbsp;&nbsp;usart3_init
<LI><a href="#[11b]">&gt;&gt;</a>&nbsp;&nbsp;&nbsp;usart2_init
</UL>

<P><STRONG><a name="[78]"></a>RCC_APB2PeriphClockCmd</STRONG> (Thumb, 18 bytes, Stack size 0 bytes, stm32f10x_rcc.o(i.RCC_APB2PeriphClockCmd))
<BR><BR>[Called By]<UL><LI><a href="#[87]">&gt;&gt;</a>&nbsp;&nbsp;&nbsp;Eth_Link_EXTIConfig
<LI><a href="#[82]">&gt;&gt;</a>&nbsp;&nbsp;&nbsp;ETH_GPIO_Config
<LI><a href="#[dd]">&gt;&gt;</a>&nbsp;&nbsp;&nbsp;PTimer_Init
<LI><a href="#[ce]">&gt;&gt;</a>&nbsp;&nbsp;&nbsp;LED_Init
<LI><a href="#[76]">&gt;&gt;</a>&nbsp;&nbsp;&nbsp;CTimer_Init
<LI><a href="#[11d]">&gt;&gt;</a>&nbsp;&nbsp;&nbsp;usart5_init
<LI><a href="#[119]">&gt;&gt;</a>&nbsp;&nbsp;&nbsp;usart4_init
<LI><a href="#[11c]">&gt;&gt;</a>&nbsp;&nbsp;&nbsp;usart3_init
<LI><a href="#[11b]">&gt;&gt;</a>&nbsp;&nbsp;&nbsp;usart2_init
<LI><a href="#[11a]">&gt;&gt;</a>&nbsp;&nbsp;&nbsp;usart1_init
</UL>

<P><STRONG><a name="[99]"></a>RCC_GetClocksFreq</STRONG> (Thumb, 180 bytes, Stack size 20 bytes, stm32f10x_rcc.o(i.RCC_GetClocksFreq))
<BR><BR>[Stack]<UL><LI>Max Depth = 20<LI>Call Chain = RCC_GetClocksFreq
</UL>
<BR>[Called By]<UL><LI><a href="#[85]">&gt;&gt;</a>&nbsp;&nbsp;&nbsp;TIM_Configuration
<LI><a href="#[98]">&gt;&gt;</a>&nbsp;&nbsp;&nbsp;ETH_Init
<LI><a href="#[dd]">&gt;&gt;</a>&nbsp;&nbsp;&nbsp;PTimer_Init
<LI><a href="#[fd]">&gt;&gt;</a>&nbsp;&nbsp;&nbsp;USART_Init
</UL>

<P><STRONG><a name="[8d]"></a>RCC_GetFlagStatus</STRONG> (Thumb, 42 bytes, Stack size 0 bytes, stm32f10x_rcc.o(i.RCC_GetFlagStatus))
<BR><BR>[Called By]<UL><LI><a href="#[82]">&gt;&gt;</a>&nbsp;&nbsp;&nbsp;ETH_GPIO_Config
</UL>

<P><STRONG><a name="[8e]"></a>RCC_MCOConfig</STRONG> (Thumb, 6 bytes, Stack size 0 bytes, stm32f10x_rcc.o(i.RCC_MCOConfig))
<BR><BR>[Called By]<UL><LI><a href="#[82]">&gt;&gt;</a>&nbsp;&nbsp;&nbsp;ETH_GPIO_Config
</UL>

<P><STRONG><a name="[8c]"></a>RCC_PLL3Cmd</STRONG> (Thumb, 6 bytes, Stack size 0 bytes, stm32f10x_rcc.o(i.RCC_PLL3Cmd))
<BR><BR>[Called By]<UL><LI><a href="#[82]">&gt;&gt;</a>&nbsp;&nbsp;&nbsp;ETH_GPIO_Config
</UL>

<P><STRONG><a name="[8b]"></a>RCC_PLL3Config</STRONG> (Thumb, 14 bytes, Stack size 0 bytes, stm32f10x_rcc.o(i.RCC_PLL3Config))
<BR><BR>[Called By]<UL><LI><a href="#[82]">&gt;&gt;</a>&nbsp;&nbsp;&nbsp;ETH_GPIO_Config
</UL>

<P><STRONG><a name="[e6]"></a>STMFLASH_Read</STRONG> (Thumb, 24 bytes, Stack size 8 bytes, stmflash.o(i.STMFLASH_Read))
<BR><BR>[Stack]<UL><LI>Max Depth = 8<LI>Call Chain = STMFLASH_Read
</UL>
<BR>[Called By]<UL><LI><a href="#[e4]">&gt;&gt;</a>&nbsp;&nbsp;&nbsp;STMFLASH_Write
</UL>

<P><STRONG><a name="[e4]"></a>STMFLASH_Write</STRONG> (Thumb, 186 bytes, Stack size 40 bytes, stmflash.o(i.STMFLASH_Write))
<BR><BR>[Stack]<UL><LI>Max Depth = 92<LI>Call Chain = STMFLASH_Write &rArr; STMFLASH_Write_NoCheck &rArr; FLASH_ProgramHalfWord &rArr; FLASH_WaitForLastOperation
</UL>
<BR>[Calls]<UL><LI><a href="#[e5]">&gt;&gt;</a>&nbsp;&nbsp;&nbsp;FLASH_Unlock
<LI><a href="#[e8]">&gt;&gt;</a>&nbsp;&nbsp;&nbsp;FLASH_Lock
<LI><a href="#[be]">&gt;&gt;</a>&nbsp;&nbsp;&nbsp;FLASH_ErasePage
<LI><a href="#[e7]">&gt;&gt;</a>&nbsp;&nbsp;&nbsp;STMFLASH_Write_NoCheck
<LI><a href="#[e6]">&gt;&gt;</a>&nbsp;&nbsp;&nbsp;STMFLASH_Read
</UL>
<BR>[Called By]<UL><LI><a href="#[114]">&gt;&gt;</a>&nbsp;&nbsp;&nbsp;cmd_handle_usart5
</UL>

<P><STRONG><a name="[e7]"></a>STMFLASH_Write_NoCheck</STRONG> (Thumb, 38 bytes, Stack size 24 bytes, stmflash.o(i.STMFLASH_Write_NoCheck))
<BR><BR>[Stack]<UL><LI>Max Depth = 52<LI>Call Chain = STMFLASH_Write_NoCheck &rArr; FLASH_ProgramHalfWord &rArr; FLASH_WaitForLastOperation
</UL>
<BR>[Calls]<UL><LI><a href="#[c0]">&gt;&gt;</a>&nbsp;&nbsp;&nbsp;FLASH_ProgramHalfWord
</UL>
<BR>[Called By]<UL><LI><a href="#[e4]">&gt;&gt;</a>&nbsp;&nbsp;&nbsp;STMFLASH_Write
</UL>

<P><STRONG><a name="[d]"></a>SVC_Handler</STRONG> (Thumb, 2 bytes, Stack size 0 bytes, stm32f10x_it.o(i.SVC_Handler))
<BR>[Address Reference Count : 1]<UL><LI> startup_stm32f107xc.o(RESET)
</UL>
<P><STRONG><a name="[e9]"></a>SecToTime</STRONG> (Thumb, 302 bytes, Stack size 0 bytes, mktime.o(i.SecToTime))
<BR><BR>[Stack]<UL><LI>Max Depth = 64<LI>Call Chain = SecToTime &rArr; calc_date_time
</UL>
<BR>[Calls]<UL><LI><a href="#[ea]">&gt;&gt;</a>&nbsp;&nbsp;&nbsp;calc_date_time
</UL>
<BR>[Called By]<UL><LI><a href="#[e3]">&gt;&gt;</a>&nbsp;&nbsp;&nbsp;ptp_tod_msg_pack
</UL>

<P><STRONG><a name="[d3]"></a>Set_MAC_Address</STRONG> (Thumb, 34 bytes, Stack size 0 bytes, ethernetif.o(i.Set_MAC_Address))
<BR><BR>[Calls]<UL><LI><a href="#[eb]">&gt;&gt;</a>&nbsp;&nbsp;&nbsp;ETH_MACAddressConfig
</UL>
<BR>[Called By]<UL><LI><a href="#[d0]">&gt;&gt;</a>&nbsp;&nbsp;&nbsp;LwIP_Init
</UL>

<P><STRONG><a name="[10]"></a>SysTick_Handler</STRONG> (Thumb, 4 bytes, Stack size 0 bytes, stm32f10x_it.o(i.SysTick_Handler))
<BR><BR>[Calls]<UL><LI><a href="#[ec]">&gt;&gt;</a>&nbsp;&nbsp;&nbsp;Time_Update
</UL>
<BR>[Address Reference Count : 1]<UL><LI> startup_stm32f107xc.o(RESET)
</UL>
<P><STRONG><a name="[4f]"></a>SystemInit</STRONG> (Thumb, 64 bytes, Stack size 0 bytes, system_stm32f10x.o(i.SystemInit))
<BR><BR>[Stack]<UL><LI>Max Depth = 12<LI>Call Chain = SystemInit &rArr; SetSysClockTo72
</UL>
<BR>[Calls]<UL><LI><a href="#[ed]">&gt;&gt;</a>&nbsp;&nbsp;&nbsp;SetSysClockTo72
</UL>
<BR>[Address Reference Count : 1]<UL><LI> startup_stm32f107xc.o(.text)
</UL>
<P><STRONG><a name="[2e]"></a>TIM3_IRQHandler</STRONG> (Thumb, 62 bytes, Stack size 16 bytes, timer.o(i.TIM3_IRQHandler))
<BR><BR>[Stack]<UL><LI>Max Depth = 40<LI>Call Chain = TIM3_IRQHandler &rArr; getTime &rArr; ETH_PTPTime_GetTime
</UL>
<BR>[Calls]<UL><LI><a href="#[ca]">&gt;&gt;</a>&nbsp;&nbsp;&nbsp;getTime
<LI><a href="#[ee]">&gt;&gt;</a>&nbsp;&nbsp;&nbsp;TIM_GetITStatus
<LI><a href="#[7e]">&gt;&gt;</a>&nbsp;&nbsp;&nbsp;TIM_ClearITPendingBit
</UL>
<BR>[Address Reference Count : 1]<UL><LI> startup_stm32f107xc.o(RESET)
</UL>
<P><STRONG><a name="[7e]"></a>TIM_ClearITPendingBit</STRONG> (Thumb, 6 bytes, Stack size 0 bytes, stm32f10x_tim.o(i.TIM_ClearITPendingBit))
<BR><BR>[Called By]<UL><LI><a href="#[76]">&gt;&gt;</a>&nbsp;&nbsp;&nbsp;CTimer_Init
<LI><a href="#[2e]">&gt;&gt;</a>&nbsp;&nbsp;&nbsp;TIM3_IRQHandler
</UL>

<P><STRONG><a name="[7c]"></a>TIM_Cmd</STRONG> (Thumb, 22 bytes, Stack size 0 bytes, stm32f10x_tim.o(i.TIM_Cmd))
<BR><BR>[Called By]<UL><LI><a href="#[76]">&gt;&gt;</a>&nbsp;&nbsp;&nbsp;CTimer_Init
</UL>

<P><STRONG><a name="[ee]"></a>TIM_GetITStatus</STRONG> (Thumb, 24 bytes, Stack size 0 bytes, stm32f10x_tim.o(i.TIM_GetITStatus))
<BR><BR>[Called By]<UL><LI><a href="#[2e]">&gt;&gt;</a>&nbsp;&nbsp;&nbsp;TIM3_IRQHandler
</UL>

<P><STRONG><a name="[7b]"></a>TIM_ICInit</STRONG> (Thumb, 172 bytes, Stack size 24 bytes, stm32f10x_tim.o(i.TIM_ICInit))
<BR><BR>[Stack]<UL><LI>Max Depth = 44<LI>Call Chain = TIM_ICInit &rArr; TI2_Config
</UL>
<BR>[Calls]<UL><LI><a href="#[f1]">&gt;&gt;</a>&nbsp;&nbsp;&nbsp;TIM_SetIC4Prescaler
<LI><a href="#[f6]">&gt;&gt;</a>&nbsp;&nbsp;&nbsp;TIM_SetIC3Prescaler
<LI><a href="#[f5]">&gt;&gt;</a>&nbsp;&nbsp;&nbsp;TIM_SetIC2Prescaler
<LI><a href="#[f3]">&gt;&gt;</a>&nbsp;&nbsp;&nbsp;TIM_SetIC1Prescaler
[...]
</UL>
<BR>[Calls]<UL><LI><a href="#[133]">&gt;&gt;</a>&nbsp;&nbsp;&nbsp;pbuf_free
<LI><a href="#[16d]">&gt;&gt;</a>&nbsp;&nbsp;&nbsp;ntohs
<LI><a href="#[18b]">&gt;&gt;</a>&nbsp;&nbsp;&nbsp;pbuf_clen
</UL>
<BR>[Called By]<UL><LI><a href="#[187]">&gt;&gt;</a>&nbsp;&nbsp;&nbsp;ip_reass
</UL>

<P><STRONG><a name="[18f]"></a>ip_reass_dequeue_datagram</STRONG> (Thumb, 30 bytes, Stack size 8 bytes, ip_frag.o(i.ip_reass_dequeue_datagram))
<BR><BR>[Stack]<UL><LI>Max Depth = 8<LI>Call Chain = ip_reass_dequeue_datagram
</UL>
<BR>[Calls]<UL><LI><a href="#[147]">&gt;&gt;</a>&nbsp;&nbsp;&nbsp;memp_free
</UL>
<BR>[Called By]<UL><LI><a href="#[190]">&gt;&gt;</a>&nbsp;&nbsp;&nbsp;ip_reass_free_complete_datagram
<LI><a href="#[187]">&gt;&gt;</a>&nbsp;&nbsp;&nbsp;ip_reass
</UL>

<P><STRONG><a name="[190]"></a>ip_reass_free_complete_datagram</STRONG> (Thumb, 106 bytes, Stack size 24 bytes, ip_frag.o(i.ip_reass_free_complete_datagram))
<BR><BR>[Stack]<UL><LI>Max Depth = 308<LI>Call Chain = ip_reass_free_complete_datagram &rArr; icmp_time_exceeded &rArr; icmp_send_response &rArr; ip_output &rArr; ip_output_if &rArr; ip_output_if_opt &rArr; ip_frag &rArr; pbuf_alloc &rArr; pbuf_free &rArr; mem_free &rArr; plug_holes
</UL>
<BR>[Calls]<UL><LI><a href="#[133]">&gt;&gt;</a>&nbsp;&nbsp;&nbsp;pbuf_free
<LI><a href="#[172]">&gt;&gt;</a>&nbsp;&nbsp;&nbsp;icmp_time_exceeded
<LI><a href="#[18b]">&gt;&gt;</a>&nbsp;&nbsp;&nbsp;pbuf_clen
<LI><a href="#[18f]">&gt;&gt;</a>&nbsp;&nbsp;&nbsp;ip_reass_dequeue_datagram
<LI><a href="#[111]">&gt;&gt;</a>&nbsp;&nbsp;&nbsp;__aeabi_memcpy
</UL>
<BR>[Called By]<UL><LI><a href="#[18c]">&gt;&gt;</a>&nbsp;&nbsp;&nbsp;ip_reass_remove_oldest_datagram
</UL>

<P><STRONG><a name="[18c]"></a>ip_reass_remove_oldest_datagram</STRONG> (Thumb, 110 bytes, Stack size 24 bytes, ip_frag.o(i.ip_reass_remove_oldest_datagram))
<BR><BR>[Stack]<UL><LI>Max Depth = 332<LI>Call Chain = ip_reass_remove_oldest_datagram &rArr; ip_reass_free_complete_datagram &rArr; icmp_time_exceeded &rArr; icmp_send_response &rArr; ip_output &rArr; ip_output_if &rArr; ip_output_if_opt &rArr; ip_frag &rArr; pbuf_alloc &rArr; pbuf_free &rArr; mem_free &rArr; plug_holes
</UL>
<BR>[Calls]<UL><LI><a href="#[190]">&gt;&gt;</a>&nbsp;&nbsp;&nbsp;ip_reass_free_complete_datagram
</UL>
<BR>[Called By]<UL><LI><a href="#[187]">&gt;&gt;</a>&nbsp;&nbsp;&nbsp;ip_reass
</UL>

<P><STRONG><a name="[12c]"></a>handle</STRONG> (Thumb, 340 bytes, Stack size 24 bytes, protocol.o(i.handle))
<BR><BR>[Stack]<UL><LI>Max Depth = 444<LI>Call Chain = handle &rArr; handleSync &rArr; issueDelayReqTimerExpired &rArr; netSendPeerEvent &rArr; netSend &rArr; udp_sendto &rArr; udp_sendto_if &rArr; ip_output_if &rArr; ip_output_if_opt &rArr; ip_frag &rArr; pbuf_alloc &rArr; pbuf_free &rArr; mem_free &rArr; plug_holes
</UL>
<BR>[Calls]<UL><LI><a href="#[74]">&gt;&gt;</a>&nbsp;&nbsp;&nbsp;subTime
<LI><a href="#[b2]">&gt;&gt;</a>&nbsp;&nbsp;&nbsp;toState
<LI><a href="#[14a]">&gt;&gt;</a>&nbsp;&nbsp;&nbsp;netSelect
<LI><a href="#[14c]">&gt;&gt;</a>&nbsp;&nbsp;&nbsp;netRecvGeneral
<LI><a href="#[14b]">&gt;&gt;</a>&nbsp;&nbsp;&nbsp;netRecvEvent
<LI><a href="#[156]">&gt;&gt;</a>&nbsp;&nbsp;&nbsp;msgUnpackManagement
<LI><a href="#[14d]">&gt;&gt;</a>&nbsp;&nbsp;&nbsp;msgUnpackHeader
<LI><a href="#[157]">&gt;&gt;</a>&nbsp;&nbsp;&nbsp;ptp_unpack_control
<LI><a href="#[14f]">&gt;&gt;</a>&nbsp;&nbsp;&nbsp;handleSync
<LI><a href="#[155]">&gt;&gt;</a>&nbsp;&nbsp;&nbsp;handlePDelayRespFollowUp
<LI><a href="#[154]">&gt;&gt;</a>&nbsp;&nbsp;&nbsp;handlePDelayResp
<LI><a href="#[152]">&gt;&gt;</a>&nbsp;&nbsp;&nbsp;handlePDelayReq
<LI><a href="#[150]">&gt;&gt;</a>&nbsp;&nbsp;&nbsp;handleFollowUp
<LI><a href="#[153]">&gt;&gt;</a>&nbsp;&nbsp;&nbsp;handleDelayResp
<LI><a href="#[151]">&gt;&gt;</a>&nbsp;&nbsp;&nbsp;handleDelayReq
<LI><a href="#[14e]">&gt;&gt;</a>&nbsp;&nbsp;&nbsp;handleAnnounce
<LI><a href="#[104]">&gt;&gt;</a>&nbsp;&nbsp;&nbsp;isSamePortIdentity
</UL>
<BR>[Called By]<UL><LI><a href="#[122]">&gt;&gt;</a>&nbsp;&nbsp;&nbsp;doState
</UL>

<P><STRONG><a name="[14e]"></a>handleAnnounce</STRONG> (Thumb, 226 bytes, Stack size 32 bytes, protocol.o(i.handleAnnounce))
<BR><BR>[Stack]<UL><LI>Max Depth = 116<LI>Call Chain = handleAnnounce &rArr; toState &rArr; initClock &rArr; netEmptyEventQ &rArr; pbuf_free &rArr; mem_free &rArr; plug_holes
</UL>
<BR>[Calls]<UL><LI><a href="#[b2]">&gt;&gt;</a>&nbsp;&nbsp;&nbsp;toState
<LI><a href="#[159]">&gt;&gt;</a>&nbsp;&nbsp;&nbsp;timerStart
<LI><a href="#[158]">&gt;&gt;</a>&nbsp;&nbsp;&nbsp;msgUnpackAnnounce
<LI><a href="#[10e]">&gt;&gt;</a>&nbsp;&nbsp;&nbsp;s1
<LI><a href="#[104]">&gt;&gt;</a>&nbsp;&nbsp;&nbsp;isSamePortIdentity
<LI><a href="#[103]">&gt;&gt;</a>&nbsp;&nbsp;&nbsp;addForeign
</UL>
<BR>[Called By]<UL><LI><a href="#[12c]">&gt;&gt;</a>&nbsp;&nbsp;&nbsp;handle
</UL>

<P><STRONG><a name="[151]"></a>handleDelayReq</STRONG> (Thumb, 106 bytes, Stack size 24 bytes, protocol.o(i.handleDelayReq))
<BR><BR>[Stack]<UL><LI>Max Depth = 356<LI>Call Chain = handleDelayReq &rArr; netSendGeneral &rArr; netSend &rArr; udp_sendto &rArr; udp_sendto_if &rArr; ip_output_if &rArr; ip_output_if_opt &rArr; ip_frag &rArr; pbuf_alloc &rArr; pbuf_free &rArr; mem_free &rArr; plug_holes
</UL>
<BR>[Calls]<UL><LI><a href="#[b2]">&gt;&gt;</a>&nbsp;&nbsp;&nbsp;toState
<LI><a href="#[12b]">&gt;&gt;</a>&nbsp;&nbsp;&nbsp;netSendGeneral
<LI><a href="#[15b]">&gt;&gt;</a>&nbsp;&nbsp;&nbsp;msgPackDelayResp
<LI><a href="#[15a]">&gt;&gt;</a>&nbsp;&nbsp;&nbsp;fromInternalTime
</UL>
<BR>[Called By]<UL><LI><a href="#[12c]">&gt;&gt;</a>&nbsp;&nbsp;&nbsp;handle
</UL>

<P><STRONG><a name="[153]"></a>handleDelayResp</STRONG> (Thumb, 162 bytes, Stack size 24 bytes, protocol.o(i.handleDelayResp))
<BR><BR>[Stack]<UL><LI>Max Depth = 108<LI>Call Chain = handleDelayResp &rArr; toState &rArr; initClock &rArr; netEmptyEventQ &rArr; pbuf_free &rArr; mem_free &rArr; plug_holes
</UL>
<BR>[Calls]<UL><LI><a href="#[b2]">&gt;&gt;</a>&nbsp;&nbsp;&nbsp;toState
<LI><a href="#[15f]">&gt;&gt;</a>&nbsp;&nbsp;&nbsp;updateDelay
<LI><a href="#[15c]">&gt;&gt;</a>&nbsp;&nbsp;&nbsp;msgUnpackDelayResp
<LI><a href="#[104]">&gt;&gt;</a>&nbsp;&nbsp;&nbsp;isSamePortIdentity
<LI><a href="#[15d]">&gt;&gt;</a>&nbsp;&nbsp;&nbsp;toInternalTime
<LI><a href="#[15e]">&gt;&gt;</a>&nbsp;&nbsp;&nbsp;scaledNanosecondsToInternalTime
</UL>
<BR>[Called By]<UL><LI><a href="#[12c]">&gt;&gt;</a>&nbsp;&nbsp;&nbsp;handle
</UL>

<P><STRONG><a name="[150]"></a>handleFollowUp</STRONG> (Thumb, 164 bytes, Stack size 32 bytes, protocol.o(i.handleFollowUp))
<BR><BR>[Stack]<UL><LI>Max Depth = 420<LI>Call Chain = handleFollowUp &rArr; issueDelayReqTimerExpired &rArr; netSendPeerEvent &rArr; netSend &rArr; udp_sendto &rArr; udp_sendto_if &rArr; ip_output_if &rArr; ip_output_if_opt &rArr; ip_frag &rArr; pbuf_alloc &rArr; pbuf_free &rArr; mem_free &rArr; plug_holes
</UL>
<BR>[Calls]<UL><LI><a href="#[75]">&gt;&gt;</a>&nbsp;&nbsp;&nbsp;updateClock
<LI><a href="#[b2]">&gt;&gt;</a>&nbsp;&nbsp;&nbsp;toState
<LI><a href="#[161]">&gt;&gt;</a>&nbsp;&nbsp;&nbsp;updateOffset
<LI><a href="#[160]">&gt;&gt;</a>&nbsp;&nbsp;&nbsp;msgUnpackFollowUp
<LI><a href="#[12f]">&gt;&gt;</a>&nbsp;&nbsp;&nbsp;issueDelayReqTimerExpired
<LI><a href="#[104]">&gt;&gt;</a>&nbsp;&nbsp;&nbsp;isSamePortIdentity
<LI><a href="#[15d]">&gt;&gt;</a>&nbsp;&nbsp;&nbsp;toInternalTime
<LI><a href="#[15e]">&gt;&gt;</a>&nbsp;&nbsp;&nbsp;scaledNanosecondsToInternalTime
<LI><a href="#[106]">&gt;&gt;</a>&nbsp;&nbsp;&nbsp;addTime
</UL>
<BR>[Called By]<UL><LI><a href="#[12c]">&gt;&gt;</a>&nbsp;&nbsp;&nbsp;handle
</UL>

<P><STRONG><a name="[152]"></a>handlePDelayReq</STRONG> (Thumb, 206 bytes, Stack size 40 bytes, protocol.o(i.handlePDelayReq))
<BR><BR>[Stack]<UL><LI>Max Depth = 380<LI>Call Chain = handlePDelayReq &rArr; netSendPeerEvent &rArr; netSend &rArr; udp_sendto &rArr; udp_sendto_if &rArr; ip_output_if &rArr; ip_output_if_opt &rArr; ip_frag &rArr; pbuf_alloc &rArr; pbuf_free &rArr; mem_free &rArr; plug_holes
</UL>
<BR>[Calls]<UL><LI><a href="#[b2]">&gt;&gt;</a>&nbsp;&nbsp;&nbsp;toState
<LI><a href="#[165]">&gt;&gt;</a>&nbsp;&nbsp;&nbsp;netSendPeerGeneral
<LI><a href="#[163]">&gt;&gt;</a>&nbsp;&nbsp;&nbsp;netSendPeerEvent
<LI><a href="#[164]">&gt;&gt;</a>&nbsp;&nbsp;&nbsp;msgPackPDelayRespFollowUp
<LI><a href="#[162]">&gt;&gt;</a>&nbsp;&nbsp;&nbsp;msgPackPDelayResp
<LI><a href="#[15a]">&gt;&gt;</a>&nbsp;&nbsp;&nbsp;fromInternalTime
<LI><a href="#[106]">&gt;&gt;</a>&nbsp;&nbsp;&nbsp;addTime
</UL>
<BR>[Called By]<UL><LI><a href="#[12c]">&gt;&gt;</a>&nbsp;&nbsp;&nbsp;handle
</UL>

<P><STRONG><a name="[154]"></a>handlePDelayResp</STRONG> (Thumb, 216 bytes, Stack size 40 bytes, protocol.o(i.handlePDelayResp))
<BR><BR>[Stack]<UL><LI>Max Depth = 124<LI>Call Chain = handlePDelayResp &rArr; toState &rArr; initClock &rArr; netEmptyEventQ &rArr; pbuf_free &rArr; mem_free &rArr; plug_holes
</UL>
<BR>[Calls]<UL><LI><a href="#[b2]">&gt;&gt;</a>&nbsp;&nbsp;&nbsp;toState
<LI><a href="#[167]">&gt;&gt;</a>&nbsp;&nbsp;&nbsp;updatePeerDelay
<LI><a href="#[166]">&gt;&gt;</a>&nbsp;&nbsp;&nbsp;msgUnpackPDelayResp
<LI><a href="#[104]">&gt;&gt;</a>&nbsp;&nbsp;&nbsp;isSamePortIdentity
<LI><a href="#[15d]">&gt;&gt;</a>&nbsp;&nbsp;&nbsp;toInternalTime
<LI><a href="#[15e]">&gt;&gt;</a>&nbsp;&nbsp;&nbsp;scaledNanosecondsToInternalTime
</UL>
<BR>[Called By]<UL><LI><a href="#[12c]">&gt;&gt;</a>&nbsp;&nbsp;&nbsp;handle
</UL>

<P><STRONG><a name="[155]"></a>handlePDelayRespFollowUp</STRONG> (Thumb, 150 bytes, Stack size 32 bytes, protocol.o(i.handlePDelayRespFollowUp))
<BR><BR>[Stack]<UL><LI>Max Depth = 116<LI>Call Chain = handlePDelayRespFollowUp &rArr; toState &rArr; initClock &rArr; netEmptyEventQ &rArr; pbuf_free &rArr; mem_free &rArr; plug_holes
</UL>
<BR>[Calls]<UL><LI><a href="#[b2]">&gt;&gt;</a>&nbsp;&nbsp;&nbsp;toState
<LI><a href="#[167]">&gt;&gt;</a>&nbsp;&nbsp;&nbsp;updatePeerDelay
<LI><a href="#[168]">&gt;&gt;</a>&nbsp;&nbsp;&nbsp;msgUnpackPDelayRespFollowUp
<LI><a href="#[15d]">&gt;&gt;</a>&nbsp;&nbsp;&nbsp;toInternalTime
<LI><a href="#[15e]">&gt;&gt;</a>&nbsp;&nbsp;&nbsp;scaledNanosecondsToInternalTime
<LI><a href="#[106]">&gt;&gt;</a>&nbsp;&nbsp;&nbsp;addTime
</UL>
<BR>[Called By]<UL><LI><a href="#[12c]">&gt;&gt;</a>&nbsp;&nbsp;&nbsp;handle
</UL>

<P><STRONG><a name="[14f]"></a>handleSync</STRONG> (Thumb, 180 bytes, Stack size 32 bytes, protocol.o(i.handleSync))
<BR><BR>[Stack]<UL><LI>Max Depth = 420<LI>Call Chain = handleSync &rArr; issueDelayReqTimerExpired &rArr; netSendPeerEvent &rArr; netSend &rArr; udp_sendto &rArr; udp_sendto_if &rArr; ip_output_if &rArr; ip_output_if_opt &rArr; ip_frag &rArr; pbuf_alloc &rArr; pbuf_free &rArr; mem_free &rArr; plug_holes
</UL>
<BR>[Calls]<UL><LI><a href="#[75]">&gt;&gt;</a>&nbsp;&nbsp;&nbsp;updateClock
<LI><a href="#[b2]">&gt;&gt;</a>&nbsp;&nbsp;&nbsp;toState
<LI><a href="#[161]">&gt;&gt;</a>&nbsp;&nbsp;&nbsp;updateOffset
<LI><a href="#[169]">&gt;&gt;</a>&nbsp;&nbsp;&nbsp;msgUnpackSync
<LI><a href="#[12f]">&gt;&gt;</a>&nbsp;&nbsp;&nbsp;issueDelayReqTimerExpired
<LI><a href="#[104]">&gt;&gt;</a>&nbsp;&nbsp;&nbsp;isSamePortIdentity
<LI><a href="#[15d]">&gt;&gt;</a>&nbsp;&nbsp;&nbsp;toInternalTime
<LI><a href="#[15e]">&gt;&gt;</a>&nbsp;&nbsp;&nbsp;scaledNanosecondsToInternalTime
</UL>
<BR>[Called By]<UL><LI><a href="#[12c]">&gt;&gt;</a>&nbsp;&nbsp;&nbsp;handle
</UL>

<P><STRONG><a name="[12f]"></a>issueDelayReqTimerExpired</STRONG> (Thumb, 312 bytes, Stack size 48 bytes, protocol.o(i.issueDelayReqTimerExpired))
<BR><BR>[Stack]<UL><LI>Max Depth = 388<LI>Call Chain = issueDelayReqTimerExpired &rArr; netSendPeerEvent &rArr; netSend &rArr; udp_sendto &rArr; udp_sendto_if &rArr; ip_output_if &rArr; ip_output_if_opt &rArr; ip_frag &rArr; pbuf_alloc &rArr; pbuf_free &rArr; mem_free &rArr; plug_holes
</UL>
<BR>[Calls]<UL><LI><a href="#[ca]">&gt;&gt;</a>&nbsp;&nbsp;&nbsp;getTime
<LI><a href="#[b2]">&gt;&gt;</a>&nbsp;&nbsp;&nbsp;toState
<LI><a href="#[159]">&gt;&gt;</a>&nbsp;&nbsp;&nbsp;timerStart
<LI><a href="#[123]">&gt;&gt;</a>&nbsp;&nbsp;&nbsp;timerExpired
<LI><a href="#[163]">&gt;&gt;</a>&nbsp;&nbsp;&nbsp;netSendPeerEvent
<LI><a href="#[192]">&gt;&gt;</a>&nbsp;&nbsp;&nbsp;netSendEvent
<LI><a href="#[193]">&gt;&gt;</a>&nbsp;&nbsp;&nbsp;msgPackPDelayReq
<LI><a href="#[191]">&gt;&gt;</a>&nbsp;&nbsp;&nbsp;msgPackDelayReq
<LI><a href="#[148]">&gt;&gt;</a>&nbsp;&nbsp;&nbsp;getRand
<LI><a href="#[15a]">&gt;&gt;</a>&nbsp;&nbsp;&nbsp;fromInternalTime
<LI><a href="#[106]">&gt;&gt;</a>&nbsp;&nbsp;&nbsp;addTime
</UL>
<BR>[Called By]<UL><LI><a href="#[122]">&gt;&gt;</a>&nbsp;&nbsp;&nbsp;doState
<LI><a href="#[14f]">&gt;&gt;</a>&nbsp;&nbsp;&nbsp;handleSync
<LI><a href="#[150]">&gt;&gt;</a>&nbsp;&nbsp;&nbsp;handleFollowUp
</UL>

<P><STRONG><a name="[12d]"></a>issueSync</STRONG> (Thumb, 130 bytes, Stack size 48 bytes, protocol.o(i.issueSync))
<BR><BR>[Stack]<UL><LI>Max Depth = 388<LI>Call Chain = issueSync &rArr; netSendEvent &rArr; netSend &rArr; udp_sendto &rArr; udp_sendto_if &rArr; ip_output_if &rArr; ip_output_if_opt &rArr; ip_frag &rArr; pbuf_alloc &rArr; pbuf_free &rArr; mem_free &rArr; plug_holes
</UL>
<BR>[Calls]<UL><LI><a href="#[ca]">&gt;&gt;</a>&nbsp;&nbsp;&nbsp;getTime
<LI><a href="#[b2]">&gt;&gt;</a>&nbsp;&nbsp;&nbsp;toState
<LI><a href="#[12b]">&gt;&gt;</a>&nbsp;&nbsp;&nbsp;netSendGeneral
<LI><a href="#[192]">&gt;&gt;</a>&nbsp;&nbsp;&nbsp;netSendEvent
<LI><a href="#[194]">&gt;&gt;</a>&nbsp;&nbsp;&nbsp;msgPackSync
<LI><a href="#[195]">&gt;&gt;</a>&nbsp;&nbsp;&nbsp;msgPackFollowUp
<LI><a href="#[15a]">&gt;&gt;</a>&nbsp;&nbsp;&nbsp;fromInternalTime
<LI><a href="#[106]">&gt;&gt;</a>&nbsp;&nbsp;&nbsp;addTime
</UL>
<BR>[Called By]<UL><LI><a href="#[122]">&gt;&gt;</a>&nbsp;&nbsp;&nbsp;doState
</UL>

<P><STRONG><a name="[157]"></a>ptp_unpack_control</STRONG> (Thumb, 108 bytes, Stack size 20 bytes, protocol.o(i.ptp_unpack_control))
<BR><BR>[Stack]<UL><LI>Max Depth = 20<LI>Call Chain = ptp_unpack_control
</UL>
<BR>[Called By]<UL><LI><a href="#[12c]">&gt;&gt;</a>&nbsp;&nbsp;&nbsp;handle
</UL>

<P><STRONG><a name="[1ae]"></a>netQCheck</STRONG> (Thumb, 10 bytes, Stack size 0 bytes, net.o(i.netQCheck))
<BR><BR>[Called By]<UL><LI><a href="#[14a]">&gt;&gt;</a>&nbsp;&nbsp;&nbsp;netSelect
</UL>

<P><STRONG><a name="[1a5]"></a>netQGet</STRONG> (Thumb, 40 bytes, Stack size 8 bytes, net.o(i.netQGet))
<BR><BR>[Stack]<UL><LI>Max Depth = 8<LI>Call Chain = netQGet
</UL>
<BR>[Called By]<UL><LI><a href="#[180]">&gt;&gt;</a>&nbsp;&nbsp;&nbsp;netEmptyEventQ
<LI><a href="#[1ac]">&gt;&gt;</a>&nbsp;&nbsp;&nbsp;netRecv
</UL>

<P><STRONG><a name="[1a7]"></a>netQInit</STRONG> (Thumb, 10 bytes, Stack size 0 bytes, net.o(i.netQInit))
<BR><BR>[Called By]<UL><LI><a href="#[125]">&gt;&gt;</a>&nbsp;&nbsp;&nbsp;netInit
</UL>

<P><STRONG><a name="[1ad]"></a>netQPut</STRONG> (Thumb, 44 bytes, Stack size 0 bytes, net.o(i.netQPut))
<BR><BR>[Called By]<UL><LI><a href="#[5b]">&gt;&gt;</a>&nbsp;&nbsp;&nbsp;netRecvGeneralCallback
<LI><a href="#[5a]">&gt;&gt;</a>&nbsp;&nbsp;&nbsp;netRecvEventCallback
</UL>

<P><STRONG><a name="[1ac]"></a>netRecv</STRONG> (Thumb, 80 bytes, Stack size 16 bytes, net.o(i.netRecv))
<BR><BR>[Stack]<UL><LI>Max Depth = 44<LI>Call Chain = netRecv &rArr; pbuf_free &rArr; mem_free &rArr; plug_holes
</UL>
<BR>[Calls]<UL><LI><a href="#[133]">&gt;&gt;</a>&nbsp;&nbsp;&nbsp;pbuf_free
<LI><a href="#[1a5]">&gt;&gt;</a>&nbsp;&nbsp;&nbsp;netQGet
</UL>
<BR>[Called By]<UL><LI><a href="#[14c]">&gt;&gt;</a>&nbsp;&nbsp;&nbsp;netRecvGeneral
<LI><a href="#[14b]">&gt;&gt;</a>&nbsp;&nbsp;&nbsp;netRecvEvent
</UL>

<P><STRONG><a name="[5a]"></a>netRecvEventCallback</STRONG> (Thumb, 28 bytes, Stack size 8 bytes, net.o(i.netRecvEventCallback))
<BR><BR>[Stack]<UL><LI>Max Depth = 36<LI>Call Chain = netRecvEventCallback &rArr; pbuf_free &rArr; mem_free &rArr; plug_holes
</UL>
<BR>[Calls]<UL><LI><a href="#[133]">&gt;&gt;</a>&nbsp;&nbsp;&nbsp;pbuf_free
<LI><a href="#[1ad]">&gt;&gt;</a>&nbsp;&nbsp;&nbsp;netQPut
</UL>
<BR>[Address Reference Count : 1]<UL><LI> net.o(i.netInit)
</UL>
<P><STRONG><a name="[5b]"></a>netRecvGeneralCallback</STRONG> (Thumb, 28 bytes, Stack size 8 bytes, net.o(i.netRecvGeneralCallback))
<BR><BR>[Stack]<UL><LI>Max Depth = 36<LI>Call Chain = netRecvGeneralCallback &rArr; pbuf_free &rArr; mem_free &rArr; plug_holes
</UL>
<BR>[Calls]<UL><LI><a href="#[133]">&gt;&gt;</a>&nbsp;&nbsp;&nbsp;pbuf_free
<LI><a href="#[1ad]">&gt;&gt;</a>&nbsp;&nbsp;&nbsp;netQPut
</UL>
<BR>[Address Reference Count : 1]<UL><LI> net.o(i.netInit)
</UL>
<P><STRONG><a name="[1af]"></a>netSend</STRONG> (Thumb, 72 bytes, Stack size 32 bytes, net.o(i.netSend))
<BR><BR>[Stack]<UL><LI>Max Depth = 316<LI>Call Chain = netSend &rArr; udp_sendto &rArr; udp_sendto_if &rArr; ip_output_if &rArr; ip_output_if_opt &rArr; ip_frag &rArr; pbuf_alloc &rArr; pbuf_free &rArr; mem_free &rArr; plug_holes
</UL>
<BR>[Calls]<UL><LI><a href="#[133]">&gt;&gt;</a>&nbsp;&nbsp;&nbsp;pbuf_free
<LI><a href="#[13b]">&gt;&gt;</a>&nbsp;&nbsp;&nbsp;pbuf_alloc
<LI><a href="#[1b1]">&gt;&gt;</a>&nbsp;&nbsp;&nbsp;udp_sendto
<LI><a href="#[1b0]">&gt;&gt;</a>&nbsp;&nbsp;&nbsp;pbuf_take
</UL>
<BR>[Called By]<UL><LI><a href="#[165]">&gt;&gt;</a>&nbsp;&nbsp;&nbsp;netSendPeerGeneral
<LI><a href="#[163]">&gt;&gt;</a>&nbsp;&nbsp;&nbsp;netSendPeerEvent
<LI><a href="#[12b]">&gt;&gt;</a>&nbsp;&nbsp;&nbsp;netSendGeneral
<LI><a href="#[192]">&gt;&gt;</a>&nbsp;&nbsp;&nbsp;netSendEvent
</UL>

<P><STRONG><a name="[145]"></a>filter</STRONG> (Thumb, 134 bytes, Stack size 16 bytes, servo.o(i.filter))
<BR><BR>[Stack]<UL><LI>Max Depth = 16<LI>Call Chain = filter
</UL>
<BR>[Calls]<UL><LI><a href="#[146]">&gt;&gt;</a>&nbsp;&nbsp;&nbsp;order
</UL>
<BR>[Called By]<UL><LI><a href="#[167]">&gt;&gt;</a>&nbsp;&nbsp;&nbsp;updatePeerDelay
<LI><a href="#[161]">&gt;&gt;</a>&nbsp;&nbsp;&nbsp;updateOffset
<LI><a href="#[15f]">&gt;&gt;</a>&nbsp;&nbsp;&nbsp;updateDelay
</UL>

<P><STRONG><a name="[146]"></a>order</STRONG> (Thumb, 16 bytes, Stack size 0 bytes, servo.o(i.order))
<BR><BR>[Calls]<UL><LI><a href="#[1b6]">&gt;&gt;</a>&nbsp;&nbsp;&nbsp;floorLog2
</UL>
<BR>[Called By]<UL><LI><a href="#[145]">&gt;&gt;</a>&nbsp;&nbsp;&nbsp;filter
</UL>

<P><STRONG><a name="[f2]"></a>TI1_Config</STRONG> (Thumb, 46 bytes, Stack size 16 bytes, stm32f10x_tim.o(i.TI1_Config))
<BR><BR>[Stack]<UL><LI>Max Depth = 16<LI>Call Chain = TI1_Config
</UL>
<BR>[Called By]<UL><LI><a href="#[7b]">&gt;&gt;</a>&nbsp;&nbsp;&nbsp;TIM_ICInit
</UL>

<P><STRONG><a name="[f4]"></a>TI2_Config</STRONG> (Thumb, 54 bytes, Stack size 20 bytes, stm32f10x_tim.o(i.TI2_Config))
<BR><BR>[Stack]<UL><LI>Max Depth = 20<LI>Call Chain = TI2_Config
</UL>
<BR>[Called By]<UL><LI><a href="#[7b]">&gt;&gt;</a>&nbsp;&nbsp;&nbsp;TIM_ICInit
</UL>

<P><STRONG><a name="[ff]"></a>_printf_core</STRONG> (Thumb, 748 bytes, Stack size 96 bytes, printf6.o(i._printf_core), UNUSED)
<BR><BR>[Calls]<UL><LI><a href="#[100]">&gt;&gt;</a>&nbsp;&nbsp;&nbsp;_printf_pre_padding
<LI><a href="#[102]">&gt;&gt;</a>&nbsp;&nbsp;&nbsp;_printf_post_padding
<LI><a href="#[101]">&gt;&gt;</a>&nbsp;&nbsp;&nbsp;__aeabi_uidivmod
</UL>
<BR>[Called By]<UL><LI><a href="#[fe]">&gt;&gt;</a>&nbsp;&nbsp;&nbsp;__0sprintf$6
</UL>

<P><STRONG><a name="[102]"></a>_printf_post_padding</STRONG> (Thumb, 36 bytes, Stack size 24 bytes, printf6.o(i._printf_post_padding), UNUSED)
<BR><BR>[Called By]<UL><LI><a href="#[ff]">&gt;&gt;</a>&nbsp;&nbsp;&nbsp;_printf_core
</UL>

<P><STRONG><a name="[100]"></a>_printf_pre_padding</STRONG> (Thumb, 46 bytes, Stack size 24 bytes, printf6.o(i._printf_pre_padding), UNUSED)
<BR><BR>[Called By]<UL><LI><a href="#[ff]">&gt;&gt;</a>&nbsp;&nbsp;&nbsp;_printf_core
</UL>

<P><STRONG><a name="[54]"></a>_sputc</STRONG> (Thumb, 10 bytes, Stack size 0 bytes, printf6.o(i._sputc))
<BR><BR>[Called By]<UL><LI><a href="#[fe]">&gt;&gt;</a>&nbsp;&nbsp;&nbsp;__0sprintf$6
</UL>
<BR>[Address Reference Count : 1]<UL><LI> printf6.o(i.__0sprintf$6)
</UL><P>
<H3>
Undefined Global Symbols
</H3><HR></body></html>
