<html>
<body>
<pre>
<h1>礦ision Build Log</h1>
<h2>Tool Versions:</h2>
IDE-Version: μVision V5.21.1.0
Copyright (C) 2016 ARM Ltd and ARM Germany GmbH. All rights reserved.
License Information: datou datou, xh, LIC=IK12Z-JI0E0-W2HLL-0770D-E3BTD-37MKW
 
Tool Versions:
Toolchain:       MDK-ARM Plus  Version: 5.21a
Toolchain Path:  D:\Software\MDK5\ARM\ARMCC\Bin
C Compiler:      Armcc.exe V5.06 update 3 (build 300)
Assembler:       Armasm.exe V5.06 update 3 (build 300)
Linker/Locator:  ArmLink.exe V5.06 update 3 (build 300)
Library Manager: ArmAr.exe V5.06 update 3 (build 300)
Hex Converter:   FromElf.exe V5.06 update 3 (build 300)
CPU DLL:         SARMCM3.DLL V5.21a
Dialog DLL:      DCM.DLL V1.13.8.0
Target DLL:      Segger\JL2CM3.dll V2.99.23.0
Dialog DLL:      TCM.DLL V1.14.14.0
 
<h2>Project:</h2>
C:\Users\datou\Desktop\EONR\F407_PTP_SNTP V1.1.1-NTP - 副本\Project\LWIP.uvprojx
Project File Date:  09/25/2018

<h2>Output:</h2>
*** Using Compiler 'V5.06 update 3 (build 300)', folder: 'D:\Software\MDK5\ARM\ARMCC\Bin'
Build target 'Target 1'
compiling timer.c...
..\USER\LWIP_APP\timer.c(141): warning:  #177-D: variable "TIM_TimeBaseStructure" was declared but never referenced
  	TIM_TimeBaseInitTypeDef TIM_TimeBaseStructure;
..\USER\LWIP_APP\timer.c: 1 warning, 0 errors
linking...
Program Size: Code=33356 RO-data=556 RW-data=340 ZI-data=48100  
FromELF: creating hex file...
".\OBJ\LWIP.axf" - 0 Error(s), 1 Warning(s).

<h2>Software Packages used:</h2>

Package Vendor: ARM
                http://www.keil.com/pack/ARM.CMSIS.4.5.0.pack
                ARM::CMSIS:DSP:1.4.6
                CMSIS (Cortex Microcontroller Software Interface Standard)
   * Component: DSP Version: 1.4.6
   * Component: CORE Version: 4.3.0

<h2>Collection of Component include folders:</h2>
  C:\Users\datou\Desktop\EONR\F407_PTP_SNTP V1.1.1-NTP - 副本\Project\RTE
  D:\Software\MDK5\ARM\PACK\ARM\CMSIS\4.5.0\CMSIS\Include
  D:\Software\MDK5\ARM\PACK\Keil\STM32F1xx_DFP\2.2.0\Device\Include

<h2>Collection of Component Files used:</h2>

   * Component: ARM::CMSIS:DSP:1.4.6
      Include file:  CMSIS\Include\arm_math.h
      Library file:  CMSIS\Lib\ARM\arm_cortexM3l_math.lib

   * Component: ARM::CMSIS:CORE:4.3.0
Build Time Elapsed:  00:00:02
</pre>
</body>
</html>
